[
  {
    "id": "PHI-R1",
    "status": "CLOSED_FOR_ORIGINAL_REPRODUCERS",
    "native_production_rows": 6,
    "maximum_relative_error": 8.498353220547801e-16,
    "all_within_1e-12": true
  },
  {
    "id": "PHI-R2",
    "status": "CLOSED_FOR_ORIGINAL_REPRODUCERS",
    "native_production_rows": 20,
    "maximum_relative_error": 3.9270253872305477e-16,
    "all_within_1e-12": true
  },
  {
    "id": "R2-POL-01",
    "status": "CLOSED_FOR_ORIGINAL_REPRODUCER",
    "evidence": "EXACT_ORACLES.json#/other_oracles",
    "consumer_regression": "repository r2_output_budget_contracts; execution is owned by runtime lane"
  }
]
