   Compiling num-traits v0.2.19
   Compiling num-complex v0.4.6
   Compiling pulp v0.22.3
   Compiling gemm-common v0.19.0
   Compiling serde_core v1.0.229
   Compiling getrandom v0.3.4
   Compiling zerocopy v0.8.56
   Compiling nano-gemm-c64 v0.2.1
   Compiling nano-gemm-c32 v0.2.1
   Compiling gemm-f64 v0.19.0
   Compiling gemm-c32 v0.19.0
   Compiling gemm-c64 v0.19.0
   Compiling gemm-f32 v0.19.0
   Compiling qd v0.8.0
   Compiling faer-traits v0.24.0
   Compiling gemm v0.19.0
   Compiling rand_core v0.9.5
   Compiling nano-gemm v0.2.2
   Compiling serde v1.0.229
   Compiling ppv-lite86 v0.2.21
   Compiling serde_json v1.0.151
   Compiling faer v0.24.4
   Compiling rodas5p-core v0.1.0 (/workspace/scratch/0dc1e721cf82/vigilode/crates/rodas5p-core)
   Compiling rand_chacha v0.9.0
   Compiling rodas5p-integrators v0.1.0 (/workspace/scratch/0dc1e721cf82/vigilode/crates/rodas5p-integrators)
   Compiling rand v0.9.5
