    Finished `test` profile [unoptimized + debuginfo] target(s) in 0.08s
     Running unittests src/main.rs (target/debug/deps/rodas5p-623c9cc285375a73)

running 4 tests
test unified_assessment_tests::document_status_exposes_uncertified_reference_rows ... ok
test unified_assessment_tests::nonlinear_batch_depth_advantage_does_not_replace_wall_speedup ... ok
test unified_assessment_tests::tier_l_promotion_requires_the_locked_fifteen_percent_wall_speedup ... ok
test unified_assessment_tests::linear_candidate_id_covers_every_strict_cell ... ok

test result: ok. 4 passed; 0 failed; 0 ignored; 0 measured; 0 filtered out; finished in 0.00s

     Running unittests src/bin/allocation_audit.rs (target/debug/deps/rodas5p_allocation_audit-776f0e7fb22a042f)

running 0 tests

test result: ok. 0 passed; 0 failed; 0 ignored; 0 measured; 0 filtered out; finished in 0.00s

     Running tests/allocation_cli_contracts.rs (target/debug/deps/allocation_cli_contracts-500cd50f791b0055)

running 1 test
test allocation_audit_reports_end_to_end_solver_allocations_and_work ... ok

test result: ok. 1 passed; 0 failed; 0 ignored; 0 measured; 0 filtered out; finished in 1.49s

     Running tests/cli_contracts.rs (target/debug/deps/cli_contracts-4023c0244c1fbfc9)

running 22 tests
test early_flow_defect_fields_are_backward_compatible_and_legacy_rows_fail_closed ... ok
test generic_policy_redesign_actual_prefix_command_is_registered ... ok
test generic_policy_redesign_atlas_command_is_registered ... ok
test generic_policy_redesign_attempt_trace_command_is_registered ... ok
test generic_policy_redesign_level2_prefix_command_is_registered ... ok
test generic_q1_q2_gate_is_deterministic_and_strictly_matrix_free ... ok
test adaptive_global_error_command_emits_current_family_report ... ok
test homotopy_design_check_is_deterministic_and_exposes_required_screens ... ok
test generic_q1_q2_adaptive_cli_emits_bounded_decision_report ... ok
test global_error_pareto_command_emits_deterministic_method_independent_report ... ok
test early_defect_attempt_geometry_cli_is_threshold_free_and_machine_readable ... ok
test homotopy_path_controller_cli_is_deterministic_and_emits_schedule_telemetry ... ok
test homotopy_rhs_telemetry_cli_is_deterministic_and_read_only ... ok
test native_integrator_gates_command_emits_deterministic_bdf_and_radau_rows ... ok
test homotopy_experiment_screen_emits_deterministic_safety_and_control_rows ... ok
test stage_batch_feasibility_cli_emits_deterministic_within_step_report ... ok
test tolerance_scaled_early_defect_cli_is_threshold_free_and_machine_readable ... ok
test stage_growth_safety_audit_cli_emits_explicit_budget_and_audit_fields ... ok
test validate_trace_and_benchmark_commands_emit_machine_readable_artifacts ... ok
test homotopy_order_policy_screen_is_deterministic_and_thread_count_independent ... ok
test unified_candidate_screen_combines_linear_and_nonlinear_tiers ... ok
test matrix_free_common_w_cli_emits_strict_jf_report ... ok

test result: ok. 22 passed; 0 failed; 0 ignored; 0 measured; 0 filtered out; finished in 26.85s

     Running unittests src/lib.rs (target/debug/deps/rodas5p_core-d809d9e3af50e89e)

running 0 tests

test result: ok. 0 passed; 0 failed; 0 ignored; 0 measured; 0 filtered out; finished in 0.00s

     Running tests/allocation_contracts.rs (target/debug/deps/allocation_contracts-f287b0f804344028)

running 1 test
test shifted_operator_apply_is_allocation_free_after_construction ... ok

test result: ok. 1 passed; 0 failed; 0 ignored; 0 measured; 0 filtered out; finished in 0.00s

     Running tests/core_contracts.rs (target/debug/deps/core_contracts-446297fe57af8f05)

running 7 tests
test dense_matrix_matvec_is_row_major_and_exact_for_small_case ... ok
test linear_operator_default_row_application_preserves_order ... ok
test linear_operator_row_application_rejects_ragged_shapes ... ok
test safe_l2_handles_extreme_scale ... ok
test wrms_matches_definition ... ok
test direct_solve_agrees_with_known_solution ... ok
test coefficient_transform_preserves_rodas5p_structure ... ok

test result: ok. 7 passed; 0 failed; 0 ignored; 0 measured; 0 filtered out; finished in 0.00s

     Running tests/fused_phi_contracts.rs (target/debug/deps/fused_phi_contracts-bc4485c0308048ad)

running 2 tests
test fused_dense_action_handles_only_b0 ... ok
test fused_dense_action_matches_separate_phi_actions ... ok

test result: ok. 2 passed; 0 failed; 0 ignored; 0 measured; 0 filtered out; finished in 0.00s

     Running tests/matrix_function_contracts.rs (target/debug/deps/matrix_function_contracts-ef0eee07e09b480d)

running 3 tests
test pade13_matches_scalar_exponential_across_stiff_scales ... ok
test dense_phi_action_satisfies_matrix_recurrence ... ok
test dense_phi_action_matches_scalar_values ... ok

test result: ok. 3 passed; 0 failed; 0 ignored; 0 measured; 0 filtered out; finished in 0.00s

     Running tests/work_counter_contracts.rs (target/debug/deps/work_counter_contracts-48f19a38b40e1240)

running 1 test
test work_counters_accumulate_componentwise_and_saturate ... ok

test result: ok. 1 passed; 0 failed; 0 ignored; 0 measured; 0 filtered out; finished in 0.00s

     Running unittests src/lib.rs (target/debug/deps/rodas5p_fair_ab-18d962d087be0e6e)

running 0 tests

test result: ok. 0 passed; 0 failed; 0 ignored; 0 measured; 0 filtered out; finished in 0.00s

     Running tests/adaptive_global_error_contracts.rs (target/debug/deps/adaptive_global_error_contracts-8a58bbe9aabe8db8)

running 3 tests
test g1_adaptive_screen_is_limited_to_the_transactional_decision_set ... ok
test adaptive_screen_covers_every_current_family_and_preserves_every_run_row ... ok
test adaptive_screen_is_scientifically_identical_in_one_and_four_threads ... ok

test result: ok. 3 passed; 0 failed; 0 ignored; 0 measured; 0 filtered out; finished in 0.37s

     Running tests/fair_ab_contracts.rs (target/debug/deps/fair_ab_contracts-898f3d058000f691)

running 6 tests
test external_certificate_and_hard_budget_cover_diagnostic_work ... ok
test deterministic_trace_roundtrip_preserves_every_identity ... ok
test recycle_reset_preserves_solver_workspace_but_clears_algorithmic_state ... ok
test every_rust_solver_consumes_the_same_immutable_trace_and_certifies_residuals ... ok
test recycle_lifetimes_have_distinct_and_auditable_reset_semantics ... ok
test comparison_randomizes_order_but_keeps_paired_trace_identity ... ok

test result: ok. 6 passed; 0 failed; 0 ignored; 0 measured; 0 filtered out; finished in 2.15s

     Running tests/global_error_contracts.rs (target/debug/deps/global_error_contracts-60298e055f1b9452)

running 5 tests
test pareto_and_target_selection_preserve_failures_and_choose_true_nondominated_points ... ok
test exact_and_known_perturbed_trajectories_have_expected_external_errors ... ok
test common_grid_rejects_missing_output_times_instead_of_interpolating ... ok
test pareto_screen_stores_only_common_outputs_and_reports_step_clipping_protocol ... ok
test fixed_anchor_screen_is_thread_deterministic_and_exposes_all_five_candidates ... ok

test result: ok. 5 passed; 0 failed; 0 ignored; 0 measured; 0 filtered out; finished in 0.42s

     Running unittests src/lib.rs (target/debug/deps/rodas5p_integrators-95ab3792184fa669)

running 5 tests
test unified_gates::qualification_tests::qualification_order_ignores_a_roundoff_contaminated_finest_pair ... ok
test unified_gates::qualification_tests::qualification_order_keeps_the_finest_pair_when_it_is_above_roundoff ... ok
test g4_s5b0_regime_atlas::stage_trajectory_geometry_tests::stage_trajectory_shape_matches_power_law_and_rejects_nonpositive_inputs ... ok
test common_w_gate::tests::smoke_matrix_free_solutions_match_offline_materialized_direct_oracle ... ok
test unified_gates::qualification_tests::iterative_sequential_order_rows_survive_roundoff_level_refinement ... ok

test result: ok. 5 passed; 0 failed; 0 ignored; 0 measured; 0 filtered out; finished in 2.52s

     Running tests/adaptive_bdf_contracts.rs (target/debug/deps/adaptive_bdf_contracts-4efddc984d62f2e2)

running 6 tests
test nonuniform_bdf2_coefficients_recover_constant_step_formula ... ok
test nonuniform_bdf2_predictor_uses_the_actual_step_ratio ... ok
test fixed_bdf_step_remains_identical_to_variable_kernel_at_ratio_one ... ok
test variable_bdf2_is_exact_for_a_quadratic_on_unequal_steps ... ok
test adaptive_bdf2_uses_startup_order_then_variable_step_order ... ok
test adaptive_bdf1_is_transactional_and_responds_to_tolerance ... ok

test result: ok. 6 passed; 0 failed; 0 ignored; 0 measured; 0 filtered out; finished in 0.53s

     Running tests/adaptive_controller_contracts.rs (target/debug/deps/adaptive_controller_contracts-5ab5b9613b6ddfc5)

running 4 tests
test adaptive_config_rejects_inconsistent_bounds ... ok
test integral_controller_uses_estimator_order_and_rejection_cap ... ok
test pi_controller_updates_only_after_acceptance ... ok
test step_doubling_returns_fine_path_wrms_error ... ok

test result: ok. 4 passed; 0 failed; 0 ignored; 0 measured; 0 filtered out; finished in 0.00s

     Running tests/adaptive_fused_exponential_contracts.rs (target/debug/deps/adaptive_fused_exponential_contracts-f716af3e000e1499)

running 3 tests
test nonautonomous_time_augmentation_has_exact_rhs_and_jvp ... ok
test incomplete_adaptive_run_preserves_attempted_work_and_partial_output ... ok
test adaptive_fused_parallel_exponential_responds_to_tolerance ... ok

test result: ok. 3 passed; 0 failed; 0 ignored; 0 measured; 0 filtered out; finished in 0.06s

     Running tests/adaptive_homotopy_contracts.rs (target/debug/deps/adaptive_homotopy_contracts-bc6730189b616ac8)

running 2 tests
test adaptive_homotopy_accepts_an_affine_fast_path_on_the_requested_grid ... ok
test adaptive_homotopy_fallback_is_transactional_across_rejections ... ok

test result: ok. 2 passed; 0 failed; 0 ignored; 0 measured; 0 filtered out; finished in 0.03s

     Running tests/adaptive_radau_contracts.rs (target/debug/deps/adaptive_radau_contracts-8bcb1e3d5b17f0c0)

running 2 tests
test adaptive_radau3_uses_sixth_order_step_doubling_estimator ... ok
test adaptive_radau1_is_transactional_and_responds_to_tolerance ... ok

test result: ok. 2 passed; 0 failed; 0 ignored; 0 measured; 0 filtered out; finished in 0.59s

     Running tests/adaptive_rodas_contracts.rs (target/debug/deps/adaptive_rodas_contracts-3312a58dacc90ca6)

running 2 tests
test sabr_legacy_wrapper_matches_common_controller_report_after_rejections ... ok
test sequential_legacy_wrapper_matches_common_controller_report ... ok

test result: ok. 2 passed; 0 failed; 0 ignored; 0 measured; 0 filtered out; finished in 0.14s

     Running tests/common_w_gate_contracts.rs (target/debug/deps/common_w_gate_contracts-2535f6f2b9b7fd0f)

running 2 tests
test block_common_w_rows_use_fewer_block_calls_than_vector_operator_actions ... ok
test smoke_common_w_gate_is_strictly_jacobian_free_and_deterministic ... ok

test result: ok. 2 passed; 0 failed; 0 ignored; 0 measured; 0 filtered out; finished in 51.34s

     Running tests/early_flow_defect_contracts.rs (target/debug/deps/early_flow_defect_contracts-904de15493ea5640)

running 4 tests
test failed_trial_is_explicitly_unscorable_without_inferred_work_or_eta ... ok
test step_read_only_telemetry_is_bitwise_and_work_counter_neutral ... ok
test telemetry_respects_linear_zero_and_time_augmented_limits ... ok
test adaptive_read_only_mode_preserves_outputs_controller_and_existing_work ... ok

test result: ok. 4 passed; 0 failed; 0 ignored; 0 measured; 0 filtered out; finished in 0.11s

     Running tests/exponential_contracts.rs (target/debug/deps/exponential_contracts-3e4e95c8ecefe692)

running 6 tests
test matrix_free_krylov_matches_dense_nonnormal_phi_action ... ok
test parallel_order_five_method_has_three_level_logical_critical_path ... ok
test pexprb54s4_coefficients_are_exactly_locked ... ok
test parallel_order_five_method_executes_dependency_levels_concurrently ... ok
test exponential_primary_path_builds_no_explicit_jacobian_or_newton_system ... ok
test declared_orders_are_observed_on_nonlinear_problem ... ok

test result: ok. 6 passed; 0 failed; 0 ignored; 0 measured; 0 filtered out; finished in 0.09s

     Running tests/fused_exponential_contracts.rs (target/debug/deps/fused_exponential_contracts-26176dd8ee14480b)

running 2 tests
test fused_parallel_method_uses_five_logical_phi_actions ... ok
test fused_methods_retain_declared_orders ... ok

test result: ok. 2 passed; 0 failed; 0 ignored; 0 measured; 0 filtered out; finished in 0.19s

     Running tests/fused_phi_krylov_contracts.rs (target/debug/deps/fused_phi_krylov_contracts-c76d8ee4c5eaeb56)

running 4 tests
test zero_fused_action_short_circuits_without_operator_work ... ok
test fused_convergence_uses_residual_estimate_not_nested_difference ... ok
test fused_error_estimate_matches_first_arnoldi_term ... ok
test fused_matrix_free_action_matches_dense_oracle ... ok

test result: ok. 4 passed; 0 failed; 0 ignored; 0 measured; 0 filtered out; finished in 0.01s

     Running tests/g1_transactional_gate.rs (target/debug/deps/g1_transactional_gate-1b8ae9e5f78d1ca0)

running 1 test
test canonical_g1_gate_covers_the_declared_generic_families_without_explicit_jacobians ... ok

test result: ok. 1 passed; 0 failed; 0 ignored; 0 measured; 0 filtered out; finished in 2.45s

     Running tests/g2_exponential_gate_contracts.rs (target/debug/deps/g2_exponential_gate_contracts-25c31238a4e399ed)

running 2 tests
test g2_foundation_smoke_closes_coefficient_phi_order_and_structure_gates ... ok
test g2_foundation_report_is_deterministic ... ok

test result: ok. 2 passed; 0 failed; 0 ignored; 0 measured; 0 filtered out; finished in 0.30s

     Running tests/g3_fused_adaptive_gate_contracts.rs (target/debug/deps/g3_fused_adaptive_gate_contracts-f1a087182dcdc550)

running 1 test
test smoke_g3_gate_is_matrix_free_newton_free_and_complete ... ok

test result: ok. 1 passed; 0 failed; 0 ignored; 0 measured; 0 filtered out; finished in 1.33s

     Running tests/g4_prefix_kernel_gate_contracts.rs (target/debug/deps/g4_prefix_kernel_gate_contracts-45d50bc8ec2be925)

running 1 test
test smoke_prefix_kernel_gate_is_read_only_and_reuses_bases_exactly ... ok

test result: ok. 1 passed; 0 failed; 0 ignored; 0 measured; 0 filtered out; finished in 1.14s

     Running tests/g4_s5b0_regime_atlas_contracts.rs (target/debug/deps/g4_s5b0_regime_atlas_contracts-7bda78dcb729aaf3)

running 10 tests
test family_shard_registry_matches_the_six_atlas_families ... ok
test attempt_trace_smoke_reconstructs_committed_rjf_rows_and_retains_trials ... ok
test actual_level1_prefix_runner_is_read_only_and_targets_first_runtime_proposals ... ok
test actual_level2_prefix_runner_is_read_only_and_exposes_later_stage_defects ... ok
test split_profiles_freeze_dimension_and_canonical_tolerances ... ok
test v29_stage_growth_profiles_are_fresh_and_freeze_tolerances ... ok
test v29_stage_growth_safety_audit_is_read_only_budgeted_and_explicit ... ok
test rjf_only_smoke_skips_every_exponential_shadow ... ok
test smoke_atlas_contains_all_transition_families ... ok
test smoke_atlas_is_read_only_and_matrix_free ... ok

test result: ok. 10 passed; 0 failed; 0 ignored; 0 measured; 0 filtered out; finished in 21.12s

     Running tests/g4_s5b3_attempt_geometry_contracts.rs (target/debug/deps/g4_s5b3_attempt_geometry_contracts-3a2c5875d9e5ab44)

running 1 test
test smoke_attempt_geometry_is_read_only_complete_and_threshold_free ... ok

test result: ok. 1 passed; 0 failed; 0 ignored; 0 measured; 0 filtered out; finished in 0.51s

     Running tests/generic_problem_contracts.rs (target/debug/deps/generic_problem_contracts-641c37aa36a41619)

running 2 tests
test robertson_conserves_total_population_and_all_generic_problems_are_matrix_free_capable ... ok
test exact_generic_problems_satisfy_rhs_and_jvp_contracts ... ok

test result: ok. 2 passed; 0 failed; 0 ignored; 0 measured; 0 filtered out; finished in 0.00s

     Running tests/generic_scope_contracts.rs (target/debug/deps/generic_scope_contracts-4e70a6b7f32c1340)

running 3 tests
test required_vectorized_jf_modules_exist_in_the_generic_base ... ok
test bdf_and_radau_remain_byte_frozen_comparators ... ok
test generic_solver_core_does_not_embed_physical_client_bindings ... ok

test result: ok. 3 passed; 0 failed; 0 ignored; 0 measured; 0 filtered out; finished in 0.07s

     Running tests/homotopy_numerical_contracts.rs (target/debug/deps/homotopy_numerical_contracts-8774b37eb3bfb33e)

running 6 tests
test manufactured_mass_problem_has_noncommuting_structure_and_exact_rhs ... ok
test nonlinear_output_certificate_reduces_to_the_affine_exact_correction ... ok
test partial_linear_decomposition_matches_the_protected_block_operator ... ok
test fixed_homotopy_path_validates_schedule_and_reaches_the_affine_q7_endpoint ... ok
test homotopy_step_accepts_the_affine_oracle_and_falls_back_transactionally ... ok
test low_depth_homotopy_paths_remain_finite_and_expose_a_residual_hierarchy ... ok

test result: ok. 6 passed; 0 failed; 0 ignored; 0 measured; 0 filtered out; finished in 0.01s

     Running tests/homotopy_path_controller_contracts.rs (target/debug/deps/homotopy_path_controller_contracts-184c215a7b259370)

running 7 tests
test schedule_contract_accepts_a_monotone_three_round_path ... ok
test schedule_contract_rejects_invalid_round_parameters ... ok
test schedule_contract_rejects_nonmonotone_or_incomplete_lambda_paths ... ok
test scheduled_path_preserves_partial_points_and_work_on_numerical_failure ... ok
test scheduled_fixed_parameters_reproduce_the_existing_fixed_path ... ok
test path_controller_separates_algebraic_path_success_from_timestep_acceptance ... ok
test path_controller_smoke_report_is_deterministic_and_preserves_controls ... ok

test result: ok. 7 passed; 0 failed; 0 ignored; 0 measured; 0 filtered out; finished in 0.19s

     Running tests/homotopy_policy_contracts.rs (target/debug/deps/homotopy_policy_contracts-9fc6fd0aa9f7a30f)

running 8 tests
test output_budget_policies_match_dimensionless_formulas ... ok
test homotopy_step_config_preserves_absolute_constructor_and_accepts_policy ... ok
test output_budget_policies_reject_invalid_parameters ... ok
test local_rayon_execution_matches_sequential_ordered_results ... ok
test parallel_execution_mutates_outputs_in_order_without_intermediate_results ... ok
test order_policy_screen_keeps_the_protected_sequential_fifth_order_gate ... ok
test policy_replay_split_is_disjoint_and_rayon_scientific_output_is_deterministic ... ok
test trajectory_gate_false_accepts_are_scoped_to_the_matching_path_configuration ... ok

test result: ok. 8 passed; 0 failed; 0 ignored; 0 measured; 0 filtered out; finished in 48.83s

     Running tests/homotopy_research_contracts.rs (target/debug/deps/homotopy_research_contracts-a58f81123bcecf57)

running 6 tests
test low_depth_truncation_exposes_unpropagated_stage_chain ... ok
test full_nilpotent_inverse_matches_direct_path_solve_for_noncommuting_mass_and_jacobian ... ok
test original_output_certificate_matches_an_exact_affine_target_correction ... ok
test original_output_certificate_rejects_invalid_vectors_and_scales ... ok
test partial_coupling_parameters_and_oracle_shapes_are_validated ... ok
test affine_partial_coupling_endpoints_and_flrh_limit_hold ... ok

test result: ok. 6 passed; 0 failed; 0 ignored; 0 measured; 0 filtered out; finished in 0.01s

     Running tests/integrator_contracts.rs (target/debug/deps/integrator_contracts-8d7fc65d241b266d)

running 5 tests
test fixed_step_sequential_rodas5p_is_fifth_order ... ok
test scalar_linear_step_matches_exact_solution ... ok
test adaptive_solver_rejects_overflowing_trial_and_recovers ... ok
test sabr_affine_fast_path_and_transactional_fallback_are_both_exercised ... ok
test rust_krylov_stage_solvers_match_the_same_direct_rodas5p_oracle ... ok

test result: ok. 5 passed; 0 failed; 0 ignored; 0 measured; 0 filtered out; finished in 0.18s

     Running tests/matrix_free_problem_contracts.rs (target/debug/deps/matrix_free_problem_contracts-c751794813edfc09)

running 2 tests
test supplied_jvp_matches_the_explicit_jacobian_action ... ok
test jvp_only_clone_hides_explicit_jacobian_and_builds_matrix_free_shifted_operator ... ok

test result: ok. 2 passed; 0 failed; 0 ignored; 0 measured; 0 filtered out; finished in 0.00s

     Running tests/native_candidate_contracts.rs (target/debug/deps/native_candidate_contracts-11939019d9239294)

running 2 tests
test catalog_registers_four_native_implicit_anchors_and_keeps_production_variants_deferred ... ok
test native_integrator_gate_executes_order_stiff_and_mass_checks_deterministically ... ok

test result: ok. 2 passed; 0 failed; 0 ignored; 0 measured; 0 filtered out; finished in 0.06s

     Running tests/native_implicit_contracts.rs (target/debug/deps/native_implicit_contracts-f5921bb1865fab47)

running 8 tests
test dense_newton_accepts_an_exact_linear_correction_without_a_redundant_second_factorization ... ok
test bdf1_matches_the_exact_scalar_amplification_factor ... ok
test dense_newton_solves_scalar_root_and_counts_every_operation ... ok
test bdf_mass_matrix_path_is_accurate_and_failure_is_transactional ... ok
test radau_iia3_tableau_is_exactly_consistent_and_stiffly_accurate ... ok
test radau_iia3_matches_stability_function_and_mass_matrix_reference ... ok
test bdf2_uses_bdf1_startup_then_is_second_order ... ok
test radau_iia1_matches_bdf1_and_radau_iia3_is_fifth_order ... ok

test result: ok. 8 passed; 0 failed; 0 ignored; 0 measured; 0 filtered out; finished in 0.01s

     Running tests/output_observer_contracts.rs (target/debug/deps/output_observer_contracts-219264eb42ef11a9)

running 3 tests
test all_fixed_anchor_families_land_on_the_same_requested_grid ... ok
test requested_output_schedule_removes_internal_step_storage_without_changing_states ... ok
test adaptive_observer_keeps_only_requested_outputs_across_retries_and_clips ... ok

test result: ok. 3 passed; 0 failed; 0 ignored; 0 measured; 0 filtered out; finished in 0.06s

     Running tests/p1_00_tolerance_scaled_attempt_geometry_contracts.rs (target/debug/deps/p1_00_tolerance_scaled_attempt_geometry_contracts-fc870ebb264b6ceb)

running 1 test
test smoke_tolerance_scaled_geometry_is_read_only_complete_and_threshold_free ... ok

test result: ok. 1 passed; 0 failed; 0 ignored; 0 measured; 0 filtered out; finished in 0.51s

     Running tests/pexprb_level1_prefix_contracts.rs (target/debug/deps/pexprb_level1_prefix_contracts-dcf9623206ce7411)

running 1 test
test level1_prefix_is_resumable_without_repeating_work_and_matches_one_shot_step ... ok

test result: ok. 1 passed; 0 failed; 0 ignored; 0 measured; 0 filtered out; finished in 0.01s

     Running tests/pexprb_level2_prefix_contracts.rs (target/debug/deps/pexprb_level2_prefix_contracts-a4d85a81e7be829d)

running 1 test
test level2_prefix_is_resumable_without_repeating_level1_or_level2_work ... ok

test result: ok. 1 passed; 0 failed; 0 ignored; 0 measured; 0 filtered out; finished in 0.01s

     Running tests/policy_redesign_v25_contracts.rs (target/debug/deps/policy_redesign_v25_contracts-4f148124df21709b)

running 4 tests
test causal_features_use_rjf_data_only_and_have_fixed_orientation ... ok
test prefix_budget_enforces_prospective_pathwise_bound ... ok
test research_action_space_has_no_e_continuation_variant ... ok
test persistence_latch_fires_once_per_true_excursion ... ok

test result: ok. 4 passed; 0 failed; 0 ignored; 0 measured; 0 filtered out; finished in 0.00s

     Running tests/prefix_phi_contracts.rs (target/debug/deps/prefix_phi_contracts-2e0f188cc2542201)

running 1 test
test fused_phi_prefix_resume_matches_cold_incremental_path ... ok

test result: ok. 1 passed; 0 failed; 0 ignored; 0 measured; 0 filtered out; finished in 0.01s

     Running tests/rhs_telemetry_contracts.rs (target/debug/deps/rhs_telemetry_contracts-5db74446721f0c66)

running 5 tests
test rhs_telemetry_principal_angles_distinguish_same_and_rotated_subspaces ... ok
test rhs_telemetry_detects_rank_and_dispatch_regimes ... ok
test telemetry_drift_compares_only_semantically_matching_batches ... ok
test smoke_rhs_telemetry_screen_is_deterministic_and_covers_low_q_and_sabr ... ok
test canonical_rhs_telemetry_preserves_hostile_path_failures_instead_of_aborting ... ok

test result: ok. 5 passed; 0 failed; 0 ignored; 0 measured; 0 filtered out; finished in 8.88s

     Running tests/stage_batch_contracts.rs (target/debug/deps/stage_batch_contracts-071246ea0f382559)

running 4 tests
test shared_operator_rows_are_identical_for_sequential_and_stage_parallel_execution ... ok
test failed_parallel_rhs_batch_preserves_attempted_work_accounting ... ok
test local_rayon_pool_executes_rhs_rows_concurrently_and_preserves_order ... ok
test smoke_feasibility_report_is_deterministic_and_covers_all_required_kernels ... ok

test result: ok. 4 passed; 0 failed; 0 ignored; 0 measured; 0 filtered out; finished in 0.15s

     Running tests/tolerance_scaled_early_defect_contracts.rs (target/debug/deps/tolerance_scaled_early_defect_contracts-653fc09a1a7e6ee1)

running 3 tests
test tolerance_scaled_score_matches_sealed_stage_wrms_formula_and_is_numerically_neutral ... ok
test tolerance_scaled_score_breaks_the_raw_cross_tolerance_degeneracy_directionally ... ok
test adaptive_tolerance_scaled_telemetry_preserves_controller_outputs_and_existing_work ... ok

test result: ok. 3 passed; 0 failed; 0 ignored; 0 measured; 0 filtered out; finished in 0.11s

     Running tests/transactional_q1_q2_adaptive.rs (target/debug/deps/transactional_q1_q2_adaptive-78549dcc6480148f)

running 2 tests
test adaptive_rejections_do_not_commit_outputs_or_hide_attempted_work ... ok
test adaptive_transactional_lane_reaches_the_scalar_endpoint_without_explicit_jacobian ... ok

test result: ok. 2 passed; 0 failed; 0 ignored; 0 measured; 0 filtered out; finished in 0.01s

     Running tests/transactional_q1_q2_contracts.rs (target/debug/deps/transactional_q1_q2_contracts-608c3935c536938c)

running 5 tests
test q1_fast_lane_uses_six_common_w_batches ... ok
test strict_matrix_free_contract_rejects_a_problem_without_jvp ... ok
test affine_scalar_path_is_accepted_without_explicit_jacobian_or_newton ... ok
test q1_failure_preserves_speculative_work_before_escalation_or_fallback ... ok
test actual_transactional_path_retains_fifth_order_on_the_mild_pr_problem ... ok

test result: ok. 5 passed; 0 failed; 0 ignored; 0 measured; 0 filtered out; finished in 0.19s

     Running tests/unified_candidate_contracts.rs (target/debug/deps/unified_candidate_contracts-c8397dca41a106c7)

running 13 tests
test protected_oracle_fallback_can_certify_research_output_when_c3_exhausts ... ok
test c3_budget_pass_does_not_override_an_independent_candidate_rejection ... ok
test reference_budget_pass_does_not_override_an_independent_candidate_rejection ... ok
test uncertified_unified_candidate_row_requires_an_explicit_decision_reason ... ok
test unified_candidate_row_rejects_certified_failure_state ... ok
test catalog_exposes_all_current_and_deferred_candidate_families ... ok
test refined_root_certificate_accepts_an_already_converged_protected_stage_vector ... ok
test nonlinear_reference_certification_exposes_first_correction_underestimate ... ok
test unified_screen_applies_the_same_c3_output_budget_to_every_nonlinear_candidate ... ok
test unified_smoke_screen_is_scientifically_identical_across_one_and_four_threads ... ok
test unified_smoke_screen_runs_all_current_nonlinear_families_against_one_oracle ... ok
test unified_scientific_gates_distinguish_protected_fifth_order_from_low_order_fast_path ... ok
test unified_scientific_gates_are_thread_deterministic ... ok

test result: ok. 13 passed; 0 failed; 0 ignored; 0 measured; 0 filtered out; finished in 25.37s

     Running tests/vector_remainder_geometry_contracts.rs (target/debug/deps/vector_remainder_geometry_contracts-0d9a2d4f6695b1cd)

running 4 tests
test vector_remainder_geometry_rejects_invalid_component_contracts ... ok
test vector_remainder_geometry_recovers_collinear_orthogonal_and_antiparallel_limits ... ok
test vector_remainder_geometry_is_fail_closed_for_zero_norm_and_nonfinite_inputs ... ok
test vector_remainder_geometry_excludes_trailing_clock_components ... ok

test result: ok. 4 passed; 0 failed; 0 ignored; 0 measured; 0 filtered out; finished in 0.00s

     Running unittests src/lib.rs (target/debug/deps/rodas5p_krylov-2f5a09850eb4053d)

running 0 tests

test result: ok. 0 passed; 0 failed; 0 ignored; 0 measured; 0 filtered out; finished in 0.00s

     Running tests/block_gmres_contracts.rs (target/debug/deps/block_gmres_contracts-037455f5ebfec39f)

running 6 tests
test block_gmres_rejects_ragged_rhs_without_counting_a_solve ... ok
test exhausted_block_gmres_retains_attempted_work_counters ... ok
test block_gmres_solves_multiple_rhs_through_block_operator_calls ... ok
test block_gmres_deflates_linearly_dependent_rhs ... ok
test block_gmres_does_not_false_converge_on_small_nonzero_rhs ... ok
test seeded_shared_basis_refines_all_rhs_to_the_same_true_residual_contract ... ok

test result: ok. 6 passed; 0 failed; 0 ignored; 0 measured; 0 filtered out; finished in 0.00s

     Running tests/krylov_contracts.rs (target/debug/deps/krylov_contracts-0165e5093c91f686)

running 6 tests
test gcrodr_handles_one_dimensional_recycle_updates_without_panicking ... ok
test gmres_uses_the_same_jacobi_preconditioner_contract ... ok
test lgmres_commits_state_only_after_a_certified_solve ... ok
test restarted_gmres_matches_direct_solution_and_certifies_true_residual ... ok
test gcrodr_cross_operator_refresh_remains_scale_invariant ... ok
test gcrodr_preserves_bu_equals_c_and_refreshes_changed_operator ... ok

test result: ok. 6 passed; 0 failed; 0 ignored; 0 measured; 0 filtered out; finished in 0.00s

     Running tests/prefix_contracts.rs (target/debug/deps/prefix_contracts-b63cdb1d0a6c4a15)

running 1 test
test gmres_prefix_resume_matches_cold_incremental_path ... ok

test result: ok. 1 passed; 0 failed; 0 ignored; 0 measured; 0 filtered out; finished in 0.03s

     Running tests/workspace_allocation_contracts.rs (target/debug/deps/workspace_allocation_contracts-c97779c084fd19a7)

running 1 test
test warmed_gmres_workspace_reduces_heap_allocations_without_changing_operator_work ... ok

test result: ok. 1 passed; 0 failed; 0 ignored; 0 measured; 0 filtered out; finished in 0.01s

     Running tests/workspace_contracts.rs (target/debug/deps/workspace_contracts-707872c7b11dd80e)

running 1 test
test reusable_workspaces_preserve_all_three_solver_contracts ... ok

test result: ok. 1 passed; 0 failed; 0 ignored; 0 measured; 0 filtered out; finished in 0.04s

