== vector geometry ==
    Finished `test` profile [unoptimized + debuginfo] target(s) in 0.06s
     Running tests/vector_remainder_geometry_contracts.rs (target/debug/deps/vector_remainder_geometry_contracts-5e76f8a3f478704c)

running 4 tests
test vector_remainder_geometry_excludes_trailing_clock_components ... ok
test vector_remainder_geometry_rejects_invalid_component_contracts ... ok
test vector_remainder_geometry_is_fail_closed_for_zero_norm_and_nonfinite_inputs ... ok
test vector_remainder_geometry_recovers_collinear_orthogonal_and_antiparallel_limits ... ok

test result: ok. 4 passed; 0 failed; 0 ignored; 0 measured; 0 filtered out; finished in 0.00s

== level2 prefix ==
   Compiling rodas5p-integrators v0.1.0 (/mnt/data/GVJF_V31_WORK_20260818/repo/crates/rodas5p-integrators)
    Finished `test` profile [unoptimized + debuginfo] target(s) in 0.49s
     Running tests/pexprb_level2_prefix_contracts.rs (target/debug/deps/pexprb_level2_prefix_contracts-29fd6d29d80c4269)

running 1 test
test level2_prefix_is_resumable_without_repeating_level1_or_level2_work ... ok

test result: ok. 1 passed; 0 failed; 0 ignored; 0 measured; 0 filtered out; finished in 0.01s

== early defect ==
   Compiling rodas5p-integrators v0.1.0 (/mnt/data/GVJF_V31_WORK_20260818/repo/crates/rodas5p-integrators)
    Finished `test` profile [unoptimized + debuginfo] target(s) in 0.50s
     Running tests/early_flow_defect_contracts.rs (target/debug/deps/early_flow_defect_contracts-5619c50d17e03def)

running 4 tests
test failed_trial_is_explicitly_unscorable_without_inferred_work_or_eta ... ok
test step_read_only_telemetry_is_bitwise_and_work_counter_neutral ... ok
test telemetry_respects_linear_zero_and_time_augmented_limits ... ok
test adaptive_read_only_mode_preserves_outputs_controller_and_existing_work ... ok

test result: ok. 4 passed; 0 failed; 0 ignored; 0 measured; 0 filtered out; finished in 0.11s

== tolerance scaled ==
   Compiling rodas5p-integrators v0.1.0 (/mnt/data/GVJF_V31_WORK_20260818/repo/crates/rodas5p-integrators)
    Finished `test` profile [unoptimized + debuginfo] target(s) in 0.59s
     Running tests/tolerance_scaled_early_defect_contracts.rs (target/debug/deps/tolerance_scaled_early_defect_contracts-27b444e37ada5022)

running 3 tests
test tolerance_scaled_score_breaks_the_raw_cross_tolerance_degeneracy_directionally ... ok
test tolerance_scaled_score_matches_sealed_stage_wrms_formula_and_is_numerically_neutral ... ok
test adaptive_tolerance_scaled_telemetry_preserves_controller_outputs_and_existing_work ... ok

test result: ok. 3 passed; 0 failed; 0 ignored; 0 measured; 0 filtered out; finished in 0.13s

== regime atlas target ==
    Finished `test` profile [unoptimized + debuginfo] target(s) in 0.07s
     Running tests/g4_s5b0_regime_atlas_contracts.rs (target/debug/deps/g4_s5b0_regime_atlas_contracts-ea069ea8e081125d)

running 1 test
test v29_stage_growth_safety_audit_is_read_only_budgeted_and_explicit ... ok

test result: ok. 1 passed; 0 failed; 0 ignored; 0 measured; 9 filtered out; finished in 1.91s

== fmt ==
