    Checking libm v0.2.16
    Checking libc v0.2.189
    Checking dyn-stack v0.13.2
    Checking generic-array v0.14.7
    Checking nano-gemm-f32 v0.2.1
    Checking block-buffer v0.10.4
    Checking crypto-common v0.1.7
    Checking nano-gemm-f64 v0.2.1
    Checking num-traits v0.2.19
    Checking num_cpus v1.17.0
    Checking equator v0.2.2
    Checking crossbeam-utils v0.8.22
    Checking num-complex v0.4.6
    Checking equator v0.6.0
    Checking crossbeam-epoch v0.9.20
    Checking private-gemm-x86 v0.1.20
    Checking pulp v0.22.3
    Checking nano-gemm-c32 v0.2.1
    Checking gemm-common v0.19.0
    Checking gemm-c64 v0.19.0
    Checking gemm-c32 v0.19.0
    Checking gemm-f64 v0.19.0
    Checking gemm-f32 v0.19.0
    Checking qd v0.8.0
    Checking nano-gemm-c64 v0.2.1
    Checking faer-traits v0.24.0
    Checking gemm v0.19.0
    Checking digest v0.10.7
    Checking zmij v1.0.23
    Checking sha2 v0.10.9
    Checking thiserror v2.0.19
    Checking serde v1.0.229
    Checking serde_json v1.0.151
    Checking crossbeam-deque v0.8.7
    Checking rayon-core v1.13.0
    Checking getrandom v0.3.4
    Checking rayon v1.12.0
    Checking rand_core v0.9.5
    Checking rand_chacha v0.9.0
    Checking rand v0.9.5
    Checking rand_pcg v0.9.0
    Checking clap v4.6.6
    Checking rand_distr v0.5.1
    Checking nano-gemm v0.2.2
    Checking faer v0.24.4
    Checking faer v0.24.4
    Checking rodas5p-core v0.1.0 (/mnt/data/GVJF_V32_WORK_20260818/repo/crates/rodas5p-core)
    Checking rodas5p-krylov v0.1.0 (/mnt/data/GVJF_V32_WORK_20260818/repo/crates/rodas5p-krylov)
    Checking rodas5p-integrators v0.1.0 (/mnt/data/GVJF_V32_WORK_20260818/repo/crates/rodas5p-integrators)
    Checking rodas5p-fair-ab v0.1.0 (/mnt/data/GVJF_V32_WORK_20260818/repo/crates/rodas5p-fair-ab)
    Checking rodas5p-cli v0.1.0 (/mnt/data/GVJF_V32_WORK_20260818/repo/crates/rodas5p-cli)
    Finished `dev` profile [unoptimized + debuginfo] target(s) in 23.88s
