   Compiling num-traits v0.2.19
    Checking cfg-if v1.0.4
    Checking libm v0.2.16
    Checking bytemuck v1.25.2
    Checking bitflags v2.13.1
    Checking pulp-wasm-simd-flag v0.1.1
    Checking raw-cpuid v11.6.0
    Checking reborrow v0.5.5
    Checking libc v0.2.189
    Checking dyn-stack v0.13.2
    Checking once_cell v1.21.4
   Compiling syn v3.0.3
    Checking nano-gemm-core v0.2.1
   Compiling serde_core v1.0.229
    Checking num-complex v0.4.6
    Checking typenum v1.20.1
    Checking pulp v0.22.3
    Checking generic-array v0.14.7
    Checking memchr v2.8.3
    Checking crypto-common v0.1.7
    Checking block-buffer v0.10.4
    Checking nano-gemm-c64 v0.2.1
    Checking nano-gemm-f64 v0.2.1
    Checking nano-gemm-c32 v0.2.1
    Checking gemm-common v0.19.0
    Checking gemm-f32 v0.19.0
    Checking gemm-c32 v0.19.0
    Checking gemm-c64 v0.19.0
    Checking gemm-f64 v0.19.0
    Checking qd v0.8.0
    Checking nano-gemm-f32 v0.2.1
    Checking equator v0.2.2
    Checking crossbeam-utils v0.8.22
    Checking num_cpus v1.17.0
    Checking itoa v1.0.18
    Checking generativity v1.2.1
    Checking equator v0.6.0
    Checking faer-traits v0.24.0
    Checking private-gemm-x86 v0.1.20
    Checking crossbeam-epoch v0.9.20
    Checking gemm v0.19.0
   Compiling thiserror-impl v2.0.19
   Compiling serde_derive v1.0.229
    Checking digest v0.10.7
    Checking zmij v1.0.23
    Checking cpufeatures v0.2.17
    Checking sha2 v0.10.9
    Checking thiserror v2.0.19
    Checking serde_json v1.0.151
    Checking crossbeam-deque v0.8.7
    Checking hex v0.4.3
    Checking rayon-core v1.13.0
    Checking either v1.17.0
    Checking rayon v1.12.0
   Compiling getrandom v0.3.4
   Compiling zerocopy v0.8.56
    Checking rand_core v0.9.5
    Checking serde v1.0.229
    Checking nano-gemm v0.2.2
    Checking utf8parse v0.2.2
    Checking anstyle-parse v1.0.0
    Checking faer v0.24.4
    Checking anstyle-query v1.1.5
    Checking colorchoice v1.0.5
    Checking anstyle v1.0.14
    Checking is_terminal_polyfill v1.70.2
    Checking csv-core v0.1.13
    Checking anstream v1.0.0
    Checking ryu v1.0.23
   Compiling anyhow v1.0.104
   Compiling heck v0.5.0
    Checking strsim v0.11.1
    Checking clap_lex v1.1.0
   Compiling clap_derive v4.6.4
    Checking clap_builder v4.6.6
    Checking csv v1.4.0
    Checking rand_pcg v0.9.0
    Checking clap v4.6.6
    Checking ppv-lite86 v0.2.21
    Checking rand_chacha v0.9.0
    Checking rand v0.9.5
    Checking rand_distr v0.5.1
