   Compiling rodas5p-integrators v0.1.0 (/mnt/data/GVJF_V32_WORK_20260818/repo/crates/rodas5p-integrators)
error[E0609]: no field `quadratic_drift_zeta23` on type `&G4S5B0StageGrowthSafetyRow`
   --> crates/rodas5p-integrators/tests/g4_s5b0_regime_atlas_contracts.rs:435:21
    |
435 |         assert!(row.quadratic_drift_zeta23.is_some());
    |                     ^^^^^^^^^^^^^^^^^^^^^^ unknown field
    |
    = note: available fields are: `trajectory_id`, `family`, `dimension`, `rtol`, `decision_accepted_step` ... and 34 others

error[E0609]: no field `quadratic_drift_zeta34` on type `&G4S5B0StageGrowthSafetyRow`
   --> crates/rodas5p-integrators/tests/g4_s5b0_regime_atlas_contracts.rs:436:21
    |
436 |         assert!(row.quadratic_drift_zeta34.is_some());
    |                     ^^^^^^^^^^^^^^^^^^^^^^ unknown field
    |
    = note: available fields are: `trajectory_id`, `family`, `dimension`, `rtol`, `decision_accepted_step` ... and 34 others

error[E0609]: no field `quadratic_drift_relative` on type `&G4S5B0StageGrowthSafetyRow`
   --> crates/rodas5p-integrators/tests/g4_s5b0_regime_atlas_contracts.rs:437:21
    |
437 |         assert!(row.quadratic_drift_relative.is_some());
    |                     ^^^^^^^^^^^^^^^^^^^^^^^^ unknown field
    |
    = note: available fields are: `trajectory_id`, `family`, `dimension`, `rtol`, `decision_accepted_step` ... and 34 others

error[E0609]: no field `quadratic_drift_relative` on type `&G4S5B0StageGrowthSafetyRow`
   --> crates/rodas5p-integrators/tests/g4_s5b0_regime_atlas_contracts.rs:438:44
    |
438 | ....contains(&row.quadratic_drift_relative.unwrap()));
    |                   ^^^^^^^^^^^^^^^^^^^^^^^^ unknown field
    |
    = note: available fields are: `trajectory_id`, `family`, `dimension`, `rtol`, `decision_accepted_step` ... and 34 others

For more information about this error, try `rustc --explain E0609`.
error: could not compile `rodas5p-integrators` (test "g4_s5b0_regime_atlas_contracts") due to 4 previous errors
