   Compiling nano-gemm-c32 v0.2.1
   Compiling nano-gemm-f32 v0.2.1
   Compiling serde_core v1.0.229
   Compiling crypto-common v0.1.7
   Compiling block-buffer v0.10.4
   Compiling gemm-c64 v0.19.0
   Compiling gemm-f64 v0.19.0
   Compiling gemm-c32 v0.19.0
   Compiling gemm-f32 v0.19.0
   Compiling qd v0.8.0
   Compiling serde v1.0.229
   Compiling thiserror v2.0.19
   Compiling equator-macro v0.6.0
   Compiling generativity v1.2.1
   Compiling serde_json v1.0.151
   Compiling crossbeam-deque v0.8.7
   Compiling faer-traits v0.24.0
   Compiling nano-gemm v0.2.2
   Compiling equator v0.6.0
   Compiling gemm v0.19.0
   Compiling digest v0.10.7
   Compiling crossbeam-epoch v0.9.20
   Compiling private-gemm-x86 v0.1.20
   Compiling zmij v1.0.23
   Compiling serde_derive v1.0.229
   Compiling thiserror-impl v2.0.19
   Compiling cpufeatures v0.2.17
   Compiling rayon-core v1.13.0
   Compiling memchr v2.8.3
   Compiling itoa v1.0.18
   Compiling sha2 v0.10.9
   Compiling faer v0.24.4
   Compiling hex v0.4.3
   Compiling either v1.17.0
   Compiling rayon v1.12.0
