   Compiling version_check v0.9.5
   Compiling proc-macro2 v1.0.107
   Compiling unicode-ident v1.0.24
   Compiling quote v1.0.47
   Compiling autocfg v1.5.1
   Compiling bytemuck v1.25.2
   Compiling nano-gemm-codegen v0.2.1
   Compiling num-traits v0.2.19
   Compiling bitflags v2.13.1
   Compiling paste v1.0.15
   Compiling libm v0.2.16
   Compiling raw-cpuid v11.6.0
   Compiling pulp v0.22.3
   Compiling cfg-if v1.0.4
   Compiling num-complex v0.4.6
   Compiling reborrow v0.5.5
   Compiling pulp-wasm-simd-flag v0.1.1
   Compiling dyn-stack-macros v0.1.3
   Compiling seq-macro v0.3.6
   Compiling dyn-stack v0.13.2
   Compiling once_cell v1.21.4
   Compiling syn v1.0.109
   Compiling generic-array v0.14.7
   Compiling nano-gemm-core v0.2.1
   Compiling typenum v1.20.1
   Compiling libc v0.2.189
   Compiling syn v2.0.119
   Compiling syn v3.0.3
   Compiling gemm-common v0.19.0
   Compiling interpol v0.2.1
   Compiling nano-gemm-c64 v0.2.1
   Compiling nano-gemm-c32 v0.2.1
   Compiling nano-gemm-f64 v0.2.1
   Compiling nano-gemm-f32 v0.2.1
   Compiling crossbeam-utils v0.8.22
   Compiling serde_core v1.0.229
   Compiling defer v0.2.1
   Compiling private-gemm-x86 v0.1.20
   Compiling crossbeam-epoch v0.9.20
   Compiling zmij v1.0.23
   Compiling equator-macro v0.2.1
   Compiling equator v0.2.2
   Compiling num_cpus v1.17.0
   Compiling gemm-c64 v0.19.0
