    Finished `test` profile [unoptimized + debuginfo] target(s) in 0.06s
     Running tests/v33_zeta34_calibration_contracts.rs (target/debug/deps/v33_zeta34_calibration_contracts-3d5c48f1a10b4237)

running 1 test
test independent_zeta34_calibration_profile_is_exactly_predeclared ... ok

test result: ok. 1 passed; 0 failed; 0 ignored; 0 measured; 0 filtered out; finished in 0.00s

   Compiling rodas5p-integrators v0.1.0 (/mnt/data/GVJF_V32_WORK_20260818/repo/crates/rodas5p-integrators)
    Finished `test` profile [unoptimized + debuginfo] target(s) in 0.42s
     Running tests/quadratic_remainder_drift_contracts.rs (target/debug/deps/quadratic_remainder_drift_contracts-05d2dbbffe158a3e)

running 4 tests
test drift_is_permutation_and_common_scaling_invariant ... ok
test quadratic_leading_term_cancels_and_relative_drift_is_zero ... ok
test physical_prefix_excludes_clock_tail_and_invalid_inputs_fail_closed ... ok
test level2_report_carries_drift_without_changing_cumulative_work ... ok

test result: ok. 4 passed; 0 failed; 0 ignored; 0 measured; 0 filtered out; finished in 0.00s

   Compiling rodas5p-integrators v0.1.0 (/mnt/data/GVJF_V32_WORK_20260818/repo/crates/rodas5p-integrators)
    Finished `test` profile [unoptimized + debuginfo] target(s) in 0.36s
     Running tests/pexprb_level2_prefix_contracts.rs (target/debug/deps/pexprb_level2_prefix_contracts-29fd6d29d80c4269)

running 1 test
test level2_prefix_is_resumable_without_repeating_level1_or_level2_work ... ok

test result: ok. 1 passed; 0 failed; 0 ignored; 0 measured; 0 filtered out; finished in 0.01s

    Finished `test` profile [unoptimized + debuginfo] target(s) in 0.06s
     Running tests/cli_contracts.rs (target/debug/deps/cli_contracts-4023c0244c1fbfc9)

running 1 test
test stage_growth_safety_cli_exposes_independent_calibration192_profile ... ok

test result: ok. 1 passed; 0 failed; 0 ignored; 0 measured; 22 filtered out; finished in 0.00s

...                                                                      [100%]
3 passed in 0.03s
   Compiling rodas5p-integrators v0.1.0 (/mnt/data/GVJF_V32_WORK_20260818/repo/crates/rodas5p-integrators)
    Finished `test` profile [unoptimized + debuginfo] target(s) in 0.22s
     Running tests/generic_scope_contracts.rs (target/debug/deps/generic_scope_contracts-00d7e6d46556e300)

running 3 tests
test required_vectorized_jf_modules_exist_in_the_generic_base ... ok
test bdf_and_radau_remain_byte_frozen_comparators ... ok
test generic_solver_core_does_not_embed_physical_client_bindings ... ok

test result: ok. 3 passed; 0 failed; 0 ignored; 0 measured; 0 filtered out; finished in 0.07s

