   Compiling num-traits v0.2.19
   Compiling syn v3.0.3
   Compiling num-complex v0.4.6
   Compiling pulp v0.22.3
   Compiling serde_core v1.0.229
   Compiling gemm-common v0.19.0
   Compiling gemm-f64 v0.19.0
   Compiling gemm-c32 v0.19.0
   Compiling gemm-c64 v0.19.0
   Compiling gemm-f32 v0.19.0
   Compiling qd v0.8.0
   Compiling nano-gemm-c64 v0.2.1
   Compiling nano-gemm-c32 v0.2.1
   Compiling faer-traits v0.24.0
   Compiling nano-gemm v0.2.2
   Compiling gemm v0.19.0
   Compiling thiserror-impl v2.0.19
   Compiling serde_derive v1.0.229
   Compiling thiserror v2.0.19
   Compiling serde_json v1.0.151
   Compiling faer v0.24.4
   Compiling serde v1.0.229
   Compiling rodas5p-integrators v0.1.0 (/mnt/data/vigilode_resume_20261003/repo/crates/rodas5p-integrators)
   Compiling getrandom v0.3.4
   Compiling zerocopy v0.8.56
   Compiling rand_core v0.9.5
   Compiling ppv-lite86 v0.2.21
   Compiling rand_chacha v0.9.0
   Compiling rand v0.9.5
   Compiling csv-core v0.1.13
   Compiling ryu v1.0.23
   Compiling rodas5p-fair-ab v0.1.0 (/mnt/data/vigilode_resume_20261003/repo/crates/rodas5p-fair-ab)
   Compiling csv v1.4.0
   Compiling rand_distr v0.5.1
   Compiling rand_pcg v0.9.0
   Compiling utf8parse v0.2.2
   Compiling anstyle-parse v1.0.0
   Compiling anstyle-query v1.1.5
   Compiling is_terminal_polyfill v1.70.2
   Compiling anstyle v1.0.14
   Compiling colorchoice v1.0.5
   Compiling anstream v1.0.0
   Compiling anyhow v1.0.104
   Compiling heck v0.5.0
   Compiling strsim v0.11.1
   Compiling clap_lex v1.1.0
   Compiling clap_builder v4.6.6
   Compiling clap_derive v4.6.4
   Compiling clap v4.6.6
   Compiling rodas5p-core v0.1.0 (/mnt/data/vigilode_resume_20261003/repo/crates/rodas5p-core)
   Compiling rodas5p-krylov v0.1.0 (/mnt/data/vigilode_resume_20261003/repo/crates/rodas5p-krylov)
   Compiling rodas5p-cli v0.1.0 (/mnt/data/vigilode_resume_20261003/repo/crates/rodas5p-cli)
    Finished `test` profile [unoptimized + debuginfo] target(s) in 1m 52s
     Running unittests src/main.rs (target/debug/deps/rodas5p-0699ef9207f3c23d)

running 12 tests
test stiff_benchmark::tests::analytic_jacobians_match_finite_differences ... ok
test unified_assessment_tests::document_status_exposes_uncertified_reference_rows ... ok
test unified_assessment_tests::linear_candidate_id_covers_every_strict_cell ... ok
test unified_assessment_tests::nonlinear_batch_depth_advantage_does_not_replace_wall_speedup ... ok
test unified_assessment_tests::relative_gates_against_a_reference_only_comparator_are_not_evaluated ... ok
test unified_assessment_tests::smoke_and_single_sample_wall_blockers_are_not_evaluated ... ok
test stiff_benchmark::tests::in_place_jacobians_equal_the_explicit_ones ... ok
test scientific_validity_v2_producer_tests::calibration_record_loop_attempts_all_fifty_four_cases_after_individual_failures ... ok
test stiff_benchmark::tests::every_arm_completes_a_loose_hires_run ... ok
test unified_assessment_tests::v37_failed_hard_gate_refuses_to_create_authority_output ... ok
test unified_assessment_tests::the_published_poly03_campaign_keeps_its_numbers_under_an_authority_hold ... ok
test unified_assessment_tests::tier_l_wall_decisions_come_only_from_a_paired_assessment ... ok

test result: ok. 12 passed; 0 failed; 0 ignored; 0 measured; 0 filtered out; finished in 25.74s

     Running unittests src/bin/allocation_audit.rs (target/debug/deps/rodas5p_allocation_audit-20b394966e8e8b0f)

running 0 tests

test result: ok. 0 passed; 0 failed; 0 ignored; 0 measured; 0 filtered out; finished in 0.00s

     Running tests/a1_tolerance_receipt_cli_contracts.rs (target/debug/deps/a1_tolerance_receipt_cli_contracts-7d37531491f5ae5a)

running 2 tests
error: invalid value 'unknown-arm' for '--arm <ARM>'
  [possible values: legacy-fixed, outer-scaled-numeric-parity]

For more information, try '--help'.
error: invalid value 'unknown-family' for '--family <FAMILY>'
  [possible values: robertson-ramped, hires-ramped, van-der-pol-ramped, rotating-nonnormal, nonautonomous-stiff-forcing, semilinear-advection-diffusion-ramped]

For more information, try '--help'.
error: unexpected argument '--profile' found

Usage: rodas5p a1-two-arm-receipt-cell --family <FAMILY> --arm <ARM> --repository <REPOSITORY> --pull-request <PULL_REQUEST> --scientific-execution-head-sha <SCIENTIFIC_EXECUTION_HEAD_SHA> --scientific-execution-head-tree <SCIENTIFIC_EXECUTION_HEAD_TREE> --base-sha <BASE_SHA> --base-tree <BASE_TREE> --tested-execution-merge-sha <TESTED_EXECUTION_MERGE_SHA> --tested-execution-merge-tree <TESTED_EXECUTION_MERGE_TREE> --execution-workflow-run-id <EXECUTION_WORKFLOW_RUN_ID> --execution-workflow-run-attempt <EXECUTION_WORKFLOW_RUN_ATTEMPT> --rust-version <RUST_VERSION> --cargo-version <CARGO_VERSION> --output <OUTPUT>

For more information, try '--help'.
test receipt_cli_rejects_unknown_arm_family_and_profile_surface ... ok
test receipt_cli_emits_one_deterministic_candidate_cell_without_late_bound_fields ... ok

test result: ok. 2 passed; 0 failed; 0 ignored; 0 measured; 0 filtered out; finished in 3.43s

     Running tests/allocation_cli_contracts.rs (target/debug/deps/allocation_cli_contracts-b60a279bc11eefef)

running 1 test
test allocation_audit_reports_end_to_end_solver_allocations_and_work ... ok

test result: ok. 1 passed; 0 failed; 0 ignored; 0 measured; 0 filtered out; finished in 1.42s

     Running tests/cli_contracts.rs (target/debug/deps/cli_contracts-3983764f1535d645)

running 25 tests
test early_flow_defect_fields_are_backward_compatible_and_legacy_rows_fail_closed ... ok
test enforced_prefix_budget_cli_is_registered ... ok
test generic_policy_redesign_actual_prefix_command_is_registered ... ok
test generic_policy_redesign_atlas_command_is_registered ... ok
test generic_policy_redesign_attempt_trace_command_is_registered ... ok
test generic_policy_redesign_level2_prefix_command_is_registered ... ok
test adaptive_global_error_command_emits_current_family_report ... ok
test generic_q1_q2_adaptive_cli_emits_bounded_decision_report ... ok
test generic_q1_q2_gate_is_deterministic_and_strictly_matrix_free ... ok
test homotopy_design_check_is_deterministic_and_exposes_required_screens ... ok
test early_defect_attempt_geometry_cli_is_threshold_free_and_machine_readable ... ok
test global_error_pareto_command_emits_deterministic_method_independent_report ... ok
test enforced_prefix_budget_cli_emits_transactional_fields ... ok
test homotopy_path_controller_cli_is_deterministic_and_emits_schedule_telemetry ... ok
test homotopy_experiment_screen_emits_deterministic_safety_and_control_rows ... ok
test native_integrator_gates_command_emits_deterministic_bdf_and_radau_rows ... ok
test stage_batch_feasibility_cli_emits_deterministic_within_step_report ... ok
test homotopy_rhs_telemetry_cli_is_deterministic_and_read_only ... ok
test stage_growth_safety_cli_exposes_independent_calibration192_profile ... ok
test tolerance_scaled_early_defect_cli_is_threshold_free_and_machine_readable ... ok
test stage_growth_safety_audit_cli_emits_explicit_budget_and_audit_fields ... ok
test validate_trace_and_benchmark_commands_emit_machine_readable_artifacts ... ok
test homotopy_order_policy_screen_is_deterministic_and_thread_count_independent ... ok
test unified_candidate_screen_combines_linear_and_nonlinear_tiers ... ok
test matrix_free_common_w_cli_emits_strict_jf_report ... ok

test result: ok. 25 passed; 0 failed; 0 ignored; 0 measured; 0 filtered out; finished in 26.15s

     Running tests/frozen_full_e_shadow_cli_contracts.rs (target/debug/deps/frozen_full_e_shadow_cli_contracts-b10e1f6d0a67c331)

running 2 tests
test paired_economics_rejects_a_non_measurement_binary_before_writing_output ... ok
test frozen_full_e_shadow_command_emits_the_dedicated_v36_schema ... ok

test result: ok. 2 passed; 0 failed; 0 ignored; 0 measured; 0 filtered out; finished in 2.24s

     Running tests/holdout_hygiene_cli_contracts.rs (target/debug/deps/holdout_hygiene_cli_contracts-d0db4402ba91047a)

running 1 test
test replayed_k1_table_is_refused_on_holdout_profiles ... ok

test result: ok. 1 passed; 0 failed; 0 ignored; 0 measured; 0 filtered out; finished in 0.01s

     Running tests/paired_timing_campaign_cli_contracts.rs (target/debug/deps/paired_timing_campaign_cli_contracts-340a8882f5995035)

running 1 test
test six_sessions_in_six_processes_form_a_verifiable_receipt ... ok

test result: ok. 1 passed; 0 failed; 0 ignored; 0 measured; 0 filtered out; finished in 24.87s

     Running tests/scientific_validity_v2_cli_contracts.rs (target/debug/deps/scientific_validity_v2_cli_contracts-a8ffada6f8e8568f)

running 11 tests
test canonical_raw_freeze_is_rejected_before_input_access ... ok
test canonical_freeze_rejects_bare_unbound_rows_before_creating_authority ... ok
test canonical_raw_holdout_replay_is_rejected_before_any_input_access ... ok
test canonical_calibration_requires_a_distinct_direct_freeze_output ... ok
test checked_in_smoke_artifacts_verify_under_the_current_source_bound_protocol ... ok
test corrupt_freeze_is_rejected_before_the_holdout_input_is_opened ... ok
test oregonator_producer_rejects_smoke_before_opening_freeze_or_reference ... ok
test oregonator_producer_rejects_freeze_before_reference_or_holdout_access ... ok
test invalid_freeze_writes_failure_preserving_rows_then_returns_nonzero ... ok
test freeze_command_is_profile_bound_and_refuses_overwrite_or_family_selection ... ok
test replay_command_preserves_dominated_evidence_and_refuses_overwrite ... ok

test result: ok. 11 passed; 0 failed; 0 ignored; 0 measured; 0 filtered out; finished in 0.02s

     Running tests/v37_continuation_transaction_cli_contracts.rs (target/debug/deps/v37_continuation_transaction_cli_contracts-12d20f2681dac022)

running 1 test
test v37_command_emits_dedicated_schema_without_mutating_v36_fields ... ok

test result: ok. 1 passed; 0 failed; 0 ignored; 0 measured; 0 filtered out; finished in 2.29s

     Running unittests src/lib.rs (target/debug/deps/rodas5p_core-d809d9e3af50e89e)

running 6 tests
test directed::tests::directed_results_bracket_the_exact_value ... ok
test laguerre_adjoint::tests::a_constant_coefficient_gives_its_magnitude ... ok
test coefficients::tests::a_tampered_snapshot_is_rejected_before_parsing ... ok
test polynomial_action::tests::series_enclose_known_values ... ok
test coefficients::tests::the_cached_tableau_equals_a_fresh_derivation_bit_for_bit ... ok
test laguerre_adjoint::tests::envelopes_cover_the_adjoint_polynomials ... ok

test result: ok. 6 passed; 0 failed; 0 ignored; 0 measured; 0 filtered out; finished in 0.05s

     Running tests/allocation_contracts.rs (target/debug/deps/allocation_contracts-f287b0f804344028)

running 1 test
test shifted_operator_apply_is_allocation_free_after_construction ... ok

test result: ok. 1 passed; 0 failed; 0 ignored; 0 measured; 0 filtered out; finished in 0.00s

     Running tests/core_contracts.rs (target/debug/deps/core_contracts-446297fe57af8f05)

running 12 tests
test coefficient_snapshot_is_bit_identical_to_the_authoritative_sciml_literals ... ok
test coefficient_snapshot_bytes_match_the_digest_verified_at_load ... ok
test coefficient_transform_preserves_rodas5p_structure ... ok
test coefficient_tableau_is_parsed_and_derived_once_per_process ... ok
test dense_matrix_matvec_is_row_major_and_exact_for_small_case ... ok
test linear_operator_default_row_application_preserves_order ... ok
test linear_operator_row_application_rejects_ragged_shapes ... ok
test linear_solver_config_rejects_non_finite_tolerances ... ok
test safe_l2_handles_extreme_scale ... ok
test safe_l2_propagates_nan_and_infinity ... ok
test wrms_matches_definition ... ok
test direct_solve_agrees_with_known_solution ... ok

test result: ok. 12 passed; 0 failed; 0 ignored; 0 measured; 0 filtered out; finished in 0.00s

     Running tests/fused_phi_contracts.rs (target/debug/deps/fused_phi_contracts-bc4485c0308048ad)

running 2 tests
test fused_dense_action_handles_only_b0 ... ok
test fused_dense_action_matches_separate_phi_actions ... ok

test result: ok. 2 passed; 0 failed; 0 ignored; 0 measured; 0 filtered out; finished in 0.00s

     Running tests/matrix_function_contracts.rs (target/debug/deps/matrix_function_contracts-ef0eee07e09b480d)

running 9 tests
test dense_phi_action_accepts_the_largest_finite_vectors ... ok
test dense_phi_action_is_accurate_for_subnormal_and_power_of_two_vectors ... ok
test dense_phi_action_reports_a_result_that_really_overflows ... ok
test dense_phi_action_is_accurate_for_a_large_vector_on_a_diagonal_matrix ... ok
test fused_phi_combination_is_accurate_as_the_step_shrinks ... ok
test dense_phi_action_satisfies_matrix_recurrence ... ok
test pade13_matches_scalar_exponential_across_stiff_scales ... ok
test dense_phi_action_matches_scalar_values ... ok
test dense_phi_action_is_invariant_under_the_physical_scale_of_the_vector ... ok

test result: ok. 9 passed; 0 failed; 0 ignored; 0 measured; 0 filtered out; finished in 0.01s

     Running tests/native_reaudit_laguerre_contracts.rs (target/debug/deps/native_reaudit_laguerre_contracts-11d9ae252cb657d0)

running 3 tests
test a_failed_invalid_input_does_not_enter_the_envelope_cache ... ok
test reversed_intervals_cannot_be_widened_into_accepted_coefficients ... ok
test ordered_interval_coefficients_still_work ... ok

test result: ok. 3 passed; 0 failed; 0 ignored; 0 measured; 0 filtered out; finished in 0.00s

     Running tests/r3_polynomial_action_contracts.rs (target/debug/deps/r3_polynomial_action_contracts-a1da712896f0187d)

running 8 tests
test coefficient_tables_are_reused_only_for_the_same_key ... ok
test the_same_vector_path_reuses_one_recurrence ... ok
test coefficient_enclosures_contain_independent_quadrature ... ok
test unsupported_operators_are_explicit_failures ... ok
test zero_step_zero_operator_and_scalar_matrix_use_the_scalar_branch ... ok
test the_unbounded_mode_returns_the_same_values_without_a_bound ... ok
test all_joint_actions_match_the_independent_oracle ... ok
test the_degree_near_the_budget_never_understates_the_bound ... ok

test result: ok. 8 passed; 0 failed; 0 ignored; 0 measured; 0 filtered out; finished in 22.85s

     Running tests/r4_polynomial_contracts.rs (target/debug/deps/r4_polynomial_contracts-4c6a221feff53894)

running 8 tests
test an_out_of_range_result_or_budget_is_a_typed_rejection ... ok
test laguerre_scales_outside_the_cap_are_rejected ... ok
test scaled_norms_enclose_the_exact_norm_across_the_range ... ok
test the_continuous_laguerre_scale_minimizes_the_analytic_tail ... ok
test cancellation_reports_absolute_and_relative_accuracy_separately ... ok
test truncation_success_is_not_total_error_admission ... ok
test estimates_and_the_timing_path_never_admit ... ok
test amplitude_scaled_actions_are_enclosed_or_rejected_never_zero ... ok

test result: ok. 8 passed; 0 failed; 0 ignored; 0 measured; 0 filtered out; finished in 0.41s

     Running tests/r4_taylor_phi_contracts.rs (target/debug/deps/r4_taylor_phi_contracts-9c12405d02fcea65)

running 4 tests
test nilpotent_is_exact_in_two_terms ... ok
test outside_the_validated_domain_is_a_typed_rejection ... ok
test nonnormal_matches_the_divided_difference_and_reports_conditioning ... ok
test diagonal_matches_the_scalar_enclosures ... ok

test result: ok. 4 passed; 0 failed; 0 ignored; 0 measured; 0 filtered out; finished in 0.00s

     Running tests/r4_transform_bound_contracts.rs (target/debug/deps/r4_transform_bound_contracts-7e6e4031cbe5f80d)

running 6 tests
test signed_stored_weights_and_the_tolerance_domain_fail_closed ... ok
test the_order_is_total_and_puts_zero_first ... ok
test the_subunit_nilpotent_witness_keeps_its_norm ... ok
test reciprocal_factorials_enclose_exactly_and_tightly ... ok
test every_oracle_case_is_enclosed_including_permutations_and_transposes ... ok
test every_supported_order_of_the_zero_operator_is_enclosed ... ok

test result: ok. 6 passed; 0 failed; 0 ignored; 0 measured; 0 filtered out; finished in 0.29s

     Running tests/thread_transfer_laguerre_adjoint.rs (target/debug/deps/thread_transfer_laguerre_adjoint-271dce191f512501)

running 2 tests
test write_laguerre_cases ... ignored, writes fixtures/thread_transfer_laguerre_cases.json
test laguerre_adjoint_contract ... ok

test result: ok. 1 passed; 0 failed; 1 ignored; 0 measured; 0 filtered out; finished in 0.79s

     Running tests/thread_transfer_laguerre_cache.rs (target/debug/deps/thread_transfer_laguerre_cache-feee768cc89e7eb0)

running 2 tests
test write_laguerre_cache_cases ... ignored, writes fixtures/thread_transfer_laguerre_cache_cases.json
test laguerre_envelope_cache_and_cost ... ok

test result: ok. 1 passed; 0 failed; 1 ignored; 0 measured; 0 filtered out; finished in 2.42s

     Running tests/transform_bound_contracts.rs (target/debug/deps/transform_bound_contracts-ac56690985e3b24a)

running 3 tests
test the_nilpotent_witness_is_bounded_and_rejected_for_both_signs_of_h ... ok
test every_branch_is_exercised_and_unverified_operators_fail_closed ... ok
test the_zero_operator_control_is_bounded_nonzero_and_admitted ... ok

test result: ok. 3 passed; 0 failed; 0 ignored; 0 measured; 0 filtered out; finished in 0.00s

     Running tests/work_counter_contracts.rs (target/debug/deps/work_counter_contracts-48f19a38b40e1240)

running 5 tests
test checked_delta_rejects_any_negative_component_and_round_trips_exactly ... ok
test counted_shifted_applications_charge_jvp_mass_and_refresh_at_the_apply_site ... ok
test shifted_and_total_operator_application_helpers_count_vectors_without_block_call_duplication ... ok
test work_counters_accumulate_componentwise_and_saturate ... ok
test shifted_exact_identity_uses_jacobian_mass_and_exact_h_gamma_bits ... ok

test result: ok. 5 passed; 0 failed; 0 ignored; 0 measured; 0 filtered out; finished in 0.00s

     Running tests/work_unit_contracts.rs (target/debug/deps/work_unit_contracts-7e72195197e7c17f)

running 2 tests
test cross_lane_operator_work_is_counted_in_state_vectors ... ok
test unknown_vector_coverage_survives_aggregation ... ok

test result: ok. 2 passed; 0 failed; 0 ignored; 0 measured; 0 filtered out; finished in 0.00s

     Running unittests src/lib.rs (target/debug/deps/rodas5p_fair_ab-8f753caba1603d72)

running 6 tests
test adaptive_global_error::tests::adaptive_max_step_is_independent_of_output_spacing ... ok
test global_error::r2_not_evaluated_tests::unknown_vector_cost_is_listed_as_not_evaluated ... ok
test scientific_validity_v2_campaign::tests::failed_pair_retains_raw_arms_but_has_no_scientific_metric ... ok
test scientific_validity_v2_campaign::tests::dense_arm_error_does_not_discard_a_completed_clipped_arm ... ok
test scientific_validity_v2_campaign::tests::branch_fixed_arm_restarts_and_deduplicates_the_exact_boundary ... ok
test adaptive_global_error::tests::scientific_checksum_covers_output_modes_and_pair_classification ... ok

test result: ok. 6 passed; 0 failed; 0 ignored; 0 measured; 0 filtered out; finished in 0.49s

     Running tests/adaptive_global_error_contracts.rs (target/debug/deps/adaptive_global_error_contracts-4ed0b56959a26c46)

running 4 tests
test adaptive_screen_covers_every_current_family_and_preserves_every_run_row ... ok
test g1_adaptive_screen_is_limited_to_the_transactional_decision_set ... ok
test every_adaptive_comparator_row_serializes_comparator_fidelity ... ok
test adaptive_screen_is_scientifically_identical_in_one_and_four_threads ... ok

test result: ok. 4 passed; 0 failed; 0 ignored; 0 measured; 0 filtered out; finished in 0.55s

     Running tests/external_comparator_contracts.rs (target/debug/deps/external_comparator_contracts-3d1874f226ddc43e)

running 10 tests
test external_runner_dependency_closure_is_ordered_domain_separated_and_golden ... ok
test a_missing_evidence_file_is_not_synthesized_into_an_external_run ... ok
test python_generated_scipy_and_sundials_fixtures_cross_the_strict_rust_loader ... ok
test sundials_probe_requires_exact_one_to_one_target_findings ... ok
test unavailable_and_not_run_sundials_are_typed_and_cannot_carry_substitute_work ... ok
test valid_scipy_evidence_is_loaded_without_executing_the_runner ... ok
test mass_cases_fail_closed_unless_a_transformed_identity_is_pinned ... ok
test scipy_solver_failure_preserves_native_work_and_an_authenticated_prefix ... ok
test valid_sundials_success_preserves_cvode_native_work_without_rust_counter_mapping ... ok
test every_runner_problem_policy_checksum_and_lineage_mutation_is_rejected ... ok

test result: ok. 10 passed; 0 failed; 0 ignored; 0 measured; 0 filtered out; finished in 0.24s

     Running tests/fair_ab_contracts.rs (target/debug/deps/fair_ab_contracts-d439ab96e53c6e30)

running 6 tests
test external_certificate_and_hard_budget_cover_diagnostic_work ... ok
test deterministic_trace_roundtrip_preserves_every_identity ... ok
test recycle_reset_preserves_solver_workspace_but_clears_algorithmic_state ... ok
test every_rust_solver_consumes_the_same_immutable_trace_and_certifies_residuals ... ok
test recycle_lifetimes_have_distinct_and_auditable_reset_semantics ... ok
test comparison_randomizes_order_but_keeps_paired_trace_identity ... ok

test result: ok. 6 passed; 0 failed; 0 ignored; 0 measured; 0 filtered out; finished in 2.19s

     Running tests/global_error_contracts.rs (target/debug/deps/global_error_contracts-ac56bcf3dddd83cb)

running 9 tests
test exact_and_known_perturbed_trajectories_have_expected_external_errors ... ok
test common_grid_rejects_missing_output_times_instead_of_interpolating ... ok
test output_policy_dominance_is_strict_at_ten_percent_and_excludes_only_the_policy_row ... ok
test output_policy_gap_uses_the_tight_reference_weight_table ... ok
test pareto_and_target_selection_preserve_failures_and_choose_true_nondominated_points ... ok
test every_fixed_anchor_comparator_row_serializes_comparator_fidelity ... ok
test operator_application_cost_axis_counts_vectors_without_double_counting_block_calls ... ok
test pareto_screen_stores_only_common_outputs_and_retains_paired_output_policy_evidence ... ok
test fixed_anchor_screen_is_thread_deterministic_and_exposes_all_five_candidates ... ok

test result: ok. 9 passed; 0 failed; 0 ignored; 0 measured; 0 filtered out; finished in 0.39s

     Running tests/numerical_reference_contracts.rs (target/debug/deps/numerical_reference_contracts-1d08e05a2fb1caf7)

running 6 tests
test legacy_analytic_provenance_deserializes_without_changing_its_wire_shape ... ok
test numerical_reference_and_reference_dominated_wire_spellings_are_stable ... ok
test pinned_numerical_reference_manifest_is_present_for_fair_ab_consumption ... ok
test reference_dominance_is_strict_at_ten_percent_and_excludes_pareto_success ... ok
test loader_rejects_bad_q_nonfinite_convergence_runtime_pin_grid_checksum_and_canonical_source ... ok
test checked_in_artifacts_load_for_each_holdout_and_preserve_numerical_provenance ... ok

test result: ok. 6 passed; 0 failed; 0 ignored; 0 measured; 0 filtered out; finished in 0.14s

     Running tests/numerical_reference_v2_contracts.rs (target/debug/deps/numerical_reference_v2_contracts-a3872ab6af82021e)

running 7 tests
test every_v2_comparison_uses_the_tight_reference_state_as_the_only_wrms_anchor ... ok
test v2_grid_and_state_payload_checksums_remain_v1_compatible ... ok
test checked_in_python_not_run_manifest_is_bit_for_bit_semantically_equal_to_the_rust_layout ... ok
test v2_layout_is_exactly_twenty_two_physical_artifacts_and_sixty_six_case_bindings ... ok
test historical_v1_manifest_and_artifact_bytes_remain_pinned ... ok
test v2_manifest_rejects_missing_extra_duplicate_unreferenced_misbound_and_v1_shapes ... ok
test v1_loader_remains_live_while_v2_loader_dispatches_by_exact_case_id_and_is_lazy ... ok

test result: ok. 7 passed; 0 failed; 0 ignored; 0 measured; 0 filtered out; finished in 0.22s

     Running tests/output_accuracy_assessment_contracts.rs (target/debug/deps/output_accuracy_assessment_contracts-9bb1f0e41c6a401a)

running 9 tests
test accurate_but_policy_sensitive_is_not_accuracy_failure ... ok
test boundary_and_lower_bound_are_distinct ... ok
test missing_budget_is_not_pass ... ok
test equal_bad_trajectories_do_not_certify_accuracy ... ok
test nonfinite_negative_and_overflow_rejected ... ok
test scalar_error_gap_is_not_trajectory_distance ... ok
test signed_zero_zero_budget_is_well_defined ... ok
test uncertain_reference_does_not_pass_boundary ... ok
test paired_assessment_preserves_evidence_and_legacy_sensitivity ... ok

test result: ok. 9 passed; 0 failed; 0 ignored; 0 measured; 0 filtered out; finished in 0.00s

     Running tests/paired_timing_contracts.rs (target/debug/deps/paired_timing_contracts-e07e6ae688f4a760)

running 13 tests
test abba_order_is_seeded_mirrored_and_balanced ... ok
test batch_size_is_calibrated_from_the_minimum_warmup ... ok
test host_metadata_records_every_field_or_unknown ... ok
test measured_case_uses_warmups_minimum_calibration_and_abba_pairs ... ok
test protocol_and_cases_below_the_minimum_are_rejected ... ok
test pairs_of_one_process_are_not_resampled_as_independent ... ok
test identical_arms_give_an_aa_interval_containing_one ... ok
test threshold_speedup_with_the_v36_recorded_spread_is_inconclusive ... ok
test true_speedup_of_0_90_blocks ... ok
test true_speedup_of_1_30_with_five_percent_noise_promotes ... ok
test same_seed_reproduces_identical_interval_bits ... ok
test replicating_cases_does_not_narrow_a_session_level_interval ... ok
test one_shared_process_is_one_session_however_many_cases ... ok

test result: ok. 13 passed; 0 failed; 0 ignored; 0 measured; 0 filtered out; finished in 6.54s

     Running tests/r2_timing_authority_contracts.rs (target/debug/deps/r2_timing_authority_contracts-458b02d668abc96d)

running 5 tests
test the_interval_reports_its_simulation_band ... ok
test the_resampled_interval_matches_the_exact_six_session_bootstrap ... ok
test a_producer_without_a_session_is_never_authoritative ... ok
test an_aa_control_in_other_sessions_confers_no_authority ... ok
test a_preview_protocol_or_an_inconsistent_record_never_gates ... ok

test result: ok. 5 passed; 0 failed; 0 ignored; 0 measured; 0 filtered out; finished in 1.72s

     Running tests/r2_work_coverage_consumer_contracts.rs (target/debug/deps/r2_work_coverage_consumer_contracts-1281bdbab53a63b0)

running 1 test
test a_merged_legacy_segment_leaves_the_vector_cost_unevaluated ... ok

test result: ok. 1 passed; 0 failed; 0 ignored; 0 measured; 0 filtered out; finished in 0.00s

     Running tests/r3_aa_batch_contracts.rs (target/debug/deps/r3_aa_batch_contracts-297e19f6c6d97278)

running 1 test
test the_aa_control_keeps_its_own_batch_across_sessions ... ok

test result: ok. 1 passed; 0 failed; 0 ignored; 0 measured; 0 filtered out; finished in 1.59s

     Running tests/r3_monte_carlo_gate_contracts.rs (target/debug/deps/r3_monte_carlo_gate_contracts-6208633fb7ead7a7)

running 2 tests
test atoms_equal_samples_and_the_minimum_resample_count ... ok
test the_gate_contains_the_exact_conditional_probability ... ok

test result: ok. 2 passed; 0 failed; 0 ignored; 0 measured; 0 filtered out; finished in 0.05s

     Running tests/r3_raw_protocol_admission_contracts.rs (target/debug/deps/r3_raw_protocol_admission_contracts-2f8729b82038a091)

running 3 tests
test singleton_session_runs_cannot_restart_the_order_every_pair ... ok
test a_valid_receipt_promotes_and_survives_serialization ... ok
test malformed_raw_protocols_are_rejected_before_assessment ... ok

test result: ok. 3 passed; 0 failed; 0 ignored; 0 measured; 0 filtered out; finished in 1.26s

     Running tests/r3_timing_design_contracts.rs (target/debug/deps/r3_timing_design_contracts-6c29bcad2d001389)

running 4 tests
test the_simulator_follows_the_declared_design ... ok
test the_study_is_deterministic_and_thread_count_free ... ok
test duplicating_a_session_does_not_add_an_independent_session ... ok
test multiplying_pairs_within_a_session_changes_no_bit ... ok

test result: ok. 4 passed; 0 failed; 0 ignored; 0 measured; 0 filtered out; finished in 0.90s

     Running tests/r4_statistics_contracts.rs (target/debug/deps/r4_statistics_contracts-96cf1facefa6f962)

running 5 tests
test the_exact_design_table_enumerations_controls_and_invalid_inputs_reproduce ... ok
test the_two_estimands_differ_off_the_symmetric_family ... ok
test every_raw_cell_is_validated_before_merging ... ok
test authority_comes_from_the_registry_and_forgeries_fail ... ok
test published_campaigns_stay_valid_and_keep_their_estimand ... ok

test result: ok. 5 passed; 0 failed; 0 ignored; 0 measured; 0 filtered out; finished in 12.62s

     Running tests/scientific_validity_v2_campaign_contracts.rs (target/debug/deps/scientific_validity_v2_campaign_contracts-fd24b4fe8e38688d)

running 2 tests
test one_real_calibration_case_runs_independent_clipped_and_dense_arms ... ok
test calibration_execution_surface_is_exactly_six_by_three_by_three ... ok

test result: ok. 2 passed; 0 failed; 0 ignored; 0 measured; 0 filtered out; finished in 0.00s

     Running tests/two_arm_admissibility_contracts.rs (target/debug/deps/two_arm_admissibility_contracts-f81576cba20dff8b)

running 9 tests
test arm_budget_bands_are_decided_on_the_exact_sum_and_difference ... ok
test arm_budget_has_three_bands_with_reference_uncertainty ... ok
test gap_triangle_is_an_integrity_assertion ... ok
test case_tolerance_uncertainty_is_rounded_upward ... ok
test protocol_id_declares_budget_and_interpolant_limit_before_any_run ... ok
test row_status_order_is_reference_then_budget_then_interpolant ... ok
test case_tolerance_basis_scales_exactly_when_weights_are_proportional ... ok
test audit_records_classify_as_predeclared_under_the_new_protocol ... ok
test two_arm_classification_holds_the_triangle_on_random_trajectories ... ok

test result: ok. 9 passed; 0 failed; 0 ignored; 0 measured; 0 filtered out; finished in 0.02s

     Running tests/two_arm_v3_campaign_contracts.rs (target/debug/deps/two_arm_v3_campaign_contracts-995b0e5929630fa5)

running 2 tests
test v3_record_is_reproducible_bit_for_bit has been running for over 60 seconds
test v3_record_runs_all_three_parts_on_unchanged_v2_arms has been running for over 60 seconds
test v3_record_runs_all_three_parts_on_unchanged_v2_arms ... ok
test v3_record_is_reproducible_bit_for_bit ... ok

test result: ok. 2 passed; 0 failed; 0 ignored; 0 measured; 0 filtered out; finished in 247.51s

     Running unittests examples/semilinear_f033_ablation.rs (target/debug/examples/semilinear_f033_ablation-a897928a23471ada)

running 0 tests

test result: ok. 0 passed; 0 failed; 0 ignored; 0 measured; 0 filtered out; finished in 0.00s

     Running unittests examples/semilinear_fixed_h_order.rs (target/debug/examples/semilinear_fixed_h_order-ef1637faf2d6b062)

running 0 tests

test result: ok. 0 passed; 0 failed; 0 ignored; 0 measured; 0 filtered out; finished in 0.00s

     Running unittests examples/two_arm_v3_calibration96.rs (target/debug/examples/two_arm_v3_calibration96-124fb460081b0534)

running 0 tests

test result: ok. 0 passed; 0 failed; 0 ignored; 0 measured; 0 filtered out; finished in 0.00s

     Running unittests src/lib.rs (target/debug/deps/rodas5p_integrators-70063697ea1982b3)

running 32 tests
test audit2_stage_certificate_research::directed_rounding_tests::normal_quotients_are_rounded_upward_and_exact_ones_kept ... ok
test audit2_stage_certificate_research::directed_rounding_tests::normal_square_roots_are_rounded_upward_and_exact_ones_kept ... ok
test audit2_stage_certificate_research::directed_rounding_tests::subnormal_square_roots_are_rounded_upward ... ok
test adaptive::method_metadata_tests::rodas_controller_order_comes_from_method_estimator_metadata ... ok
test comparator_fidelity::tests::only_production_arms_admit_a_relative_reading ... ok
test audit2_stage_certificate_research::directed_rounding_tests::subnormal_quotients_are_rounded_upward ... ok
test exponential::continuation_budget_guard_tests::continuation_cap_admits_exactly_eighty_scalars_and_denies_jvp_81_before_call ... ok
test exponential::continuation_budget_guard_tests::invalid_row_shape_is_rejected_before_budget_reservation ... ok
test exponential::continuation_budget_guard_tests::over_cap_row_batch_is_denied_atomically_without_partial_execution ... ok
test exponential::continuation_budget_guard_tests::zero_continuation_budget_invokes_no_underlying_jvp ... ok
test g4_s5b0_regime_atlas::analytic_partial_t_tests::analytic_partial_t_matches_independent_centered_difference_without_rhs_calls ... ok
test g4_s5b0_regime_atlas::causal_k1_policy_tests::causal_k1_comparator_fires_only_on_observed_feature ... ok
test g4_s5b0_regime_atlas::reference_safety_label_tests::self_estimate_and_reference_label_are_independent_fields ... ok
test g4_s5b0_regime_atlas::stage_trajectory_geometry_tests::one_pair_wall_protocol_is_self_describing_and_identity_checked ... ignored, optimized all-six wall-contract check; run explicitly with --profile measurement
test g4_s5b0_regime_atlas::stage_trajectory_geometry_tests::production_shadow_wall_protocol_is_frozen_and_alternating ... ok
test g4_s5b0_regime_atlas::stage_trajectory_geometry_tests::stage_trajectory_shape_matches_power_law_and_rejects_nonpositive_inputs ... ok
test g4_s5b0_regime_atlas::live_rodas_step_tests::live_atlas_step_uses_wrms_inner_forcing ... ok
test dense_output_v2::failure_preservation_tests::post_work_dense_interpolation_error_preserves_work_diagnostics_and_prefix ... ok
test g4_s5b0_regime_atlas::trajectory_work_accounting_tests::trajectory_totals_charge_every_attempt ... ok
test radau::tests::real_eigenvector_matches_the_scipy_transform_column ... ok
test radau::tests::stage_lu_estimator_drops_exactly_one_factorization_per_trial ... ok
test rodas5p_fast::tests::in_place_lu_solves_pivoted_and_banded_systems ... ok
test sequential::forcing_resolution_tests::the_last_pass_is_judged_against_the_limit_of_its_own_estimate ... ok
test transactional_q1_q2::tests::multi_row_failure_retains_later_row_shifted_work ... ok
test unified_gates::qualification_tests::every_above_roundoff_order_must_meet_the_floor ... ok
test unified_gates::qualification_tests::gate_against_a_reference_only_comparator_is_not_evaluated ... ok
test common_w_gate::tests::smoke_matrix_free_solutions_match_offline_materialized_direct_oracle ... ok
test unified_gates::qualification_tests::qualification_order_ignores_a_roundoff_contaminated_finest_pair ... ok
test unified_gates::qualification_tests::qualification_order_keeps_the_finest_pair_when_it_is_above_roundoff ... ok
test g4_s5b0_regime_atlas::stage_trajectory_geometry_tests::v37_zero_cap_runner_emits_charged_exhaustions_without_endpoint_labels ... ok
test unified_gates::qualification_tests::iterative_sequential_order_rows_survive_roundoff_level_refinement ... ok
test g4_s5b0_regime_atlas::stage_trajectory_geometry_tests::v37_outcome_semantics_reject_crossed_labels_flags_and_endpoint_evidence ... ok

test result: ok. 31 passed; 0 failed; 1 ignored; 0 measured; 0 filtered out; finished in 4.10s

     Running tests/a1_committed_trace_regression.rs (target/debug/deps/a1_committed_trace_regression-2c6cd1a3df841650)

running 1 test
test historical_external_digest_is_preserved_while_v2_trace_has_its_own_baseline ... ok

test result: ok. 1 passed; 0 failed; 0 ignored; 0 measured; 0 filtered out; finished in 0.19s

     Running tests/a1_inner_tolerance_parity_contracts.rs (target/debug/deps/a1_inner_tolerance_parity_contracts-5a46284239b5d158)

running 6 tests
test both_arms_preserve_the_exact_pre_a1_phi_arithmetic ... ok
test legacy_arm_preserves_the_protected_pre_a1_gmres_values ... ok
test all_six_runtime_lane_accessors_are_value_equivalent_for_a_given_arm ... ok
test outer_scaled_arm_matches_the_preserved_phi_numbers_without_semantic_overclaim ... ok
test solver_structure_remains_arm_independent ... ok
test tolerance_construction_is_fallible_and_never_requires_abort ... ok

test result: ok. 6 passed; 0 failed; 0 ignored; 0 measured; 0 filtered out; finished in 0.00s

     Running tests/a1_two_arm_receipt_contracts.rs (target/debug/deps/a1_two_arm_receipt_contracts-eb3967c1864bf53a)

running 5 tests
test scientific_execution_identity_rejects_late_bound_or_malformed_values ... ok
test unrecommended_hires_event_has_arm_bound_independent_audit_evidence ... ok
test receipt_only_candidate_is_explicit_and_ordinary_runtime_remains_legacy_fixed ... ok
test audit_execution_is_neutral_to_runtime_policy_budgets_controller_and_trace ... ok
test all_two_by_six_cells_have_explicit_complete_or_reasoned_audit_states has been running for over 60 seconds
