/home/cosmosapjw/.local/lib/python3.12/site-packages/matplotlib/projections/__init__.py:63: UserWarning: Unable to import Axes3D. This may be due to multiple versions of Matplotlib being installed (e.g. as a system package and as a pip package). As a result, the 3D projection is not available.
  warnings.warn("Unable to import Axes3D. This may be due to multiple versions of "
| problem | arm | k | h | err_max | slope | err_end | slope | rej? | fails | rhs | jvp | lin_it | eta_mean | eta_max | clamp@0.5 | status |
|---|---|---|---|---|---|---|---|---|---|---|---|---|---|---|---|---|
| p1 | adaptive:1e-10 | 0 | 1.73e-03 | 2.904e-11 |  | 2.904e-11 |  | 7/578 | 3 | 4662 | 595592 | 565120 |  |  |  | ok success |
| p1 | adaptive:1e-4 | 0 | 1.05e-02 | 1.847e-05 |  | 1.847e-05 |  | 6/95 | 0 | 808 | 143264 | 136768 |  |  |  | ok success |
| p1 | adaptive:1e-6 | 0 | 7.14e-03 | 2.064e-07 |  | 2.064e-07 |  | 6/140 | 0 | 1168 | 240317 | 229920 |  |  |  | ok success |
| p1 | adaptive:1e-8 | 0 | 3.89e-03 | 2.662e-09 |  | 2.662e-09 |  | 6/257 | 0 | 2104 | 371657 | 354784 |  |  |  | ok success |
| p1 | direct | 3 | 1.25e-01 | 9.071e-02 |  | 4.349e-08 |  | 8/8 | 0 | 64 | 56 | 0 |  |  |  | ok  |
| p1 | direct | 4 | 6.25e-02 | 7.967e-02 | 0.19 | 1.823e-09 | 4.58 | 16/16 | 0 | 128 | 112 | 0 |  |  |  | ok  |
| p1 | direct | 5 | 3.12e-02 | 7.769e-02 | 0.04 | 1.261e-10 | 3.85 | 13/32 | 0 | 256 | 224 | 0 |  |  |  | ok  |
| p1 | direct | 6 | 1.56e-02 | 1.012e-01 | -0.38 | 9.711e-12 | 3.70 | 14/64 | 0 | 512 | 448 | 0 |  |  |  | ok  |
| p1 | direct | 7 | 7.81e-03 | 9.763e-02 | 0.05 | 6.826e-12 | 0.51 | 15/128 | 0 | 1024 | 896 | 0 |  |  |  | ok  |
| p1 | direct | 8 | 3.91e-03 | 6.052e-02 | 0.69 | 2.819e-12 | 1.28 | 16/256 | 0 | 2048 | 1792 | 0 |  |  |  | ok  |
| p1 | direct | 9 | 1.95e-03 | 5.473e-02 | 0.15 | 1.695e-12 | 0.73 | 13/512 | 0 | 4096 | 3584 | 0 |  |  |  | ok  |
| p1 | direct | 10 | 9.77e-04 | 4.701e-02 | 0.22 | 1.587e-12 | 0.10 | 12/1024 | 0 | 8192 | 7168 | 0 |  |  |  | ok  |
| p1 | forcing:1e-10 | 3 | 1.25e-01 | 0.000e+00 |  | 0.000e+00 |  | 0/8 | 0 | 1 | 0 | 0 |  |  |  | failed step 0 t=0: linear solve failed: RODAS5P inner-for |
| p1 | forcing:1e-10 | 4 | 6.25e-02 | 0.000e+00 | nan | 0.000e+00 | nan | 0/16 | 0 | 1 | 0 | 0 |  |  |  | failed step 0 t=0: linear solve failed: RODAS5P inner-for |
| p1 | forcing:1e-10 | 5 | 3.12e-02 | 0.000e+00 | nan | 0.000e+00 | nan | 0/32 | 0 | 1 | 0 | 0 |  |  |  | failed step 0 t=0: linear solve failed: RODAS5P inner-for |
| p1 | forcing:1e-10 | 6 | 1.56e-02 | 0.000e+00 | nan | 0.000e+00 | nan | 0/64 | 0 | 1 | 0 | 0 |  |  |  | failed step 0 t=0: linear solve failed: RODAS5P inner-for |
| p1 | forcing:1e-10 | 7 | 7.81e-03 | 0.000e+00 | nan | 0.000e+00 | nan | 0/128 | 0 | 1 | 0 | 0 |  |  |  | failed step 0 t=0: linear solve failed: RODAS5P inner-for |
| p1 | forcing:1e-10 | 8 | 3.91e-03 | 0.000e+00 | nan | 0.000e+00 | nan | 0/256 | 0 | 1 | 0 | 0 |  |  |  | failed step 0 t=0: linear solve failed: RODAS5P inner-for |
| p1 | forcing:1e-10 | 9 | 1.95e-03 | 0.000e+00 | nan | 0.000e+00 | nan | 0/512 | 0 | 1 | 0 | 0 |  |  |  | failed step 0 t=0: linear solve failed: RODAS5P inner-for |
| p1 | forcing:1e-10 | 10 | 9.77e-04 | 0.000e+00 | nan | 0.000e+00 | nan | 0/1024 | 0 | 1 | 0 | 0 |  |  |  | failed step 0 t=0: linear solve failed: RODAS5P inner-for |
| p1 | forcing:1e-4 | 3 | 1.25e-01 | 9.071e-02 |  | 6.886e-06 |  | 4/8 | 0 | 64 | 157058 | 152128 | 1.0e-09 | 1.8e-09 | 0.00 | ok  |
| p1 | forcing:1e-4 | 4 | 6.25e-02 | 7.967e-02 | 0.19 | 1.091e-05 | -0.66 | 4/16 | 0 | 128 | 147334 | 142528 | 3.6e-09 | 5.8e-09 | 0.00 | ok  |
| p1 | forcing:1e-4 | 5 | 3.12e-02 | 7.768e-02 | 0.04 | 1.450e-05 | -0.41 | 4/32 | 0 | 256 | 138842 | 133952 | 1.2e-08 | 2.6e-08 | 0.00 | ok  |
| p1 | forcing:1e-4 | 6 | 1.56e-02 | 1.012e-01 | -0.38 | 1.789e-05 | -0.30 | 4/64 | 0 | 512 | 138094 | 132544 | 4.5e-08 | 8.3e-08 | 0.00 | ok  |
| p1 | forcing:1e-4 | 7 | 7.81e-03 | 9.763e-02 | 0.05 | 1.496e-05 | 0.26 | 4/128 | 0 | 1024 | 143561 | 136480 | 1.7e-07 | 3.1e-07 | 0.00 | ok  |
| p1 | forcing:1e-4 | 8 | 3.91e-03 | 6.052e-02 | 0.69 | 1.390e-05 | 0.11 | 4/256 | 0 | 2048 | 171127 | 160480 | 6.4e-07 | 1.3e-06 | 0.00 | ok  |
| p1 | forcing:1e-4 | 9 | 1.95e-03 | 5.473e-02 | 0.15 | 7.095e-06 | 0.97 | 4/512 | 0 | 4096 | 223487 | 205792 | 2.5e-06 | 4.9e-06 | 0.00 | ok  |
| p1 | forcing:1e-4 | 10 | 9.77e-04 | 4.701e-02 | 0.22 | 1.280e-05 | -0.85 | 4/1024 | 0 | 8192 | 315865 | 284448 | 9.8e-06 | 1.9e-05 | 0.00 | ok  |
| p1 | forcing:1e-6 | 3 | 1.25e-01 | 9.071e-02 |  | 8.631e-08 |  | 6/8 | 0 | 64 | 235334 | 228032 | 1.0e-11 | 1.8e-11 | 0.00 | ok  |
| p1 | forcing:1e-6 | 4 | 6.25e-02 | 7.967e-02 | 0.19 | 1.138e-07 | -0.40 | 6/16 | 0 | 128 | 229174 | 221888 | 3.6e-11 | 5.8e-11 | 0.00 | ok  |
| p1 | forcing:1e-6 | 5 | 3.12e-02 | 7.769e-02 | 0.04 | 1.684e-07 | -0.57 | 6/32 | 0 | 256 | 220517 | 213152 | 1.2e-10 | 2.6e-10 | 0.00 | ok  |
| p1 | forcing:1e-6 | 6 | 1.56e-02 | 1.012e-01 | -0.38 | 2.172e-07 | -0.37 | 7/64 | 0 | 512 | 223498 | 215360 | 4.5e-10 | 8.3e-10 | 0.00 | ok  |
| p1 | forcing:1e-6 | 7 | 7.81e-03 | 9.763e-02 | 0.05 | 1.927e-07 | 0.17 | 7/128 | 0 | 1024 | 240812 | 230784 | 1.7e-09 | 3.1e-09 | 0.00 | ok  |
| p1 | forcing:1e-6 | 8 | 3.91e-03 | 6.052e-02 | 0.69 | 1.210e-07 | 0.67 | 6/256 | 0 | 2048 | 283690 | 269632 | 6.4e-09 | 1.3e-08 | 0.00 | ok  |
| p1 | forcing:1e-6 | 9 | 1.95e-03 | 5.473e-02 | 0.15 | 1.000e-07 | 0.27 | 6/512 | 0 | 4096 | 359117 | 337312 | 2.5e-08 | 4.9e-08 | 0.00 | ok  |
| p1 | forcing:1e-6 | 10 | 9.77e-04 | 4.701e-02 | 0.22 | 8.605e-08 | 0.22 | 6/1024 | 0 | 8192 | 514558 | 477120 | 9.8e-08 | 1.9e-07 | 0.00 | ok  |
| p1 | forcing:1e-8 | 3 | 1.25e-01 | 0.000e+00 |  | 0.000e+00 |  | 0/8 | 0 | 1 | 0 | 0 |  |  |  | failed step 0 t=0: linear solve failed: RODAS5P inner-for |
| p1 | forcing:1e-8 | 4 | 6.25e-02 | 0.000e+00 | nan | 0.000e+00 | nan | 0/16 | 0 | 1 | 0 | 0 |  |  |  | failed step 0 t=0: linear solve failed: RODAS5P inner-for |
| p1 | forcing:1e-8 | 5 | 3.12e-02 | 0.000e+00 | nan | 0.000e+00 | nan | 0/32 | 0 | 1 | 0 | 0 |  |  |  | failed step 0 t=0: linear solve failed: RODAS5P inner-for |
| p1 | forcing:1e-8 | 6 | 1.56e-02 | 0.000e+00 | nan | 0.000e+00 | nan | 0/64 | 0 | 1 | 0 | 0 |  |  |  | failed step 0 t=0: linear solve failed: RODAS5P inner-for |
| p1 | forcing:1e-8 | 7 | 7.81e-03 | 0.000e+00 | nan | 0.000e+00 | nan | 0/128 | 0 | 1 | 0 | 0 |  |  |  | failed step 0 t=0: linear solve failed: RODAS5P inner-for |
| p1 | forcing:1e-8 | 8 | 3.91e-03 | 0.000e+00 | nan | 0.000e+00 | nan | 0/256 | 0 | 4 | 998 | 960 |  |  |  | failed step 0 t=0: linear solve failed: RODAS5P inner-for |
| p1 | forcing:1e-8 | 9 | 1.95e-03 | 5.473e-02 | nan | 9.010e-09 | nan | 13/512 | 0 | 4096 | 512171 | 485728 | 2.5e-10 | 4.9e-10 | 0.00 | ok  |
| p1 | forcing:1e-8 | 10 | 9.77e-04 | 4.701e-02 | 0.22 | 1.397e-09 | 2.69 | 12/1024 | 0 | 8192 | 703549 | 660384 | 9.8e-10 | 1.9e-09 | 0.00 | ok  |
| p1 | gmres:1e-12 | 3 | 1.25e-01 | 9.071e-02 |  | 1.185e-07 |  | 8/8 | 0 | 64 | 268730 | 260416 |  |  |  | ok  |
| p1 | gmres:1e-12 | 4 | 6.25e-02 | 7.967e-02 | 0.19 | 1.676e-08 | 2.82 | 16/16 | 0 | 128 | 292435 | 283232 |  |  |  | ok  |
| p1 | gmres:1e-12 | 5 | 3.12e-02 | 7.769e-02 | 0.04 | 2.980e-09 | 2.49 | 13/32 | 0 | 256 | 311927 | 301792 |  |  |  | ok  |
| p1 | gmres:1e-12 | 6 | 1.56e-02 | 1.012e-01 | -0.38 | 7.165e-10 | 2.06 | 14/64 | 0 | 512 | 350416 | 338432 |  |  |  | ok  |
| p1 | gmres:1e-12 | 7 | 7.81e-03 | 9.763e-02 | 0.05 | 2.118e-10 | 1.76 | 15/128 | 0 | 1024 | 410399 | 395232 |  |  |  | ok  |
| p1 | gmres:1e-12 | 8 | 3.91e-03 | 6.052e-02 | 0.69 | 7.012e-11 | 1.60 | 16/256 | 0 | 2048 | 516571 | 495456 |  |  |  | ok  |
| p1 | gmres:1e-12 | 9 | 1.95e-03 | 5.473e-02 | 0.15 | 3.463e-11 | 1.02 | 13/512 | 0 | 4096 | 697004 | 664960 |  |  |  | ok  |
| p1 | gmres:1e-12 | 10 | 9.77e-04 | 4.701e-02 | 0.22 | 1.148e-11 | 1.59 | 12/1024 | 0 | 8192 | 973126 | 921792 |  |  |  | ok  |
| p1 | gmres:1e-3 | 3 | 1.25e-01 | 2.917e+00 |  | 1.172e+00 |  | 8/8 | 0 | 64 | 11066 | 10560 |  |  |  | ok  |
| p1 | gmres:1e-3 | 4 | 6.25e-02 | 1.665e+00 | 0.81 | 8.325e-01 | 0.49 | 16/16 | 0 | 128 | 12034 | 11328 |  |  |  | ok  |
| p1 | gmres:1e-3 | 5 | 3.12e-02 | 1.496e+00 | 0.15 | 3.659e-01 | 1.19 | 32/32 | 0 | 256 | 18788 | 17536 |  |  |  | ok  |
| p1 | gmres:1e-3 | 6 | 1.56e-02 | 3.218e+00 | -1.11 | 1.457e-01 | 1.33 | 64/64 | 0 | 512 | 29128 | 26880 |  |  |  | ok  |
| p1 | gmres:1e-3 | 7 | 7.81e-03 | 2.121e+00 | 0.60 | 2.910e-02 | 2.32 | 128/128 | 0 | 1024 | 48125 | 43936 |  |  |  | ok  |
| p1 | gmres:1e-3 | 8 | 3.91e-03 | 1.153e+00 | 0.88 | 3.314e-03 | 3.13 | 256/256 | 0 | 2048 | 84832 | 76800 |  |  |  | ok  |
| p1 | gmres:1e-3 | 9 | 1.95e-03 | 4.222e-01 | 1.45 | 6.952e-04 | 2.25 | 512/512 | 0 | 4096 | 132737 | 117792 |  |  |  | ok  |
| p1 | gmres:1e-3 | 10 | 9.77e-04 | 2.031e-01 | 1.06 | 1.166e-03 | -0.75 | 1024/1024 | 0 | 8192 | 257983 | 228320 |  |  |  | ok  |
| p1 | gmres:1e-6 | 3 | 1.25e-01 | 2.249e-01 |  | 6.418e-03 |  | 8/8 | 0 | 64 | 48290 | 46656 |  |  |  | ok  |
| p1 | gmres:1e-6 | 4 | 6.25e-02 | 1.292e-01 | 0.80 | 1.965e-03 | 1.71 | 16/16 | 0 | 128 | 56188 | 54144 |  |  |  | ok  |
| p1 | gmres:1e-6 | 5 | 3.12e-02 | 8.637e-02 | 0.58 | 6.314e-04 | 1.64 | 32/32 | 0 | 256 | 65714 | 63040 |  |  |  | ok  |
| p1 | gmres:1e-6 | 6 | 1.56e-02 | 1.123e-01 | -0.38 | 2.042e-04 | 1.63 | 64/64 | 0 | 512 | 81466 | 77632 |  |  |  | ok  |
| p1 | gmres:1e-6 | 7 | 7.81e-03 | 9.957e-02 | 0.17 | 3.579e-05 | 2.51 | 128/128 | 0 | 1024 | 106568 | 100608 |  |  |  | ok  |
| p1 | gmres:1e-6 | 8 | 3.91e-03 | 5.982e-02 | 0.74 | 5.870e-05 | -0.71 | 256/256 | 0 | 2048 | 158719 | 148448 |  |  |  | ok  |
| p1 | gmres:1e-6 | 9 | 1.95e-03 | 5.453e-02 | 0.13 | 1.546e-05 | 1.93 | 512/512 | 0 | 4096 | 242858 | 224576 |  |  |  | ok  |
| p1 | gmres:1e-6 | 10 | 9.77e-04 | 4.738e-02 | 0.20 | 5.523e-06 | 1.48 | 981/1024 | 0 | 8192 | 366454 | 333504 |  |  |  | ok  |
| p1 | gmres:1e-9 | 3 | 1.25e-01 | 9.068e-02 |  | 3.812e-05 |  | 8/8 | 0 | 64 | 149303 | 144608 |  |  |  | ok  |
| p1 | gmres:1e-9 | 4 | 6.25e-02 | 7.967e-02 | 0.19 | 6.972e-06 | 2.45 | 16/16 | 0 | 128 | 163141 | 157856 |  |  |  | ok  |
| p1 | gmres:1e-9 | 5 | 3.12e-02 | 7.765e-02 | 0.04 | 1.514e-06 | 2.20 | 32/32 | 0 | 256 | 178343 | 172256 |  |  |  | ok  |
| p1 | gmres:1e-9 | 6 | 1.56e-02 | 1.011e-01 | -0.38 | 4.694e-07 | 1.69 | 51/64 | 0 | 512 | 205480 | 197888 |  |  |  | ok  |
| p1 | gmres:1e-9 | 7 | 7.81e-03 | 9.763e-02 | 0.05 | 1.416e-07 | 1.73 | 14/128 | 0 | 1024 | 248105 | 237856 |  |  |  | ok  |
| p1 | gmres:1e-9 | 8 | 3.91e-03 | 6.052e-02 | 0.69 | 2.255e-09 | 5.97 | 16/256 | 0 | 2048 | 332233 | 316704 |  |  |  | ok  |
| p1 | gmres:1e-9 | 9 | 1.95e-03 | 5.473e-02 | 0.15 | 1.405e-08 | -2.64 | 13/512 | 0 | 4096 | 459602 | 434752 |  |  |  | ok  |
| p1 | gmres:1e-9 | 10 | 9.77e-04 | 4.701e-02 | 0.22 | 1.030e-09 | 3.77 | 12/1024 | 0 | 8192 | 731863 | 687840 |  |  |  | ok  |
| p1ns | direct | 3 | 1.25e-01 | 6.751e-07 |  | 1.933e-08 |  | 8/8 | 0 | 64 | 56 | 0 |  |  |  | ok  |
| p1ns | direct | 4 | 6.25e-02 | 3.024e-08 | 4.48 | 5.805e-10 | 5.06 | 15/16 | 0 | 128 | 112 | 0 |  |  |  | ok  |
| p1ns | direct | 5 | 3.12e-02 | 6.985e-10 | 5.44 | 1.532e-11 | 5.24 | 16/32 | 0 | 256 | 224 | 0 |  |  |  | ok  |
| p1ns | direct | 6 | 1.56e-02 | 1.318e-11 | 5.73 | 4.059e-13 | 5.24 | 2/64 | 0 | 512 | 448 | 0 |  |  |  | ok  |
| p1ns | direct | 7 | 7.81e-03 | 2.248e-13 | 5.87 | 1.143e-14 | 5.15 | 0/128 | 0 | 1024 | 896 | 0 |  |  |  | ok  |
| p1ns | direct | 8 | 3.91e-03 | 3.368e-15 | 6.06 | 2.458e-15 | 2.22 | 0/256 | 0 | 2048 | 1792 | 0 |  |  |  | ok  |
| p1ns | direct | 9 | 1.95e-03 | 2.873e-15 | 0.23 | 2.294e-15 | 0.10 | 0/512 | 0 | 4096 | 3584 | 0 |  |  |  | ok  |
| p1ns | direct | 10 | 9.77e-04 | 2.908e-15 | -0.02 | 2.376e-15 | -0.05 | 0/1024 | 0 | 8192 | 7168 | 0 |  |  |  | ok  |
| p1ns | direct_embedded | 3 | 1.25e-01 | 8.368e-05 |  | 1.149e-06 |  | 8/8 | 0 | 64 | 56 | 0 |  |  |  | ok  |
| p1ns | direct_embedded | 4 | 6.25e-02 | 3.974e-06 | 4.40 | 5.937e-08 | 4.27 | 15/16 | 0 | 128 | 112 | 0 |  |  |  | ok  |
| p1ns | direct_embedded | 5 | 3.12e-02 | 2.025e-07 | 4.29 | 3.273e-09 | 4.18 | 16/32 | 0 | 256 | 224 | 0 |  |  |  | ok  |
| p1ns | direct_embedded | 6 | 1.56e-02 | 1.108e-08 | 4.19 | 1.900e-10 | 4.11 | 2/64 | 0 | 512 | 448 | 0 |  |  |  | ok  |
| p1ns | direct_embedded | 7 | 7.81e-03 | 6.377e-10 | 4.12 | 1.140e-11 | 4.06 | 0/128 | 0 | 1024 | 896 | 0 |  |  |  | ok  |
| p1ns | direct_embedded | 8 | 3.91e-03 | 3.809e-11 | 4.07 | 6.975e-13 | 4.03 | 0/256 | 0 | 2048 | 1792 | 0 |  |  |  | ok  |
| p1ns | direct_embedded | 9 | 1.95e-03 | 2.323e-12 | 4.04 | 4.539e-14 | 3.94 | 0/512 | 0 | 4096 | 3584 | 0 |  |  |  | ok  |
| p1ns | direct_embedded | 10 | 9.77e-04 | 1.431e-13 | 4.02 | 3.810e-15 | 3.57 | 0/1024 | 0 | 8192 | 7168 | 0 |  |  |  | ok  |
| p1pr | direct | 3 | 1.25e-01 | 3.787e-08 |  | 3.256e-08 |  | 8/8 | 0 | 64 | 56 | 0 |  |  |  | ok  |
| p1pr | direct | 4 | 6.25e-02 | 2.344e-09 | 4.01 | 2.004e-09 | 4.02 | 16/16 | 0 | 128 | 112 | 0 |  |  |  | ok  |
| p1pr | direct | 5 | 3.12e-02 | 1.437e-10 | 4.03 | 1.437e-10 | 3.80 | 0/32 | 0 | 256 | 224 | 0 |  |  |  | ok  |
| p1pr | direct | 6 | 1.56e-02 | 8.791e-12 | 4.03 | 8.088e-12 | 4.15 | 0/64 | 0 | 512 | 448 | 0 |  |  |  | ok  |
| p1pr | direct | 7 | 7.81e-03 | 7.090e-13 | 3.63 | 6.980e-13 | 3.53 | 0/128 | 0 | 1024 | 896 | 0 |  |  |  | ok  |
| p1pr | direct | 8 | 3.91e-03 | 6.630e-14 | 3.42 | 5.585e-14 | 3.64 | 0/256 | 0 | 2048 | 1792 | 0 |  |  |  | ok  |
| p1pr | direct | 9 | 1.95e-03 | 1.691e-14 | 1.97 | 1.110e-14 | 2.33 | 0/512 | 0 | 4096 | 3584 | 0 |  |  |  | ok  |
| p1pr | direct | 10 | 9.77e-04 | 6.550e-15 | 1.37 | 4.608e-15 | 1.27 | 0/1024 | 0 | 8192 | 7168 | 0 |  |  |  | ok  |
| p1pr | forcing:1e-10 | 3 | 1.25e-01 | 0.000e+00 |  | 0.000e+00 |  | 0/8 | 0 | 1 | 0 | 0 |  |  |  | failed step 0 t=0: linear solve failed: RODAS5P inner-for |
| p1pr | forcing:1e-10 | 4 | 6.25e-02 | 0.000e+00 | nan | 0.000e+00 | nan | 0/16 | 0 | 1 | 0 | 0 |  |  |  | failed step 0 t=0: linear solve failed: RODAS5P inner-for |
| p1pr | forcing:1e-10 | 5 | 3.12e-02 | 0.000e+00 | nan | 0.000e+00 | nan | 0/32 | 0 | 1 | 0 | 0 |  |  |  | failed step 0 t=0: linear solve failed: RODAS5P inner-for |
| p1pr | forcing:1e-10 | 6 | 1.56e-02 | 2.916e-11 | nan | 2.719e-11 | nan | 15/64 | 0 | 512 | 411532 | 397696 | 4.5e-14 | 8.3e-14 | 0.00 | ok  |
| p1pr | forcing:1e-10 | 7 | 7.81e-03 | 3.348e-11 | -0.20 | 3.172e-11 | -0.22 | 0/128 | 0 | 1024 | 448646 | 432320 | 1.7e-13 | 3.2e-13 | 0.00 | ok  |
| p1pr | forcing:1e-10 | 8 | 3.91e-03 | 4.100e-11 | -0.29 | 3.504e-11 | -0.14 | 0/256 | 0 | 2048 | 524821 | 503456 | 6.4e-13 | 1.2e-12 | 0.00 | ok  |
| p1pr | forcing:1e-10 | 9 | 1.95e-03 | 1.081e-11 | 1.92 | 3.568e-12 | 3.30 | 0/512 | 0 | 4096 | 651134 | 620480 | 2.5e-12 | 4.9e-12 | 0.00 | ok  |
| p1pr | forcing:1e-10 | 10 | 9.77e-04 | 7.354e-11 | -2.77 | 6.192e-11 | -4.12 | 0/1024 | 0 | 8192 | 899734 | 850624 | 9.7e-12 | 1.9e-11 | 0.00 | ok  |
| p1pr | forcing:1e-4 | 3 | 1.25e-01 | 1.200e-05 |  | 1.160e-05 |  | 0/8 | 0 | 64 | 134783 | 130528 | 1.2e-09 | 1.7e-09 | 0.00 | ok  |
| p1pr | forcing:1e-4 | 4 | 6.25e-02 | 1.618e-05 | -0.43 | 1.605e-05 | -0.47 | 0/16 | 0 | 128 | 127633 | 123424 | 3.7e-09 | 6.1e-09 | 0.00 | ok  |
| p1pr | forcing:1e-4 | 5 | 3.12e-02 | 1.912e-05 | -0.24 | 1.905e-05 | -0.25 | 0/32 | 0 | 256 | 122573 | 118176 | 1.3e-08 | 2.2e-08 | 0.00 | ok  |
| p1pr | forcing:1e-4 | 6 | 1.56e-02 | 2.530e-05 | -0.40 | 2.490e-05 | -0.39 | 0/64 | 0 | 512 | 126610 | 121408 | 4.5e-08 | 8.3e-08 | 0.00 | ok  |
| p1pr | forcing:1e-4 | 7 | 7.81e-03 | 2.682e-05 | -0.08 | 2.682e-05 | -0.11 | 0/128 | 0 | 1024 | 132935 | 126176 | 1.7e-07 | 3.2e-07 | 0.00 | ok  |
| p1pr | forcing:1e-4 | 8 | 3.91e-03 | 3.232e-05 | -0.27 | 2.745e-05 | -0.03 | 0/256 | 0 | 2048 | 161293 | 150944 | 6.4e-07 | 1.2e-06 | 0.00 | ok  |
| p1pr | forcing:1e-4 | 9 | 1.95e-03 | 1.454e-05 | 1.15 | 1.008e-05 | 1.44 | 0/512 | 0 | 4096 | 216623 | 199136 | 2.5e-06 | 4.9e-06 | 0.00 | ok  |
| p1pr | forcing:1e-4 | 10 | 9.77e-04 | 1.945e-05 | -0.42 | 1.941e-05 | -0.94 | 0/1024 | 0 | 8192 | 309100 | 277888 | 9.7e-06 | 1.9e-05 | 0.00 | ok  |
| p1pr | forcing:1e-6 | 3 | 1.25e-01 | 1.397e-07 |  | 1.357e-07 |  | 0/8 | 0 | 64 | 211805 | 205216 | 1.2e-11 | 1.7e-11 | 0.00 | ok  |
| p1pr | forcing:1e-6 | 4 | 6.25e-02 | 1.666e-07 | -0.25 | 1.660e-07 | -0.29 | 0/16 | 0 | 128 | 204721 | 198176 | 3.7e-11 | 6.1e-11 | 0.00 | ok  |
| p1pr | forcing:1e-6 | 5 | 3.12e-02 | 2.246e-07 | -0.43 | 2.222e-07 | -0.42 | 0/32 | 0 | 256 | 201641 | 194848 | 1.3e-10 | 2.2e-10 | 0.00 | ok  |
| p1pr | forcing:1e-6 | 6 | 1.56e-02 | 2.931e-07 | -0.38 | 2.778e-07 | -0.32 | 0/64 | 0 | 512 | 211585 | 203808 | 4.5e-10 | 8.3e-10 | 0.00 | ok  |
| p1pr | forcing:1e-6 | 7 | 7.81e-03 | 2.748e-07 | 0.09 | 2.736e-07 | 0.02 | 0/128 | 0 | 1024 | 229658 | 219968 | 1.7e-09 | 3.2e-09 | 0.00 | ok  |
| p1pr | forcing:1e-6 | 8 | 3.91e-03 | 1.549e-07 | 0.83 | 1.405e-07 | 0.96 | 0/256 | 0 | 2048 | 276034 | 262208 | 6.4e-09 | 1.2e-08 | 0.00 | ok  |
| p1pr | forcing:1e-6 | 9 | 1.95e-03 | 9.963e-08 | 0.64 | 7.501e-08 | 0.91 | 0/512 | 0 | 4096 | 349052 | 327552 | 2.5e-08 | 4.9e-08 | 0.00 | ok  |
| p1pr | forcing:1e-6 | 10 | 9.77e-04 | 3.192e-07 | -1.68 | 2.780e-07 | -1.89 | 0/1024 | 0 | 8192 | 505054 | 467904 | 9.7e-08 | 1.9e-07 | 0.00 | ok  |
| p1pr | forcing:1e-8 | 3 | 1.25e-01 | 3.817e-08 |  | 3.233e-08 |  | 8/8 | 0 | 64 | 295031 | 285920 | 1.2e-13 | 1.7e-13 | 0.00 | ok  |
| p1pr | forcing:1e-8 | 4 | 6.25e-02 | 3.156e-09 | 3.60 | 3.156e-09 | 3.36 | 16/16 | 0 | 128 | 290917 | 281760 | 3.7e-13 | 6.1e-13 | 0.00 | ok  |
| p1pr | forcing:1e-8 | 5 | 3.12e-02 | 2.255e-09 | 0.49 | 2.213e-09 | 0.51 | 0/32 | 0 | 256 | 289982 | 280512 | 1.3e-12 | 2.2e-12 | 0.00 | ok  |
| p1pr | forcing:1e-8 | 6 | 1.56e-02 | 2.767e-09 | -0.30 | 2.730e-09 | -0.30 | 0/64 | 0 | 512 | 305404 | 294784 | 4.5e-12 | 8.3e-12 | 0.00 | ok  |
| p1pr | forcing:1e-8 | 7 | 7.81e-03 | 2.807e-09 | -0.02 | 2.786e-09 | -0.03 | 0/128 | 0 | 1024 | 329648 | 316928 | 1.7e-11 | 3.2e-11 | 0.00 | ok  |
| p1pr | forcing:1e-8 | 8 | 3.91e-03 | 5.151e-09 | -0.88 | 5.068e-09 | -0.86 | 0/256 | 0 | 2048 | 391534 | 374208 | 6.4e-11 | 1.2e-10 | 0.00 | ok  |
| p1pr | forcing:1e-8 | 9 | 1.95e-03 | 1.330e-08 | -1.37 | 1.232e-08 | -1.28 | 0/512 | 0 | 4096 | 499994 | 473920 | 2.5e-10 | 4.9e-10 | 0.00 | ok  |
| p1pr | forcing:1e-8 | 10 | 9.77e-04 | 1.977e-09 | 2.75 | 1.418e-09 | 3.12 | 0/1024 | 0 | 8192 | 698632 | 655616 | 9.7e-10 | 1.9e-09 | 0.00 | ok  |
| p1pr | gmres:1e-12 | 3 | 1.25e-01 | 4.002e-08 |  | 3.587e-08 |  | 8/8 | 0 | 64 | 257444 | 249472 |  |  |  | ok  |
| p1pr | gmres:1e-12 | 4 | 6.25e-02 | 4.553e-09 | 3.14 | 4.517e-09 | 2.99 | 16/16 | 0 | 128 | 275110 | 266432 |  |  |  | ok  |
| p1pr | gmres:1e-12 | 5 | 3.12e-02 | 1.382e-09 | 1.72 | 1.382e-09 | 1.71 | 0/32 | 0 | 256 | 294998 | 285376 |  |  |  | ok  |
| p1pr | gmres:1e-12 | 6 | 1.56e-02 | 5.022e-10 | 1.46 | 5.022e-10 | 1.46 | 0/64 | 0 | 512 | 338569 | 326944 |  |  |  | ok  |
| p1pr | gmres:1e-12 | 7 | 7.81e-03 | 2.921e-10 | 0.78 | 2.921e-10 | 0.78 | 0/128 | 0 | 1024 | 398387 | 383584 |  |  |  | ok  |
| p1pr | gmres:1e-12 | 8 | 3.91e-03 | 8.861e-11 | 1.72 | 8.072e-11 | 1.86 | 0/256 | 0 | 2048 | 506473 | 485664 |  |  |  | ok  |
| p1pr | gmres:1e-12 | 9 | 1.95e-03 | 4.097e-11 | 1.11 | 4.097e-11 | 0.98 | 0/512 | 0 | 4096 | 687170 | 655424 |  |  |  | ok  |
| p1pr | gmres:1e-12 | 10 | 9.77e-04 | 1.362e-11 | 1.59 | 1.362e-11 | 1.59 | 0/1024 | 0 | 8192 | 968704 | 917504 |  |  |  | ok  |
| p1pr | gmres:1e-3 | 3 | 1.25e-01 | 8.971e-01 |  | 8.840e-01 |  | 8/8 | 0 | 64 | 7469 | 7072 |  |  |  | ok  |
| p1pr | gmres:1e-3 | 4 | 6.25e-02 | 9.418e-01 | -0.07 | 9.418e-01 | -0.09 | 16/16 | 0 | 128 | 10417 | 9760 |  |  |  | ok  |
| p1pr | gmres:1e-3 | 5 | 3.12e-02 | 3.935e-01 | 1.26 | 3.935e-01 | 1.26 | 32/32 | 0 | 256 | 17369 | 16160 |  |  |  | ok  |
| p1pr | gmres:1e-3 | 6 | 1.56e-02 | 1.704e-01 | 1.21 | 1.645e-01 | 1.26 | 64/64 | 0 | 512 | 27115 | 24928 |  |  |  | ok  |
| p1pr | gmres:1e-3 | 7 | 7.81e-03 | 3.209e-02 | 2.41 | 3.107e-02 | 2.40 | 128/128 | 0 | 1024 | 46145 | 42016 |  |  |  | ok  |
| p1pr | gmres:1e-3 | 8 | 3.91e-03 | 3.624e-03 | 3.15 | 2.985e-03 | 3.38 | 256/256 | 0 | 2048 | 83116 | 75136 |  |  |  | ok  |
| p1pr | gmres:1e-3 | 9 | 1.95e-03 | 7.905e-04 | 2.20 | 7.905e-04 | 1.92 | 512/512 | 0 | 4096 | 129536 | 114688 |  |  |  | ok  |
| p1pr | gmres:1e-3 | 10 | 9.77e-04 | 2.491e-03 | -1.66 | 1.627e-03 | -1.04 | 1024/1024 | 0 | 8192 | 255673 | 226080 |  |  |  | ok  |
| p1pr | gmres:1e-6 | 3 | 1.25e-01 | 5.560e-03 |  | 5.560e-03 |  | 8/8 | 0 | 64 | 38720 | 37376 |  |  |  | ok  |
| p1pr | gmres:1e-6 | 4 | 6.25e-02 | 2.324e-03 | 1.26 | 2.324e-03 | 1.26 | 16/16 | 0 | 128 | 45595 | 43872 |  |  |  | ok  |
| p1pr | gmres:1e-6 | 5 | 3.12e-02 | 7.285e-04 | 1.67 | 7.189e-04 | 1.69 | 32/32 | 0 | 256 | 53834 | 51520 |  |  |  | ok  |
| p1pr | gmres:1e-6 | 6 | 1.56e-02 | 2.662e-04 | 1.45 | 2.662e-04 | 1.43 | 64/64 | 0 | 512 | 73117 | 69536 |  |  |  | ok  |
| p1pr | gmres:1e-6 | 7 | 7.81e-03 | 4.504e-05 | 2.56 | 4.504e-05 | 2.56 | 128/128 | 0 | 1024 | 99968 | 94208 |  |  |  | ok  |
| p1pr | gmres:1e-6 | 8 | 3.91e-03 | 8.156e-05 | -0.86 | 8.156e-05 | -0.86 | 256/256 | 0 | 2048 | 149941 | 139936 |  |  |  | ok  |
| p1pr | gmres:1e-6 | 9 | 1.95e-03 | 1.857e-05 | 2.14 | 1.857e-05 | 2.14 | 512/512 | 0 | 4096 | 230912 | 212992 |  |  |  | ok  |
| p1pr | gmres:1e-6 | 10 | 9.77e-04 | 7.223e-06 | 1.36 | 7.223e-06 | 1.36 | 885/1024 | 0 | 8192 | 360448 | 327680 |  |  |  | ok  |
| p1pr | gmres:1e-9 | 3 | 1.25e-01 | 6.700e-06 |  | 6.700e-06 |  | 8/8 | 0 | 64 | 135971 | 131680 |  |  |  | ok  |
| p1pr | gmres:1e-9 | 4 | 6.25e-02 | 3.184e-06 | 1.07 | 3.184e-06 | 1.07 | 16/16 | 0 | 128 | 147796 | 142976 |  |  |  | ok  |
| p1pr | gmres:1e-9 | 5 | 3.12e-02 | 1.197e-06 | 1.41 | 1.197e-06 | 1.41 | 32/32 | 0 | 256 | 164285 | 158624 |  |  |  | ok  |
| p1pr | gmres:1e-9 | 6 | 1.56e-02 | 4.181e-07 | 1.52 | 4.181e-07 | 1.52 | 51/64 | 0 | 512 | 197296 | 189952 |  |  |  | ok  |
| p1pr | gmres:1e-9 | 7 | 7.81e-03 | 1.846e-07 | 1.18 | 1.846e-07 | 1.18 | 0/128 | 0 | 1024 | 241043 | 231008 |  |  |  | ok  |
| p1pr | gmres:1e-9 | 8 | 3.91e-03 | 1.647e-09 | 6.81 | 1.479e-09 | 6.96 | 0/256 | 0 | 2048 | 326623 | 311264 |  |  |  | ok  |
| p1pr | gmres:1e-9 | 9 | 1.95e-03 | 1.333e-08 | -3.02 | 1.333e-08 | -3.17 | 0/512 | 0 | 4096 | 436865 | 412704 |  |  |  | ok  |
| p1pr | gmres:1e-9 | 10 | 9.77e-04 | 1.332e-09 | 3.32 | 1.332e-09 | 3.32 | 0/1024 | 0 | 8192 | 730345 | 686368 |  |  |  | ok  |
| p2 | adaptive:1e-10 | 0 | 1.52e-02 | 3.023e-12 |  | 2.433e-12 |  | 0/66 | 0 | 528 | 58872 | 55680 |  |  |  | ok success |
| p2 | adaptive:1e-4 | 0 | 1.49e-02 | 3.552e-06 |  | 1.924e-06 |  | 0/67 | 0 | 536 | 21340 | 19264 |  |  |  | ok success |
| p2 | adaptive:1e-6 | 0 | 1.52e-02 | 1.283e-08 |  | 1.221e-08 |  | 0/66 | 0 | 528 | 30657 | 28320 |  |  |  | ok success |
| p2 | adaptive:1e-8 | 0 | 1.52e-02 | 2.125e-10 |  | 1.724e-10 |  | 0/66 | 0 | 528 | 44550 | 41792 |  |  |  | ok success |
| p2 | direct | 3 | 1.25e-01 | 5.829e-08 |  | 4.929e-08 |  | 8/8 | 0 | 64 | 56 | 0 |  |  |  | ok  |
| p2 | direct | 4 | 6.25e-02 | 1.446e-09 | 5.33 | 1.366e-09 | 5.17 | 16/16 | 0 | 128 | 112 | 0 |  |  |  | ok  |
| p2 | direct | 5 | 3.12e-02 | 3.752e-11 | 5.27 | 3.752e-11 | 5.19 | 0/32 | 0 | 256 | 224 | 0 |  |  |  | ok  |
| p2 | direct | 6 | 1.56e-02 | 1.059e-12 | 5.15 | 1.048e-12 | 5.16 | 0/64 | 0 | 512 | 448 | 0 |  |  |  | ok  |
| p2 | direct | 7 | 7.81e-03 | 3.189e-14 | 5.05 | 2.979e-14 | 5.14 | 0/128 | 0 | 1024 | 896 | 0 |  |  |  | ok  |
| p2 | direct | 8 | 3.91e-03 | 1.652e-15 | 4.27 | 1.019e-15 | 4.87 | 0/256 | 0 | 2048 | 1792 | 0 |  |  |  | ok  |
| p2 | direct | 9 | 1.95e-03 | 1.245e-15 | 0.41 | 9.054e-16 | 0.17 | 0/512 | 0 | 4096 | 3584 | 0 |  |  |  | ok  |
| p2 | direct | 10 | 9.77e-04 | 1.369e-15 | -0.14 | 9.054e-16 | 0.00 | 0/1024 | 0 | 8192 | 7168 | 0 |  |  |  | ok  |
| p2 | forcing:1e-10 | 3 | 1.25e-01 | 5.829e-08 |  | 4.929e-08 |  | 8/8 | 0 | 64 | 43472 | 41984 | 1.0e-11 | 1.2e-11 | 0.00 | ok  |
| p2 | forcing:1e-10 | 4 | 6.25e-02 | 1.447e-09 | 5.33 | 1.366e-09 | 5.17 | 16/16 | 0 | 128 | 56749 | 54688 | 2.9e-11 | 3.3e-11 | 0.00 | ok  |
| p2 | forcing:1e-10 | 5 | 3.12e-02 | 4.069e-11 | 5.15 | 3.752e-11 | 5.19 | 32/32 | 0 | 256 | 54131 | 51808 | 6.5e-11 | 7.1e-11 | 0.00 | ok  |
| p2 | forcing:1e-10 | 6 | 1.56e-02 | 3.027e-12 | 3.75 | 2.433e-12 | 3.95 | 0/64 | 0 | 512 | 58432 | 55296 | 1.3e-10 | 1.4e-10 | 0.00 | ok  |
| p2 | forcing:1e-10 | 7 | 7.81e-03 | 8.376e-12 | -1.47 | 8.374e-12 | -1.78 | 0/128 | 0 | 1024 | 66176 | 61440 | 2.7e-10 | 2.8e-10 | 0.00 | ok  |
| p2 | forcing:1e-10 | 8 | 3.91e-03 | 4.744e-12 | 0.82 | 3.785e-12 | 1.15 | 0/256 | 0 | 2048 | 101464 | 92928 | 5.4e-10 | 5.6e-10 | 0.00 | ok  |
| p2 | forcing:1e-10 | 9 | 1.95e-03 | 6.413e-13 | 2.89 | 5.562e-13 | 2.77 | 0/512 | 0 | 4096 | 130163 | 115296 | 1.1e-09 | 1.1e-09 | 0.00 | ok  |
| p2 | forcing:1e-10 | 10 | 9.77e-04 | 3.191e-15 | 7.65 | 1.660e-15 | 8.39 | 0/1024 | 0 | 8192 | 225280 | 196608 | 2.2e-09 | 2.2e-09 | 0.00 | ok  |
| p2 | forcing:1e-4 | 3 | 1.25e-01 | 2.635e-06 |  | 2.594e-06 |  | 0/8 | 0 | 64 | 20207 | 19424 | 1.0e-05 | 1.2e-05 | 0.00 | ok  |
| p2 | forcing:1e-4 | 4 | 6.25e-02 | 2.860e-06 | -0.12 | 2.808e-06 | -0.11 | 0/16 | 0 | 128 | 16720 | 15872 | 2.9e-05 | 3.3e-05 | 0.00 | ok  |
| p2 | forcing:1e-4 | 5 | 3.12e-02 | 3.218e-06 | -0.17 | 2.345e-06 | 0.26 | 0/32 | 0 | 256 | 17930 | 16704 | 6.5e-05 | 7.1e-05 | 0.00 | ok  |
| p2 | forcing:1e-4 | 6 | 1.56e-02 | 3.843e-06 | -0.26 | 2.447e-06 | -0.06 | 0/64 | 0 | 512 | 21010 | 19008 | 1.3e-04 | 1.4e-04 | 0.00 | ok  |
| p2 | forcing:1e-4 | 7 | 7.81e-03 | 8.123e-08 | 5.56 | 3.182e-08 | 6.27 | 0/128 | 0 | 1024 | 29975 | 26336 | 2.7e-04 | 2.8e-04 | 0.00 | ok  |
| p2 | forcing:1e-4 | 8 | 3.91e-03 | 7.335e-06 | -6.50 | 2.779e-06 | -6.45 | 0/256 | 0 | 2048 | 52690 | 45632 | 5.4e-04 | 5.6e-04 | 0.00 | ok  |
| p2 | forcing:1e-4 | 9 | 1.95e-03 | 7.689e-05 | -3.39 | 7.689e-05 | -4.79 | 0/512 | 0 | 4096 | 84953 | 71456 | 1.1e-03 | 1.1e-03 | 0.00 | ok  |
| p2 | forcing:1e-4 | 10 | 9.77e-04 | 3.771e-05 | 1.03 | 3.771e-05 | 1.03 | 0/1024 | 0 | 8192 | 173437 | 146336 | 2.2e-03 | 2.2e-03 | 0.00 | ok  |
| p2 | forcing:1e-6 | 3 | 1.25e-01 | 5.810e-08 |  | 4.929e-08 |  | 0/8 | 0 | 64 | 29876 | 28800 | 1.0e-07 | 1.2e-07 | 0.00 | ok  |
| p2 | forcing:1e-6 | 4 | 6.25e-02 | 4.754e-08 | 0.29 | 4.665e-08 | 0.08 | 0/16 | 0 | 128 | 27313 | 26144 | 2.9e-07 | 3.3e-07 | 0.00 | ok  |
| p2 | forcing:1e-6 | 5 | 3.12e-02 | 2.724e-08 | 0.80 | 2.696e-08 | 0.79 | 0/32 | 0 | 256 | 27104 | 25600 | 6.5e-07 | 7.1e-07 | 0.00 | ok  |
| p2 | forcing:1e-6 | 6 | 1.56e-02 | 1.282e-08 | 1.09 | 1.216e-08 | 1.15 | 0/64 | 0 | 512 | 30250 | 27968 | 1.3e-06 | 1.4e-06 | 0.00 | ok  |
| p2 | forcing:1e-6 | 7 | 7.81e-03 | 1.053e-08 | 0.28 | 9.721e-09 | 0.32 | 0/128 | 0 | 1024 | 36443 | 32608 | 2.7e-06 | 2.8e-06 | 0.00 | ok  |
| p2 | forcing:1e-6 | 8 | 3.91e-03 | 7.468e-10 | 3.82 | 3.833e-10 | 4.66 | 0/256 | 0 | 2048 | 59521 | 52256 | 5.4e-06 | 5.6e-06 | 0.00 | ok  |
| p2 | forcing:1e-6 | 9 | 1.95e-03 | 7.741e-10 | -0.05 | 4.917e-10 | -0.36 | 0/512 | 0 | 4096 | 115148 | 100736 | 1.1e-05 | 1.1e-05 | 0.00 | ok  |
| p2 | forcing:1e-6 | 10 | 9.77e-04 | 9.691e-09 | -3.65 | 9.691e-09 | -4.30 | 0/1024 | 0 | 8192 | 191488 | 163840 | 2.2e-05 | 2.2e-05 | 0.00 | ok  |
| p2 | forcing:1e-8 | 3 | 1.25e-01 | 5.826e-08 |  | 4.929e-08 |  | 8/8 | 0 | 64 | 36773 | 35488 | 1.0e-09 | 1.2e-09 | 0.00 | ok  |
| p2 | forcing:1e-8 | 4 | 6.25e-02 | 1.680e-09 | 5.12 | 1.366e-09 | 5.17 | 16/16 | 0 | 128 | 41239 | 39648 | 2.9e-09 | 3.3e-09 | 0.00 | ok  |
| p2 | forcing:1e-8 | 5 | 3.12e-02 | 3.165e-10 | 2.41 | 2.920e-10 | 2.23 | 0/32 | 0 | 256 | 38720 | 36864 | 6.5e-09 | 7.1e-09 | 0.00 | ok  |
| p2 | forcing:1e-8 | 6 | 1.56e-02 | 1.912e-10 | 0.73 | 1.724e-10 | 0.76 | 0/64 | 0 | 512 | 44209 | 41504 | 1.3e-08 | 1.4e-08 | 0.00 | ok  |
| p2 | forcing:1e-8 | 7 | 7.81e-03 | 1.584e-11 | 3.59 | 1.248e-11 | 3.79 | 0/128 | 0 | 1024 | 59114 | 54592 | 2.7e-08 | 2.8e-08 | 0.00 | ok  |
| p2 | forcing:1e-8 | 8 | 3.91e-03 | 3.018e-11 | -0.93 | 2.598e-11 | -1.06 | 0/256 | 0 | 2048 | 68002 | 60480 | 5.4e-08 | 5.6e-08 | 0.00 | ok  |
| p2 | forcing:1e-8 | 9 | 1.95e-03 | 1.015e-11 | 1.57 | 4.229e-12 | 2.62 | 0/512 | 0 | 4096 | 115148 | 100736 | 1.1e-07 | 1.1e-07 | 0.00 | ok  |
| p2 | forcing:1e-8 | 10 | 9.77e-04 | 3.191e-15 | 11.63 | 1.660e-15 | 11.32 | 0/1024 | 0 | 8192 | 225280 | 196608 | 2.2e-07 | 2.2e-07 | 0.00 | ok  |
| p2 | gmres:1e-12 | 3 | 1.25e-01 | 5.829e-08 |  | 4.929e-08 |  | 8/8 | 0 | 64 | 44264 | 42752 |  |  |  | ok  |
| p2 | gmres:1e-12 | 4 | 6.25e-02 | 1.446e-09 | 5.33 | 1.366e-09 | 5.17 | 16/16 | 0 | 128 | 62656 | 60416 |  |  |  | ok  |
| p2 | gmres:1e-12 | 5 | 3.12e-02 | 3.752e-11 | 5.27 | 3.752e-11 | 5.19 | 0/32 | 0 | 256 | 68288 | 65536 |  |  |  | ok  |
| p2 | gmres:1e-12 | 6 | 1.56e-02 | 1.073e-12 | 5.13 | 1.048e-12 | 5.16 | 0/64 | 0 | 512 | 75328 | 71680 |  |  |  | ok  |
| p2 | gmres:1e-12 | 7 | 7.81e-03 | 3.487e-14 | 4.94 | 2.976e-14 | 5.14 | 0/128 | 0 | 1024 | 91520 | 86016 |  |  |  | ok  |
| p2 | gmres:1e-12 | 8 | 3.91e-03 | 1.731e-15 | 4.33 | 1.452e-15 | 4.36 | 0/256 | 0 | 2048 | 132352 | 122880 |  |  |  | ok  |
| p2 | gmres:1e-12 | 9 | 1.95e-03 | 1.749e-14 | -3.34 | 1.743e-14 | -3.58 | 0/512 | 0 | 4096 | 163328 | 147456 |  |  |  | ok  |
| p2 | gmres:1e-12 | 10 | 9.77e-04 | 1.468e-15 | 3.58 | 9.054e-16 | 4.27 | 0/1024 | 0 | 8192 | 292864 | 262144 |  |  |  | ok  |
| p2 | gmres:1e-3 | 3 | 1.25e-01 | 2.263e-04 |  | 1.345e-04 |  | 8/8 | 0 | 64 | 10406 | 9920 |  |  |  | ok  |
| p2 | gmres:1e-3 | 4 | 6.25e-02 | 1.163e-04 | 0.96 | 9.443e-05 | 0.51 | 16/16 | 0 | 128 | 9691 | 9056 |  |  |  | ok  |
| p2 | gmres:1e-3 | 5 | 3.12e-02 | 4.903e-05 | 1.25 | 1.793e-05 | 2.40 | 32/32 | 0 | 256 | 12287 | 11232 |  |  |  | ok  |
| p2 | gmres:1e-3 | 6 | 1.56e-02 | 1.711e-05 | 1.52 | 1.096e-05 | 0.71 | 64/64 | 0 | 512 | 16192 | 14336 |  |  |  | ok  |
| p2 | gmres:1e-3 | 7 | 7.81e-03 | 1.216e-05 | 0.49 | 1.210e-05 | -0.14 | 128/128 | 0 | 1024 | 26147 | 22624 |  |  |  | ok  |
| p2 | gmres:1e-3 | 8 | 3.91e-03 | 1.538e-04 | -3.66 | 1.536e-04 | -3.67 | 256/256 | 0 | 2048 | 44044 | 37248 |  |  |  | ok  |
| p2 | gmres:1e-3 | 9 | 1.95e-03 | 7.690e-05 | 1.00 | 7.689e-05 | 1.00 | 512/512 | 0 | 4096 | 84854 | 71360 |  |  |  | ok  |
| p2 | gmres:1e-3 | 10 | 9.77e-04 | 3.771e-05 | 1.03 | 3.771e-05 | 1.03 | 1024/1024 | 0 | 8192 | 173701 | 146592 |  |  |  | ok  |
| p2 | gmres:1e-6 | 3 | 1.25e-01 | 2.212e-07 |  | 2.066e-07 |  | 8/8 | 0 | 64 | 24200 | 23296 |  |  |  | ok  |
| p2 | gmres:1e-6 | 4 | 6.25e-02 | 1.879e-07 | 0.24 | 1.861e-07 | 0.15 | 16/16 | 0 | 128 | 23518 | 22464 |  |  |  | ok  |
| p2 | gmres:1e-6 | 5 | 3.12e-02 | 3.320e-08 | 2.50 | 3.293e-08 | 2.50 | 0/32 | 0 | 256 | 26048 | 24576 |  |  |  | ok  |
| p2 | gmres:1e-6 | 6 | 1.56e-02 | 1.272e-08 | 1.38 | 1.257e-08 | 1.39 | 0/64 | 0 | 512 | 29920 | 27648 |  |  |  | ok  |
| p2 | gmres:1e-6 | 7 | 7.81e-03 | 1.058e-08 | 0.27 | 9.608e-09 | 0.39 | 0/128 | 0 | 1024 | 35156 | 31360 |  |  |  | ok  |
| p2 | gmres:1e-6 | 8 | 3.91e-03 | 4.881e-10 | 4.44 | 3.550e-10 | 4.76 | 0/256 | 0 | 2048 | 58003 | 50784 |  |  |  | ok  |
| p2 | gmres:1e-6 | 9 | 1.95e-03 | 2.609e-10 | 0.90 | 4.680e-11 | 2.92 | 0/512 | 0 | 4096 | 115214 | 100800 |  |  |  | ok  |
| p2 | gmres:1e-6 | 10 | 9.77e-04 | 3.191e-15 | 16.32 | 1.660e-15 | 14.78 | 0/1024 | 0 | 8192 | 225280 | 196608 |  |  |  | ok  |
| p2 | gmres:1e-9 | 3 | 1.25e-01 | 5.829e-08 |  | 4.929e-08 |  | 8/8 | 0 | 64 | 35552 | 34304 |  |  |  | ok  |
| p2 | gmres:1e-9 | 4 | 6.25e-02 | 1.506e-09 | 5.27 | 1.366e-09 | 5.17 | 16/16 | 0 | 128 | 43120 | 41472 |  |  |  | ok  |
| p2 | gmres:1e-9 | 5 | 3.12e-02 | 1.711e-10 | 3.14 | 1.533e-10 | 3.16 | 0/32 | 0 | 256 | 44000 | 41984 |  |  |  | ok  |
| p2 | gmres:1e-9 | 6 | 1.56e-02 | 2.191e-11 | 2.97 | 2.191e-11 | 2.81 | 0/64 | 0 | 512 | 52096 | 49152 |  |  |  | ok  |
| p2 | gmres:1e-9 | 7 | 7.81e-03 | 9.083e-12 | 1.27 | 8.674e-12 | 1.34 | 0/128 | 0 | 1024 | 59510 | 54976 |  |  |  | ok  |
| p2 | gmres:1e-9 | 8 | 3.91e-03 | 2.513e-11 | -1.47 | 2.403e-11 | -1.47 | 0/256 | 0 | 2048 | 78859 | 71008 |  |  |  | ok  |
| p2 | gmres:1e-9 | 9 | 1.95e-03 | 7.831e-13 | 5.00 | 7.596e-13 | 4.98 | 0/512 | 0 | 4096 | 116501 | 102048 |  |  |  | ok  |
| p2 | gmres:1e-9 | 10 | 9.77e-04 | 3.191e-15 | 7.94 | 1.660e-15 | 8.84 | 0/1024 | 0 | 8192 | 225280 | 196608 |  |  |  | ok  |
{
"p1|direct|err_max_rel_inf": {
"consecutive_halvings_slope_ge_4.5_from_start": 0,
"halvings_slope_ge_4.5_any": 0,
"n_halvings": 7,
"floor": 0.047010640318765166,
"k_at_floor": 10,
"first_k_with_error_gt_3x_direct": null,
"slopes": [
null,
0.19,
0.04,
-0.38,
0.05,
0.69,
0.15,
0.22
]
},
"p1|direct|err_end_rel_inf": {
"consecutive_halvings_slope_ge_4.5_from_start": 1,
"halvings_slope_ge_4.5_any": 1,
"n_halvings": 7,
"floor": 1.5866944836453928e-12,
"k_at_floor": 10,
"first_k_with_error_gt_3x_direct": null,
"slopes": [
null,
4.58,
3.85,
3.7,
0.51,
1.28,
0.73,
0.1
]
},
"p1|forcing:1e-10|err_max_rel_inf": {
"consecutive_halvings_slope_ge_4.5_from_start": 0,
"halvings_slope_ge_4.5_any": 0,
"n_halvings": 7,
"floor": 0.0,
"k_at_floor": 3,
"first_k_with_error_gt_3x_direct": null,
"slopes": [
null,
NaN,
NaN,
NaN,
NaN,
NaN,
NaN,
NaN
]
},
"p1|forcing:1e-10|err_end_rel_inf": {
"consecutive_halvings_slope_ge_4.5_from_start": 0,
"halvings_slope_ge_4.5_any": 0,
"n_halvings": 7,
"floor": 0.0,
"k_at_floor": 3,
"first_k_with_error_gt_3x_direct": null,
"slopes": [
null,
NaN,
NaN,
NaN,
NaN,
NaN,
NaN,
NaN
]
},
"p1|forcing:1e-4|err_max_rel_inf": {
"consecutive_halvings_slope_ge_4.5_from_start": 0,
"halvings_slope_ge_4.5_any": 0,
"n_halvings": 7,
"floor": 0.04701057595078224,
"k_at_floor": 10,
"first_k_with_error_gt_3x_direct": null,
"slopes": [
null,
0.19,
0.04,
-0.38,
0.05,
0.69,
0.15,
0.22
]
},
"p1|forcing:1e-4|err_end_rel_inf": {
"consecutive_halvings_slope_ge_4.5_from_start": 0,
"halvings_slope_ge_4.5_any": 0,
"n_halvings": 7,
"floor": 6.8862391651351635e-06,
"k_at_floor": 3,
"first_k_with_error_gt_3x_direct": 3,
"slopes": [
null,
-0.66,
-0.41,
-0.3,
0.26,
0.11,
0.97,
-0.85
]
},
"p1|forcing:1e-6|err_max_rel_inf": {
"consecutive_halvings_slope_ge_4.5_from_start": 0,
"halvings_slope_ge_4.5_any": 0,
"n_halvings": 7,
"floor": 0.04701063835228764,
"k_at_floor": 10,
"first_k_with_error_gt_3x_direct": null,
"slopes": [
null,
0.19,
0.04,
-0.38,
0.05,
0.69,
0.15,
0.22
]
},
"p1|forcing:1e-6|err_end_rel_inf": {
"consecutive_halvings_slope_ge_4.5_from_start": 0,
"halvings_slope_ge_4.5_any": 0,
"n_halvings": 7,
"floor": 8.60455429428126e-08,
"k_at_floor": 10,
"first_k_with_error_gt_3x_direct": 4,
"slopes": [
null,
-0.4,
-0.57,
-0.37,
0.17,
0.67,
0.27,
0.22
]
},
"p1|forcing:1e-8|err_max_rel_inf": {
"consecutive_halvings_slope_ge_4.5_from_start": 0,
"halvings_slope_ge_4.5_any": 0,
"n_halvings": 7,
"floor": 0.04701064029006685,
"k_at_floor": 10,
"first_k_with_error_gt_3x_direct": null,
"slopes": [
null,
NaN,
NaN,
NaN,
NaN,
NaN,
NaN,
0.22
]
},
"p1|forcing:1e-8|err_end_rel_inf": {
"consecutive_halvings_slope_ge_4.5_from_start": 0,
"halvings_slope_ge_4.5_any": 0,
"n_halvings": 7,
"floor": 1.3973293489900976e-09,
"k_at_floor": 10,
"first_k_with_error_gt_3x_direct": 9,
"slopes": [
null,
NaN,
NaN,
NaN,
NaN,
NaN,
NaN,
2.69
]
},
"p1|gmres:1e-12|err_max_rel_inf": {
"consecutive_halvings_slope_ge_4.5_from_start": 0,
"halvings_slope_ge_4.5_any": 0,
"n_halvings": 7,
"floor": 0.04701064038180573,
"k_at_floor": 10,
"first_k_with_error_gt_3x_direct": null,
"slopes": [
null,
0.19,
0.04,
-0.38,
0.05,
0.69,
0.15,
0.22
]
},
"p1|gmres:1e-12|err_end_rel_inf": {
"consecutive_halvings_slope_ge_4.5_from_start": 0,
"halvings_slope_ge_4.5_any": 0,
"n_halvings": 7,
"floor": 1.1482917500824036e-11,
"k_at_floor": 10,
"first_k_with_error_gt_3x_direct": 4,
"slopes": [
null,
2.82,
2.49,
2.06,
1.76,
1.6,
1.02,
1.59
]
},
"p1|gmres:1e-3|err_max_rel_inf": {
"consecutive_halvings_slope_ge_4.5_from_start": 0,
"halvings_slope_ge_4.5_any": 0,
"n_halvings": 7,
"floor": 0.2030797055711583,
"k_at_floor": 10,
"first_k_with_error_gt_3x_direct": 3,
"slopes": [
null,
0.81,
0.15,
-1.11,
0.6,
0.88,
1.45,
1.06
]
},
"p1|gmres:1e-3|err_end_rel_inf": {
"consecutive_halvings_slope_ge_4.5_from_start": 0,
"halvings_slope_ge_4.5_any": 0,
"n_halvings": 7,
"floor": 0.0006952134492810036,
"k_at_floor": 9,
"first_k_with_error_gt_3x_direct": 3,
"slopes": [
null,
0.49,
1.19,
1.33,
2.32,
3.13,
2.25,
-0.75
]
},
"p1|gmres:1e-6|err_max_rel_inf": {
"consecutive_halvings_slope_ge_4.5_from_start": 0,
"halvings_slope_ge_4.5_any": 0,
"n_halvings": 7,
"floor": 0.04738391615492892,
"k_at_floor": 10,
"first_k_with_error_gt_3x_direct": null,
"slopes": [
null,
0.8,
0.58,
-0.38,
0.17,
0.74,
0.13,
0.2
]
},
"p1|gmres:1e-6|err_end_rel_inf": {
"consecutive_halvings_slope_ge_4.5_from_start": 0,
"halvings_slope_ge_4.5_any": 0,
"n_halvings": 7,
"floor": 5.522893343058951e-06,
"k_at_floor": 10,
"first_k_with_error_gt_3x_direct": 3,
"slopes": [
null,
1.71,
1.64,
1.63,
2.51,
-0.71,
1.93,
1.48
]
},
"p1|gmres:1e-9|err_max_rel_inf": {
"consecutive_halvings_slope_ge_4.5_from_start": 0,
"halvings_slope_ge_4.5_any": 0,
"n_halvings": 7,
"floor": 0.047010326842009974,
"k_at_floor": 10,
"first_k_with_error_gt_3x_direct": null,
"slopes": [
null,
0.19,
0.04,
-0.38,
0.05,
0.69,
0.15,
0.22
]
},
"p1|gmres:1e-9|err_end_rel_inf": {
"consecutive_halvings_slope_ge_4.5_from_start": 0,
"halvings_slope_ge_4.5_any": 1,
"n_halvings": 7,
"floor": 1.029500061186459e-09,
"k_at_floor": 10,
"first_k_with_error_gt_3x_direct": 3,
"slopes": [
null,
2.45,
2.2,
1.69,
1.73,
5.97,
-2.64,
3.77
]
},
"p1ns|direct|err_max_rel_inf": {
"consecutive_halvings_slope_ge_4.5_from_start": 0,
"halvings_slope_ge_4.5_any": 4,
"n_halvings": 7,
"floor": 2.87333360136956e-15,
"k_at_floor": 9,
"first_k_with_error_gt_3x_direct": null,
"slopes": [
null,
4.48,
5.44,
5.73,
5.87,
6.06,
0.23,
-0.02
]
},
"p1ns|direct|err_end_rel_inf": {
"consecutive_halvings_slope_ge_4.5_from_start": 4,
"halvings_slope_ge_4.5_any": 4,
"n_halvings": 7,
"floor": 2.294255876549476e-15,
"k_at_floor": 9,
"first_k_with_error_gt_3x_direct": null,
"slopes": [
null,
5.06,
5.24,
5.24,
5.15,
2.22,
0.1,
-0.05
]
},
"p1ns|direct_embedded|err_max_rel_inf": {
"consecutive_halvings_slope_ge_4.5_from_start": 0,
"halvings_slope_ge_4.5_any": 0,
"n_halvings": 7,
"floor": 1.4313820072944252e-13,
"k_at_floor": 10,
"first_k_with_error_gt_3x_direct": 3,
"slopes": [
null,
4.4,
4.29,
4.19,
4.12,
4.07,
4.04,
4.
