{
"p1pr": {
"direct": [
0,
null,
[],
null
],
"gmres:1e-12": [
0,
{
"k": 5,
"h": 0.03125,
"arm_err": 1.3820817686855923e-09,
"direct_err": 1.437429931040474e-10
},
[],
null
],
"gmres:1e-9": [
0,
{
"k": 3,
"h": 0.125,
"arm_err": 6.700158920244829e-06,
"direct_err": 3.7874947442019246e-08
},
[],
null
],
"gmres:1e-6": [
0,
{
"k": 3,
"h": 0.125,
"arm_err": 0.005560106335431861,
"direct_err": 3.7874947442019246e-08
},
[],
null
],
"gmres:1e-3": [
0,
{
"k": 3,
"h": 0.125,
"arm_err": 0.8971274324452432,
"direct_err": 3.7874947442019246e-08
},
[],
null
],
"forcing:1e-4": [
0,
{
"k": 3,
"h": 0.125,
"arm_err": 1.2002046543164487e-05,
"direct_err": 3.7874947442019246e-08
},
[],
-1.8618342478840963
],
"forcing:1e-6": [
0,
{
"k": 3,
"h": 0.125,
"arm_err": 1.3969506736847668e-07,
"direct_err": 3.7874947442019246e-08
},
[],
-1.8618334347314052
],
"forcing:1e-8": [
0,
{
"k": 5,
"h": 0.03125,
"arm_err": 2.2545455987168684e-09,
"direct_err": 1.437429931040474e-10
},
[],
-1.8618334251819135
],
"forcing:1e-10": [
0,
{
"k": 6,
"h": 0.015625,
"arm_err": 2.916098582817453e-11,
"direct_err": 8.790870775440906e-12
},
[
3,
4,
5
],
-1.9417392115314571
]
},
"p1": {
"direct": [
0,
null,
[],
null
],
"gmres:1e-12": [
0,
null,
[],
null
],
"gmres:1e-9": [
0,
null,
[],
null
],
"gmres:1e-6": [
0,
null,
[],
null
],
"gmres:1e-3": [
0,
{
"k": 3,
"h": 0.125,
"arm_err": 2.9171616428999285,
"direct_err": 0.09071263842380417
},
[],
null
],
"forcing:1e-4": [
0,
null,
[],
-1.8845311751390352
],
"forcing:1e-6": [
0,
null,
[],
-1.8845303929728758
],
"forcing:1e-8": [
0,
null,
[
3,
4,
5,
6,
7,
8
],
-1.9672846553249999
],
"forcing:1e-10": [
0,
null,
[
3,
4,
5,
6,
7,
8,
9,
10
],
null
]
},
"p2": {
"direct": [
4,
null,
[],
null
],
"gmres:1e-12": [
4,
null,
[],
null
],
"gmres:1e-9": [
1,
{
"k": 5,
"h": 0.03125,
"arm_err": 1.7109123445126278e-10,
"direct_err": 3.751809296612952e-11
},
[],
null
],
"gmres:1e-6": [
0,
{
"k": 3,
"h": 0.125,
"arm_err": 2.2122235717899007e-07,
"direct_err": 5.829190241401447e-08
},
[],
null
],
"gmres:1e-3": [
0,
{
"k": 3,
"h": 0.125,
"arm_err": 0.00022627009106693534,
"direct_err": 5.829190241401447e-08
},
[],
null
],
"forcing:1e-4": [
0,
{
"k": 3,
"h": 0.125,
"arm_err": 2.634717733809787e-06,
"direct_err": 5.829190241401447e-08
},
[],
-1.1049544665569426
],
"forcing:1e-6": [
0,
{
"k": 4,
"h": 0.0625,
"arm_err": 4.7539940608459264e-08,
"direct_err": 1.445615312094462e-09
},
[],
-1.1049956578685882
],
"forcing:1e-8": [
1,
{
"k": 5,
"h": 0.03125,
"arm_err": 3.164540321021806e-10,
"direct_err": 3.751809296612952e-11
},
[],
-1.1049956128235636
],
"forcing:1e-10": [
2,
{
"k": 7,
"h": 0.0078125,
"arm_err": 8.37576013659252e-12,
"direct_err": 3.188717934642515e-14
},
[],
-1.1049956134128796
]
}
}
p1pr adaptive []
p1 adaptive [('1e-10', '0.29', 578, 7, 3), ('1e-4', '0.18', 95, 6, 0), ('1e-6', '0.21', 140, 6, 0), ('1e-8', '0.27', 257, 6, 0)]
p2 adaptive [('1e-10', '0.03', 66, 0, 0), ('1e-4', '0.04', 67, 0, 0), ('1e-6', '0.01', 66, 0, 0), ('1e-8', '0.02', 66, 0, 0)]
