
running 21 tests
test admitted_candidate_commits_state_and_nonidentity_preconditioner_atomically ... ok
test an_embedded_estimate_above_budget_is_not_committed_with_an_exact_reference ... ok
test asserted_reference_uncertainty_is_consumed_inside_the_output_budget ... ok
test cache_reuses_only_the_same_frozen_w_and_declared_preconditioner_identity ... ok
test candidate_and_fallback_rejection_preserves_base_state_and_exposes_no_selected_step ... ok
test changed_semantic_w_digest_invalidates_even_the_same_runtime_operator ... ok
test estimate_only_reference_is_not_upgraded_in_the_reference_verdict ... ok
test failed_preconditioner_setup_is_terminal_and_preserves_committed_binding ... ok
test invalid_common_w_config_fails_before_attempt_setup_or_work ... ok
test late_preconditioner_apply_failure_rolls_back_lease_and_runs_isolated_fallback ... ok
test mathematical_identity_diagonal_is_rejected_even_when_provider_self_reports_nonidentity ... ok
test mutable_provider_cannot_change_the_committed_effective_diagonal_map ... ok
test nonfinite_derived_output_budget_fails_before_setup_or_candidate_work ... ok
test prepared_target_samples_stateful_batch_rhs_exactly_once ... ok
test reference_gated_rule_is_explicit_and_keeps_the_frozen_receipt_schema ... ok
test reference_verdict_does_not_treat_reference_uncertainty_as_extra_tolerance ... ok
test returned_preconditioner_map_must_match_its_declared_exact_identity ... ok
test reuse_certificate_evaluates_the_preconditioner_defect ... ok
test transaction_commit_is_invariant_to_reference_state ... ok
test transaction_setup_failure_preserves_partial_setup_work_before_candidate_solve ... ok
test transactional_attempts_report_the_reuse_certificate_on_request ... ok

test result: ok. 21 passed; 0 failed; 0 ignored; 0 measured; 0 filtered out; finished in 0.20s

