   Compiling proc-macro2 v1.0.107
   Compiling version_check v0.9.5
   Compiling unicode-ident v1.0.24
   Compiling quote v1.0.47
   Compiling libm v0.2.16
   Compiling autocfg v1.5.1
   Compiling num-traits v0.2.19
   Compiling cfg-if v1.0.4
   Compiling bytemuck v1.25.2
   Compiling nano-gemm-codegen v0.2.1
   Compiling num-complex v0.4.6
   Compiling paste v1.0.15
   Compiling bitflags v2.13.1
   Compiling raw-cpuid v11.6.0
   Compiling pulp v0.22.3
   Compiling libc v0.2.189
   Compiling pulp-wasm-simd-flag v0.1.1
   Compiling reborrow v0.5.5
   Compiling dyn-stack-macros v0.1.3
   Compiling dyn-stack v0.13.2
   Compiling syn v1.0.109
   Compiling seq-macro v0.3.6
   Compiling once_cell v1.21.4
   Compiling gemm-common v0.19.0
   Compiling syn v3.0.3
   Compiling generic-array v0.14.7
   Compiling nano-gemm-core v0.2.1
   Compiling serde_core v1.0.229
   Compiling typenum v1.20.1
   Compiling interpol v0.2.1
   Compiling nano-gemm-c32 v0.2.1
   Compiling nano-gemm-f64 v0.2.1
   Compiling nano-gemm-c64 v0.2.1
   Compiling nano-gemm-f32 v0.2.1
   Compiling syn v2.0.119
   Compiling defer v0.2.1
   Compiling private-gemm-x86 v0.1.20
   Compiling equator-macro v0.2.1
   Compiling zmij v1.0.23
   Compiling memchr v2.8.3
   Compiling equator v0.2.2
   Compiling crypto-common v0.1.7
   Compiling block-buffer v0.10.4
   Compiling gemm-f64 v0.19.0
   Compiling gemm-c64 v0.19.0
   Compiling gemm-f32 v0.19.0
   Compiling gemm-c32 v0.19.0
   Compiling num_cpus v1.17.0
   Compiling qd v0.8.0
   Compiling itoa v1.0.18
   Compiling thiserror v2.0.19
   Compiling serde v1.0.229
   Compiling equator-macro v0.6.0
   Compiling serde_json v1.0.151
   Compiling generativity v1.2.1
   Compiling faer-traits v0.24.0
   Compiling equator v0.6.0
   Compiling gemm v0.19.0
   Compiling digest v0.10.7
   Compiling nano-gemm v0.2.2
   Compiling serde_derive v1.0.229
   Compiling thiserror-impl v2.0.19
   Compiling cpufeatures v0.2.17
   Compiling sha2 v0.10.9
   Compiling faer v0.24.4
   Compiling hex v0.4.3
   Compiling rodas5p-core v0.1.0 (/workspace/scratch/0dc1e721cf82/vigilode/crates/rodas5p-core)
   Compiling rodas5p-krylov v0.1.0 (/workspace/scratch/0dc1e721cf82/vigilode/crates/rodas5p-krylov)
   Compiling crossbeam-utils v0.8.22
   Compiling crossbeam-epoch v0.9.20
   Compiling crossbeam-deque v0.8.7
   Compiling rayon-core v1.13.0
   Compiling rodas5p-integrators v0.1.0 (/workspace/scratch/0dc1e721cf82/vigilode/crates/rodas5p-integrators)
   Compiling either v1.17.0
   Compiling rayon v1.12.0
   Compiling getrandom v0.3.4
   Compiling zerocopy v0.8.56
   Compiling rand_core v0.9.5
   Compiling ppv-lite86 v0.2.21
   Compiling rand_chacha v0.9.0
   Compiling rand v0.9.5
   Compiling csv-core v0.1.13
   Compiling ryu v1.0.23
   Compiling rodas5p-fair-ab v0.1.0 (/workspace/scratch/0dc1e721cf82/vigilode/crates/rodas5p-fair-ab)
   Compiling csv v1.4.0
   Compiling rand_distr v0.5.1
   Compiling rand_pcg v0.9.0
   Compiling utf8parse v0.2.2
   Compiling anstyle-parse v1.0.0
   Compiling anstyle-query v1.1.5
   Compiling is_terminal_polyfill v1.70.2
   Compiling anstyle v1.0.14
   Compiling colorchoice v1.0.5
   Compiling anstream v1.0.0
   Compiling anyhow v1.0.104
   Compiling heck v0.5.0
   Compiling strsim v0.11.1
   Compiling clap_lex v1.1.0
   Compiling clap_builder v4.6.6
   Compiling clap_derive v4.6.4
   Compiling clap v4.6.6
   Compiling rodas5p-cli v0.1.0 (/workspace/scratch/0dc1e721cf82/vigilode/crates/rodas5p-cli)
    Finished `test` profile [unoptimized + debuginfo] target(s) in 3m 50s
