{"i": 1, "targets": 131, "target": "adaptive_bdf_contracts", "status": "PASS", "seconds": 0.46, "rust_summary": {"status": "ok", "passed": 12, "failed": 0, "ignored": 0, "measured": 0, "filtered_out": 0}}
{"i": 2, "targets": 131, "target": "adaptive_controller_contracts", "status": "PASS", "seconds": 0.03, "rust_summary": {"status": "ok", "passed": 9, "failed": 0, "ignored": 0, "measured": 0, "filtered_out": 0}}
{"i": 3, "targets": 131, "target": "adaptive_fused_exponential_contracts", "status": "PASS", "seconds": 0.11, "rust_summary": {"status": "ok", "passed": 3, "failed": 0, "ignored": 0, "measured": 0, "filtered_out": 0}}
{"i": 4, "targets": 131, "target": "adaptive_global_error_contracts", "status": "PASS", "seconds": 1.57, "rust_summary": {"status": "ok", "passed": 4, "failed": 0, "ignored": 0, "measured": 0, "filtered_out": 0}}
{"i": 5, "targets": 131, "target": "adaptive_homotopy_contracts", "status": "PASS", "seconds": 0.06, "rust_summary": {"status": "ok", "passed": 2, "failed": 0, "ignored": 0, "measured": 0, "filtered_out": 0}}
{"i": 6, "targets": 131, "target": "adaptive_radau_contracts", "status": "PASS", "seconds": 0.72, "rust_summary": {"status": "ok", "passed": 6, "failed": 0, "ignored": 0, "measured": 0, "filtered_out": 0}}
{"i": 7, "targets": 131, "target": "adaptive_rodas_contracts", "status": "PASS", "seconds": 0.11, "rust_summary": {"status": "ok", "passed": 2, "failed": 0, "ignored": 0, "measured": 0, "filtered_out": 0}}
{"i": 8, "targets": 131, "target": "allocation_cli_contracts", "status": "PASS", "seconds": 1.57, "rust_summary": {"status": "ok", "passed": 1, "failed": 0, "ignored": 0, "measured": 0, "filtered_out": 0}}
{"i": 9, "targets": 131, "target": "allocation_contracts", "status": "PASS", "seconds": 0.0, "rust_summary": {"status": "ok", "passed": 1, "failed": 0, "ignored": 0, "measured": 0, "filtered_out": 0}}
{"i": 10, "targets": 131, "target": "audit0930_accounting_contracts", "status": "PASS", "seconds": 0.02, "rust_summary": {"status": "ok", "passed": 1, "failed": 0, "ignored": 0, "measured": 0, "filtered_out": 0}}
{"i": 11, "targets": 131, "target": "audit0930_reuse_certificate_contracts", "status": "PASS", "seconds": 0.0, "rust_summary": {"status": "ok", "passed": 1, "failed": 0, "ignored": 0, "measured": 0, "filtered_out": 0}}
{"i": 12, "targets": 131, "target": "audit0930_validation_contracts", "status": "PASS", "seconds": 0.0, "rust_summary": {"status": "ok", "passed": 2, "failed": 0, "ignored": 0, "measured": 0, "filtered_out": 0}}
{"i": 13, "targets": 131, "target": "audit2_bateman_local_six_case", "status": "PASS", "seconds": 0.0, "rust_summary": {"status": "ok", "passed": 0, "failed": 0, "ignored": 0, "measured": 0, "filtered_out": 0}}
{"i": 14, "targets": 131, "target": "audit2_matrix_free_common_w_contracts", "status": "PASS", "seconds": 0.67, "rust_summary": {"status": "ok", "passed": 6, "failed": 0, "ignored": 0, "measured": 0, "filtered_out": 0}}
{"i": 15, "targets": 131, "target": "audit2_real_client_authority_contracts", "status": "PASS", "seconds": 0.02, "rust_summary": {"status": "ok", "passed": 6, "failed": 0, "ignored": 0, "measured": 0, "filtered_out": 0}}
{"i": 16, "targets": 131, "target": "audit2_reusable_preconditioner_transaction_contracts", "status": "PASS", "seconds": 0.27, "rust_summary": {"status": "ok", "passed": 21, "failed": 0, "ignored": 0, "measured": 0, "filtered_out": 0}}
{"i": 17, "targets": 131, "target": "audit2_stage_certificate_contracts", "status": "PASS", "seconds": 0.02, "rust_summary": {"status": "ok", "passed": 24, "failed": 0, "ignored": 0, "measured": 0, "filtered_out": 0}}
{"i": 18, "targets": 131, "target": "audit2_structured_correction_contracts", "status": "PASS", "seconds": 1.83, "rust_summary": {"status": "ok", "passed": 15, "failed": 0, "ignored": 0, "measured": 0, "filtered_out": 0}}
{"i": 19, "targets": 131, "target": "block_gmres_contracts", "status": "PASS", "seconds": 0.02, "rust_summary": {"status": "ok", "passed": 8, "failed": 0, "ignored": 0, "measured": 0, "filtered_out": 0}}
{"i": 20, "targets": 131, "target": "block_vector_unit_contracts", "status": "PASS", "seconds": 0.02, "rust_summary": {"status": "ok", "passed": 2, "failed": 0, "ignored": 0, "measured": 0, "filtered_out": 0}}
{"i": 21, "targets": 131, "target": "cli_contracts", "status": "BOUNDED_TIMEOUT", "seconds": 30.0, "rust_summary": null}
{"i": 22, "targets": 131, "target": "clipped_controller_contracts", "status": "PASS", "seconds": 0.0, "rust_summary": {"status": "ok", "passed": 5, "failed": 0, "ignored": 0, "measured": 0, "filtered_out": 0}}
{"i": 23, "targets": 131, "target": "common_w_gate_contracts", "status": "BOUNDED_TIMEOUT", "seconds": 30.0, "rust_summary": null}
{"i": 24, "targets": 131, "target": "comparator_tier_a_contracts", "status": "PASS", "seconds": 0.16, "rust_summary": {"status": "ok", "passed": 3, "failed": 0, "ignored": 0, "measured": 0, "filtered_out": 0}}
{"i": 25, "targets": 131, "target": "constants_provenance_contracts", "status": "PASS", "seconds": 0.02, "rust_summary": {"status": "ok", "passed": 2, "failed": 0, "ignored": 0, "measured": 0, "filtered_out": 0}}
{"i": 26, "targets": 131, "target": "core_contracts", "status": "PASS", "seconds": 0.01, "rust_summary": {"status": "ok", "passed": 12, "failed": 0, "ignored": 0, "measured": 0, "filtered_out": 0}}
{"i": 27, "targets": 131, "target": "dense_error_control_contracts", "status": "PASS", "seconds": 0.06, "rust_summary": {"status": "ok", "passed": 4, "failed": 0, "ignored": 0, "measured": 0, "filtered_out": 0}}
{"i": 28, "targets": 131, "target": "dense_output_v2_contracts", "status": "PASS", "seconds": 0.26, "rust_summary": {"status": "ok", "passed": 15, "failed": 0, "ignored": 0, "measured": 0, "filtered_out": 0}}
{"i": 29, "targets": 131, "target": "early_flow_defect_contracts", "status": "PASS", "seconds": 0.16, "rust_summary": {"status": "ok", "passed": 4, "failed": 0, "ignored": 0, "measured": 0, "filtered_out": 0}}
{"i": 30, "targets": 131, "target": "enforced_prefix_budget_contracts", "status": "PASS", "seconds": 0.02, "rust_summary": {"status": "ok", "passed": 3, "failed": 0, "ignored": 0, "measured": 0, "filtered_out": 0}}
{"i": 31, "targets": 131, "target": "enforced_prefix_budget_runner_contracts", "status": "PASS", "seconds": 1.87, "rust_summary": {"status": "ok", "passed": 3, "failed": 0, "ignored": 0, "measured": 0, "filtered_out": 0}}
{"i": 32, "targets": 131, "target": "exponential_contracts", "status": "PASS", "seconds": 0.16, "rust_summary": {"status": "ok", "passed": 6, "failed": 0, "ignored": 0, "measured": 0, "filtered_out": 0}}
{"i": 33, "targets": 131, "target": "exponential_order_contracts", "status": "PASS", "seconds": 9.89, "rust_summary": {"status": "ok", "passed": 3, "failed": 0, "ignored": 0, "measured": 0, "filtered_out": 0}}
{"i": 34, "targets": 131, "target": "external_comparator_contracts", "status": "PASS", "seconds": 0.52, "rust_summary": {"status": "ok", "passed": 10, "failed": 0, "ignored": 0, "measured": 0, "filtered_out": 0}}
{"i": 35, "targets": 131, "target": "fair_ab_contracts", "status": "PASS", "seconds": 5.48, "rust_summary": {"status": "ok", "passed": 6, "failed": 0, "ignored": 0, "measured": 0, "filtered_out": 0}}
{"i": 36, "targets": 131, "target": "fixed_step_order_contracts", "status": "BOUNDED_TIMEOUT", "seconds": 30.0, "rust_summary": null}
{"i": 37, "targets": 131, "target": "frozen_full_e_shadow_cli_contracts", "status": "PASS", "seconds": 2.47, "rust_summary": {"status": "ok", "passed": 2, "failed": 0, "ignored": 0, "measured": 0, "filtered_out": 0}}
{"i": 38, "targets": 131, "target": "frozen_full_e_shadow_contracts", "status": "PASS", "seconds": 3.32, "rust_summary": {"status": "ok", "passed": 3, "failed": 0, "ignored": 0, "measured": 0, "filtered_out": 0}}
{"i": 39, "targets": 131, "target": "fused_exponential_contracts", "status": "PASS", "seconds": 0.21, "rust_summary": {"status": "ok", "passed": 2, "failed": 0, "ignored": 0, "measured": 0, "filtered_out": 0}}
{"i": 40, "targets": 131, "target": "fused_phi_contracts", "status": "PASS", "seconds": 0.0, "rust_summary": {"status": "ok", "passed": 2, "failed": 0, "ignored": 0, "measured": 0, "filtered_out": 0}}
{"i": 41, "targets": 131, "target": "fused_phi_krylov_contracts", "status": "PASS", "seconds": 0.02, "rust_summary": {"status": "ok", "passed": 4, "failed": 0, "ignored": 0, "measured": 0, "filtered_out": 0}}
{"i": 42, "targets": 131, "target": "fused_phi_scaling_contracts", "status": "PASS", "seconds": 0.26, "rust_summary": {"status": "ok", "passed": 4, "failed": 0, "ignored": 0, "measured": 0, "filtered_out": 0}}
{"i": 43, "targets": 131, "target": "g1_transactional_gate", "status": "PASS", "seconds": 2.67, "rust_summary": {"status": "ok", "passed": 1, "failed": 0, "ignored": 0, "measured": 0, "filtered_out": 0}}
{"i": 44, "targets": 131, "target": "g2_exponential_gate_contracts", "status": "PASS", "seconds": 0.46, "rust_summary": {"status": "ok", "passed": 2, "failed": 0, "ignored": 0, "measured": 0, "filtered_out": 0}}
{"i": 45, "targets": 131, "target": "g3_fused_adaptive_gate_contracts", "status": "PASS", "seconds": 5.13, "rust_summary": {"status": "ok", "passed": 1, "failed": 0, "ignored": 0, "measured": 0, "filtered_out": 0}}
{"i": 46, "targets": 131, "target": "g4_prefix_kernel_gate_contracts", "status": "PASS", "seconds": 1.57, "rust_summary": {"status": "ok", "passed": 1, "failed": 0, "ignored": 0, "measured": 0, "filtered_out": 0}}
{"i": 47, "targets": 131, "target": "g4_s5b3_attempt_geometry_contracts", "status": "PASS", "seconds": 0.67, "rust_summary": {"status": "ok", "passed": 1, "failed": 0, "ignored": 0, "measured": 0, "filtered_out": 0}}
{"i": 48, "targets": 131, "target": "gcrodr_state_validity_contracts", "status": "PASS", "seconds": 1.07, "rust_summary": {"status": "ok", "passed": 6, "failed": 0, "ignored": 0, "measured": 0, "filtered_out": 0}}
{"i": 49, "targets": 131, "target": "generic_problem_contracts", "status": "PASS", "seconds": 0.0, "rust_summary": {"status": "ok", "passed": 2, "failed": 0, "ignored": 0, "measured": 0, "filtered_out": 0}}
{"i": 50, "targets": 131, "target": "generic_scope_contracts", "status": "PASS", "seconds": 0.21, "rust_summary": {"status": "ok", "passed": 4, "failed": 0, "ignored": 0, "measured": 0, "filtered_out": 0}}
{"i": 51, "targets": 131, "target": "givens_gmres_contracts", "status": "PASS", "seconds": 0.11, "rust_summary": {"status": "ok", "passed": 8, "failed": 0, "ignored": 0, "measured": 0, "filtered_out": 0}}
{"i": 52, "targets": 131, "target": "global_error_contracts", "status": "PASS", "seconds": 1.27, "rust_summary": {"status": "ok", "passed": 9, "failed": 0, "ignored": 0, "measured": 0, "filtered_out": 0}}
{"i": 53, "targets": 131, "target": "holdout_hygiene_cli_contracts", "status": "PASS", "seconds": 0.03, "rust_summary": {"status": "ok", "passed": 1, "failed": 0, "ignored": 0, "measured": 0, "filtered_out": 0}}
{"i": 54, "targets": 131, "target": "homotopy_numerical_contracts", "status": "PASS", "seconds": 0.06, "rust_summary": {"status": "ok", "passed": 6, "failed": 0, "ignored": 0, "measured": 0, "filtered_out": 0}}
{"i": 55, "targets": 131, "target": "homotopy_path_controller_contracts", "status": "PASS", "seconds": 0.26, "rust_summary": {"status": "ok", "passed": 7, "failed": 0, "ignored": 0, "measured": 0, "filtered_out": 0}}
{"i": 56, "targets": 131, "target": "homotopy_research_contracts", "status": "PASS", "seconds": 0.03, "rust_summary": {"status": "ok", "passed": 6, "failed": 0, "ignored": 0, "measured": 0, "filtered_out": 0}}
{"i": 57, "targets": 131, "target": "inner_forcing_resolution_contracts", "status": "PASS", "seconds": 4.03, "rust_summary": {"status": "ok", "passed": 1, "failed": 0, "ignored": 0, "measured": 0, "filtered_out": 0}}
{"i": 58, "targets": 131, "target": "inner_forcing_v2_contracts", "status": "PASS", "seconds": 1.22, "rust_summary": {"status": "ok", "passed": 7, "failed": 0, "ignored": 0, "measured": 0, "filtered_out": 0}}
{"i": 59, "targets": 131, "target": "integrator_contracts", "status": "PASS", "seconds": 0.42, "rust_summary": {"status": "ok", "passed": 5, "failed": 0, "ignored": 0, "measured": 0, "filtered_out": 0}}
{"i": 60, "targets": 131, "target": "interpolant_audit_contracts", "status": "PASS", "seconds": 0.31, "rust_summary": {"status": "ok", "passed": 4, "failed": 0, "ignored": 0, "measured": 0, "filtered_out": 0}}
{"i": 61, "targets": 131, "target": "krylov_contracts", "status": "PASS", "seconds": 0.03, "rust_summary": {"status": "ok", "passed": 9, "failed": 0, "ignored": 0, "measured": 0, "filtered_out": 0}}
{"i": 62, "targets": 131, "target": "linearized_certificate_contracts", "status": "PASS", "seconds": 0.02, "rust_summary": {"status": "ok", "passed": 2, "failed": 0, "ignored": 0, "measured": 0, "filtered_out": 0}}
{"i": 63, "targets": 131, "target": "matrix_free_problem_contracts", "status": "PASS", "seconds": 0.0, "rust_summary": {"status": "ok", "passed": 2, "failed": 0, "ignored": 0, "measured": 0, "filtered_out": 0}}
{"i": 64, "targets": 131, "target": "matrix_function_contracts", "status": "PASS", "seconds": 0.03, "rust_summary": {"status": "ok", "passed": 9, "failed": 0, "ignored": 0, "measured": 0, "filtered_out": 0}}
{"i": 65, "targets": 131, "target": "native_candidate_contracts", "status": "PASS", "seconds": 0.06, "rust_summary": {"status": "ok", "passed": 2, "failed": 0, "ignored": 0, "measured": 0, "filtered_out": 0}}
{"i": 66, "targets": 131, "target": "native_implicit_contracts", "status": "PASS", "seconds": 0.02, "rust_summary": {"status": "ok", "passed": 11, "failed": 0, "ignored": 0, "measured": 0, "filtered_out": 0}}
{"i": 67, "targets": 131, "target": "nonfinite_operator_contracts", "status": "PASS", "seconds": 0.0, "rust_summary": {"status": "ok", "passed": 1, "failed": 0, "ignored": 0, "measured": 0, "filtered_out": 0}}
{"i": 68, "targets": 131, "target": "numerical_reference_contracts", "status": "PASS", "seconds": 0.21, "rust_summary": {"status": "ok", "passed": 6, "failed": 0, "ignored": 0, "measured": 0, "filtered_out": 0}}
{"i": 69, "targets": 131, "target": "numerical_reference_v2_contracts", "status": "PASS", "seconds": 0.47, "rust_summary": {"status": "ok", "passed": 7, "failed": 0, "ignored": 0, "measured": 0, "filtered_out": 0}}
{"i": 70, "targets": 131, "target": "operator_accounting_contracts", "status": "PASS", "seconds": 0.02, "rust_summary": {"status": "ok", "passed": 1, "failed": 0, "ignored": 0, "measured": 0, "filtered_out": 0}}
{"i": 71, "targets": 131, "target": "output_accuracy_assessment_contracts", "status": "PASS", "seconds": 0.0, "rust_summary": {"status": "ok", "passed": 9, "failed": 0, "ignored": 0, "measured": 0, "filtered_out": 0}}
{"i": 72, "targets": 131, "target": "output_observer_contracts", "status": "PASS", "seconds": 0.03, "rust_summary": {"status": "ok", "passed": 3, "failed": 0, "ignored": 0, "measured": 0, "filtered_out": 0}}
{"i": 73, "targets": 131, "target": "output_time_covariance_contracts", "status": "PASS", "seconds": 0.06, "rust_summary": {"status": "ok", "passed": 3, "failed": 0, "ignored": 0, "measured": 0, "filtered_out": 0}}
{"i": 74, "targets": 131, "target": "p1_00_tolerance_scaled_attempt_geometry_contracts", "status": "PASS", "seconds": 0.67, "rust_summary": {"status": "ok", "passed": 1, "failed": 0, "ignored": 0, "measured": 0, "filtered_out": 0}}
{"i": 75, "targets": 131, "target": "paired_timing_contracts", "status": "PASS", "seconds": 14.46, "rust_summary": {"status": "ok", "passed": 13, "failed": 0, "ignored": 0, "measured": 0, "filtered_out": 0}}
{"i": 76, "targets": 131, "target": "pexprb_continuation_budget_contracts", "status": "PASS", "seconds": 0.03, "rust_summary": {"status": "ok", "passed": 5, "failed": 0, "ignored": 0, "measured": 0, "filtered_out": 0}}
{"i": 77, "targets": 131, "target": "pexprb_level1_prefix_contracts", "status": "PASS", "seconds": 0.02, "rust_summary": {"status": "ok", "passed": 1, "failed": 0, "ignored": 0, "measured": 0, "filtered_out": 0}}
{"i": 78, "targets": 131, "target": "pexprb_level2_continuation_accounting", "status": "PASS", "seconds": 0.03, "rust_summary": {"status": "ok", "passed": 5, "failed": 0, "ignored": 0, "measured": 0, "filtered_out": 0}}
{"i": 79, "targets": 131, "target": "pexprb_level2_prefix_contracts", "status": "PASS", "seconds": 0.02, "rust_summary": {"status": "ok", "passed": 1, "failed": 0, "ignored": 0, "measured": 0, "filtered_out": 0}}
{"i": 80, "targets": 131, "target": "phi_action_certificate_contracts", "status": "PASS", "seconds": 0.82, "rust_summary": {"status": "ok", "passed": 3, "failed": 0, "ignored": 0, "measured": 0, "filtered_out": 0}}
{"i": 81, "targets": 131, "target": "phi_nonnormal_breakdown_contracts", "status": "PASS", "seconds": 0.03, "rust_summary": {"status": "ok", "passed": 6, "failed": 0, "ignored": 0, "measured": 0, "filtered_out": 0}}
{"i": 82, "targets": 131, "target": "phi_normalized_augmentation_contracts", "status": "PASS", "seconds": 0.03, "rust_summary": {"status": "ok", "passed": 5, "failed": 0, "ignored": 0, "measured": 0, "filtered_out": 0}}
{"i": 83, "targets": 131, "target": "policy_redesign_v25_contracts", "status": "PASS", "seconds": 0.0, "rust_summary": {"status": "ok", "passed": 4, "failed": 0, "ignored": 0, "measured": 0, "filtered_out": 0}}
{"i": 84, "targets": 131, "target": "prefix_contracts", "status": "PASS", "seconds": 0.03, "rust_summary": {"status": "ok", "passed": 1, "failed": 0, "ignored": 0, "measured": 0, "filtered_out": 0}}
{"i": 85, "targets": 131, "target": "prefix_phi_contracts", "status": "PASS", "seconds": 0.02, "rust_summary": {"status": "ok", "passed": 1, "failed": 0, "ignored": 0, "measured": 0, "filtered_out": 0}}
{"i": 86, "targets": 131, "target": "quadratic_remainder_drift_contracts", "status": "PASS", "seconds": 0.01, "rust_summary": {"status": "ok", "passed": 4, "failed": 0, "ignored": 0, "measured": 0, "filtered_out": 0}}
{"i": 87, "targets": 131, "target": "rhs_telemetry_contracts", "status": "PASS", "seconds": 10.04, "rust_summary": {"status": "ok", "passed": 5, "failed": 0, "ignored": 0, "measured": 0, "filtered_out": 0}}
{"i": 88, "targets": 131, "target": "rodas5p", "status": "PASS", "seconds": 3.28, "rust_summary": {"status": "ok", "passed": 8, "failed": 0, "ignored": 0, "measured": 0, "filtered_out": 0}}
{"i": 89, "targets": 131, "target": "rodas5p-allocation-audit", "status": "PASS", "seconds": 0.0, "rust_summary": {"status": "ok", "passed": 0, "failed": 0, "ignored": 0, "measured": 0, "filtered_out": 0}}
{"i": 90, "targets": 131, "target": "rodas5p_core", "status": "PASS", "seconds": 0.01, "rust_summary": {"status": "ok", "passed": 2, "failed": 0, "ignored": 0, "measured": 0, "filtered_out": 0}}
{"i": 91, "targets": 131, "target": "rodas5p_fair_ab", "status": "PASS", "seconds": 0.57, "rust_summary": {"status": "ok", "passed": 5, "failed": 0, "ignored": 0, "measured": 0, "filtered_out": 0}}
{"i": 92, "targets": 131, "target": "rodas5p_integrators", "status": "PASS", "seconds": 9.09, "rust_summary": {"status": "ok", "passed": 30, "failed": 0, "ignored": 1, "measured": 0, "filtered_out": 0}}
{"i": 93, "targets": 131, "target": "rodas5p_krylov", "status": "PASS", "seconds": 0.01, "rust_summary": {"status": "ok", "passed": 5, "failed": 0, "ignored": 0, "measured": 0, "filtered_out": 0}}
{"i": 94, "targets": 131, "target": "scientific_corpus_v2_1_calibration_oracle", "status": "PASS", "seconds": 0.0, "rust_summary": {"status": "ok", "passed": 1, "failed": 0, "ignored": 0, "measured": 0, "filtered_out": 0}}
{"i": 95, "targets": 131, "target": "scientific_corpus_v2_1_pde_contracts", "status": "PASS", "seconds": 0.16, "rust_summary": {"status": "ok", "passed": 3, "failed": 0, "ignored": 0, "measured": 0, "filtered_out": 0}}
{"i": 96, "targets": 131, "target": "scientific_corpus_v2_contracts", "status": "PASS", "seconds": 0.01, "rust_summary": {"status": "ok", "passed": 6, "failed": 0, "ignored": 0, "measured": 0, "filtered_out": 0}}
{"i": 97, "targets": 131, "target": "scientific_corpus_v2_spectral_contracts", "status": "PASS", "seconds": 0.32, "rust_summary": {"status": "ok", "passed": 5, "failed": 0, "ignored": 0, "measured": 0, "filtered_out": 0}}
{"i": 98, "targets": 131, "target": "scientific_validity_v2_campaign_contracts", "status": "PASS", "seconds": 0.0, "rust_summary": {"status": "ok", "passed": 2, "failed": 0, "ignored": 0, "measured": 0, "filtered_out": 0}}
{"i": 99, "targets": 131, "target": "scientific_validity_v2_cli_contracts", "status": "PASS", "seconds": 0.11, "rust_summary": {"status": "ok", "passed": 11, "failed": 0, "ignored": 0, "measured": 0, "filtered_out": 0}}
{"i": 100, "targets": 131, "target": "scientific_validity_v2_gates", "status": "PASS", "seconds": 0.03, "rust_summary": {"status": "ok", "passed": 8, "failed": 0, "ignored": 0, "measured": 0, "filtered_out": 0}}
{"i": 101, "targets": 131, "target": "semilinear_f033_ablation", "status": "PASS", "seconds": 0.0, "rust_summary": {"status": "ok", "passed": 0, "failed": 0, "ignored": 0, "measured": 0, "filtered_out": 0}}
{"i": 102, "targets": 131, "target": "semilinear_fixed_h_order", "status": "PASS", "seconds": 0.0, "rust_summary": {"status": "ok", "passed": 0, "failed": 0, "ignored": 0, "measured": 0, "filtered_out": 0}}
{"i": 103, "targets": 131, "target": "solve_stiff", "status": "PASS", "seconds": 0.42, "rust_summary": {"status": "ok", "passed": 5, "failed": 0, "ignored": 0, "measured": 0, "filtered_out": 0}}
{"i": 104, "targets": 131, "target": "stage_batch_contracts", "status": "PASS", "seconds": 0.16, "rust_summary": {"status": "ok", "passed": 4, "failed": 0, "ignored": 0, "measured": 0, "filtered_out": 0}}
{"i": 105, "targets": 131, "target": "tolerance_scaled_early_defect_contracts", "status": "PASS", "seconds": 0.21, "rust_summary": {"status": "ok", "passed": 3, "failed": 0, "ignored": 0, "measured": 0, "filtered_out": 0}}
{"i": 106, "targets": 131, "target": "tolerance_validation_contracts", "status": "PASS", "seconds": 0.01, "rust_summary": {"status": "ok", "passed": 8, "failed": 0, "ignored": 0, "measured": 0, "filtered_out": 0}}
{"i": 107, "targets": 131, "target": "transactional_q1_q2_adaptive", "status": "PASS", "seconds": 0.03, "rust_summary": {"status": "ok", "passed": 5, "failed": 0, "ignored": 0, "measured": 0, "filtered_out": 0}}
{"i": 108, "targets": 131, "target": "transactional_q1_q2_contracts", "status": "PASS", "seconds": 0.21, "rust_summary": {"status": "ok", "passed": 5, "failed": 0, "ignored": 0, "measured": 0, "filtered_out": 0}}
{"i": 109, "targets": 131, "target": "two_arm_admissibility_contracts", "status": "PASS", "seconds": 0.03, "rust_summary": {"status": "ok", "passed": 9, "failed": 0, "ignored": 0, "measured": 0, "filtered_out": 0}}
{"i": 110, "targets": 131, "target": "two_arm_v3_calibration96", "status": "PASS", "seconds": 0.0, "rust_summary": {"status": "ok", "passed": 0, "failed": 0, "ignored": 0, "measured": 0, "filtered_out": 0}}
{"i": 111, "targets": 131, "target": "two_arm_v3_campaign_contracts", "status": "BOUNDED_TIMEOUT", "seconds": 30.0, "rust_summary": null}
{"i": 112, "targets": 131, "target": "v33_zeta34_calibration_contracts", "status": "PASS", "seconds": 0.0, "rust_summary": {"status": "ok", "passed": 1, "failed": 0, "ignored": 0, "measured": 0, "filtered_out": 0}}
{"i": 113, "targets": 131, "target": "v37_continuation_transaction_cli_contracts", "status": "PASS", "seconds": 2.47, "rust_summary": {"status": "ok", "passed": 1, "failed": 0, "ignored": 0, "measured": 0, "filtered_out": 0}}
{"i": 114, "targets": 131, "target": "v37_continuation_transaction_contracts", "status": "PASS", "seconds": 2.37, "rust_summary": {"status": "ok", "passed": 1, "failed": 0, "ignored": 2, "measured": 0, "filtered_out": 0}}
{"i": 115, "targets": 131, "target": "v38d_performance_probe_contracts", "status": "PASS", "seconds": 0.0, "rust_summary": {"status": "ok", "passed": 5, "failed": 0, "ignored": 0, "measured": 0, "filtered_out": 0}}
{"i": 116, "targets": 131, "target": "vector_remainder_geometry_contracts", "status": "PASS", "seconds": 0.0, "rust_summary": {"status": "ok", "passed": 4, "failed": 0, "ignored": 0, "measured": 0, "filtered_out": 0}}
{"i": 117, "targets": 131, "target": "weighted_residual_contracts", "status": "PASS", "seconds": 0.01, "rust_summary": {"status": "ok", "passed": 4, "failed": 0, "ignored": 0, "measured": 0, "filtered_out": 0}}
{"i": 118, "targets": 131, "target": "work_counter_contracts", "status": "PASS", "seconds": 0.0, "rust_summary": {"status": "ok", "passed": 5, "failed": 0, "ignored": 0, "measured": 0, "filtered_out": 0}}
{"i": 119, "targets": 131, "target": "work_counter_lane_contracts", "status": "PASS", "seconds": 0.03, "rust_summary": {"status": "ok", "passed": 3, "failed": 0, "ignored": 0, "measured": 0, "filtered_out": 0}}
{"i": 120, "targets": 131, "target": "work_unit_contracts", "status": "PASS", "seconds": 0.0, "rust_summary": {"status": "ok", "passed": 1, "failed": 0, "ignored": 0, "measured": 0, "filtered_out": 0}}
{"i": 121, "targets": 131, "target": "workspace_allocation_contracts", "status": "PASS", "seconds": 0.03, "rust_summary": {"status": "ok", "passed": 1, "failed": 0, "ignored": 0, "measured": 0, "filtered_out": 0}}
{"i": 122, "targets": 131, "target": "workspace_contracts", "status": "PASS", "seconds": 0.06, "rust_summary": {"status": "ok", "passed": 1, "failed": 0, "ignored": 0, "measured": 0, "filtered_out": 0}}
{"i": 123, "targets": 131, "target": "a1_committed_trace_regression", "status": "PASS", "seconds": 0.27, "rust_summary": {"status": "ok", "passed": 1, "failed": 0, "ignored": 0, "measured": 0, "filtered_out": 0}}
{"i": 124, "targets": 131, "target": "a1_inner_tolerance_parity_contracts", "status": "PASS", "seconds": 0.0, "rust_summary": {"status": "ok", "passed": 6, "failed": 0, "ignored": 0, "measured": 0, "filtered_out": 0}}
{"i": 125, "targets": 131, "target": "a1_tolerance_receipt_cli_contracts", "status": "PASS", "seconds": 3.83, "rust_summary": {"status": "ok", "passed": 2, "failed": 0, "ignored": 0, "measured": 0, "filtered_out": 0}}
{"i": 126, "targets": 131, "target": "a1_two_arm_receipt_contracts", "status": "BOUNDED_TIMEOUT", "seconds": 120.0, "rust_summary": null}
{"i": 127, "targets": 131, "target": "g4_s5b0_regime_atlas_contracts", "status": "PASS", "seconds": 65.61, "rust_summary": {"status": "ok", "passed": 12, "failed": 0, "ignored": 0, "measured": 0, "filtered_out": 0}}
{"i": 128, "targets": 131, "target": "givens_production_differential_contracts", "status": "PASS", "seconds": 64.11, "rust_summary": {"status": "ok", "passed": 1, "failed": 0, "ignored": 0, "measured": 0, "filtered_out": 0}}
{"i": 129, "targets": 131, "target": "homotopy_policy_contracts", "status": "PASS", "seconds": 46.87, "rust_summary": {"status": "ok", "passed": 8, "failed": 0, "ignored": 0, "measured": 0, "filtered_out": 0}}
{"i": 130, "targets": 131, "target": "inner_forcing_fixed_step_ladder_contracts", "status": "BOUNDED_TIMEOUT", "seconds": 120.0, "rust_summary": null}
{"i": 131, "targets": 131, "target": "unified_candidate_contracts", "status": "PASS", "seconds": 43.85, "rust_summary": {"status": "ok", "passed": 13, "failed": 0, "ignored": 0, "measured": 0, "filtered_out": 0}}
{"full_suite_claim": "NOT_COMPLETE_BOUNDED_OR_FAILURE", "binary_counts": {"BOUNDED_TIMEOUT": 6, "PASS": 125}, "test_counts": {"IGNORED_NOT_RUN": 2, "PASS": 352, "UNRESOLVED_BOUNDED_TIMEOUT": 34, "UNRESOLVED_MISSING_RESULT": 270}, "source_manifests_and_lock_unchanged": true}
