=== scope lock ===
   Compiling rodas5p-integrators v0.1.0 (/mnt/data/GVJF_V32_WORK_20260818/repo/crates/rodas5p-integrators)
    Finished `test` profile [unoptimized + debuginfo] target(s) in 0.42s
     Running tests/generic_scope_contracts.rs (target/debug/deps/generic_scope_contracts-00d7e6d46556e300)

running 3 tests
test required_vectorized_jf_modules_exist_in_the_generic_base ... ok
test bdf_and_radau_remain_byte_frozen_comparators ... ok
test generic_solver_core_does_not_embed_physical_client_bindings ... ok

test result: ok. 3 passed; 0 failed; 0 ignored; 0 measured; 0 filtered out; finished in 0.08s

=== doc tests release ===
   Compiling version_check v0.9.5
   Compiling proc-macro2 v1.0.107
   Compiling autocfg v1.5.1
   Compiling libm v0.2.16
   Compiling cfg-if v1.0.4
   Compiling quote v1.0.47
   Compiling unicode-ident v1.0.24
   Compiling num-traits v0.2.19
   Compiling bytemuck v1.25.2
   Compiling nano-gemm-codegen v0.2.1
   Compiling paste v1.0.15
   Compiling bitflags v2.13.1
   Compiling raw-cpuid v11.6.0
   Compiling pulp v0.22.3
   Compiling libc v0.2.189
   Compiling pulp-wasm-simd-flag v0.1.1
   Compiling reborrow v0.5.5
   Compiling dyn-stack-macros v0.1.3
   Compiling dyn-stack v0.13.2
   Compiling num-complex v0.4.6
   Compiling once_cell v1.21.4
   Compiling syn v1.0.109
   Compiling seq-macro v0.3.6
   Compiling generic-array v0.14.7
   Compiling nano-gemm-core v0.2.1
   Compiling serde_core v1.0.229
   Compiling typenum v1.20.1
   Compiling syn v2.0.119
   Compiling syn v3.0.3
   Compiling nano-gemm-f64 v0.2.1
   Compiling interpol v0.2.1
   Compiling nano-gemm-f32 v0.2.1
   Compiling nano-gemm-c32 v0.2.1
   Compiling nano-gemm-c64 v0.2.1
   Compiling defer v0.2.1
   Compiling private-gemm-x86 v0.1.20
   Compiling gemm-common v0.19.0
   Compiling equator-macro v0.2.1
   Compiling zmij v1.0.23
   Compiling memchr v2.8.3
   Compiling equator v0.2.2
   Compiling gemm-f32 v0.19.0
   Compiling gemm-c32 v0.19.0
   Compiling gemm-c64 v0.19.0
   Compiling gemm-f64 v0.19.0
   Compiling qd v0.8.0
   Compiling block-buffer v0.10.4
   Compiling crypto-common v0.1.7
   Compiling num_cpus v1.17.0
   Compiling serde v1.0.229
   Compiling serde_json v1.0.151
   Compiling generativity v1.2.1
   Compiling itoa v1.0.18
   Compiling thiserror v2.0.19
   Compiling crossbeam-utils v0.8.22
   Compiling equator-macro v0.6.0
   Compiling faer-traits v0.24.0
   Compiling equator v0.6.0
   Compiling digest v0.10.7
   Compiling nano-gemm v0.2.2
   Compiling gemm v0.19.0
   Compiling thiserror-impl v2.0.19
   Compiling serde_derive v1.0.229
   Compiling crossbeam-epoch v0.9.20
   Compiling cpufeatures v0.2.17
   Compiling getrandom v0.3.4
   Compiling sha2 v0.10.9
   Compiling faer v0.24.4
   Compiling hex v0.4.3
   Compiling crossbeam-deque v0.8.7
   Compiling zerocopy v0.8.56
   Compiling rayon-core v1.13.0
   Compiling rand_core v0.9.5
   Compiling either v1.17.0
   Compiling csv-core v0.1.13
   Compiling ryu v1.0.23
   Compiling csv v1.4.0
   Compiling rayon v1.12.0
   Compiling rand_pcg v0.9.0
   Compiling ppv-lite86 v0.2.21
   Compiling rand_chacha v0.9.0
   Compiling rand v0.9.5
   Compiling rand_distr v0.5.1
=== doc tests release resume ===
   Compiling faer v0.24.4
=== doc tests release resume 2 ===
   Compiling faer v0.24.4
=== analyzer replay ===
{
  "schema": "gvjf-v32-quadratic-remainder-drift-discovery-analysis-v1",
  "events": 48,
  "unsafe_events": 5,
  "all_rjf_parity_exact": true,
  "all_event_keys_and_stage_authority_match": true,
  "all_drift_features_finite": true,
  "authority_witnesses": [
    "zeta34",
    "relative_drift"
  ],
  "selected_survivor": "zeta34",
  "survivor_count": 1,
  "threshold_selected": false,
  "N192_executed": false,
  "N384_executed": false,
  "N2048_executed": false,
  "active_switching": false,
  "runtime_full_e_activation": false,
  "robustness": [
    {
      "feature": "zeta34",
      "pooled_auc": 0.7674418604651163,
      "min_dimension_auc": 0.7105263157894737,
      "max_dimension_auc": 1.0,
      "dimension96_orientation": "higher-is-unsafe",
      "dimension256_orientation": "higher-is-unsafe",
      "dimension_orientation_agrees": true,
      "min_leave_one_family_out_auc": 0.6875,
      "median_leave_one_family_out_auc": 0.7598055372445617,
      "pooled_average_precision": 0.24385706914344685,
      "passes_predeclared_gate": true
    },
    {
      "feature": "zeta23",
      "pooled_auc": 0.7627906976744185,
      "min_dimension_auc": 0.7105263157894738,
      "max_dimension_auc": 1.0,
      "dimension96_orientation": "higher-is-unsafe",
      "dimension256_orientation": "higher-is-unsafe",
      "dimension_orientation_agrees": true,
      "min_leave_one_family_out_auc": 0.6875,
      "median_leave_one_family_out_auc": 0.750609756097561,
      "pooled_average_precision": 0.24134199134199133,
      "passes_predeclared_gate": false
    },
    {
      "feature": "remainder_chi34",
      "pooled_auc": 0.6093023255813954,
      "min_dimension_auc": 0.75,
      "max_dimension_auc": 0.9166666666666666,
      "dimension96_orientation": "lower-is-unsafe",
      "dimension256_orientation": "higher-is-unsafe",
      "dimension_orientation_agrees": false,
      "min_leave_one_family_out_auc": 0.5405405405405406,
      "median_leave_one_family_out_auc": 0.6111280487804878,
      "pooled_average_precision": 0.3894346757421063,
      "passes_predeclared_gate": false
    },
    {
      "feature": "stage_log_curvature_kappa234",
      "pooled_auc": 0.6651162790697676,
      "min_dimension_auc": 0.6842105263157895,
      "max_dimension_auc": 0.7916666666666666,
      "dimension96_orientation": "higher-is-unsafe",
      "dimension256_orientation": "higher-is-unsafe",
      "dimension_orientation_agrees": true,
      "min_leave_one_family_out_auc": 0.5333333333333334,
      "median_leave_one_family_out_auc": 0.6641463414634146,
      "pooled_average_precision": 0.36303030303030304,
      "passes_predeclared_gate": false
    },
    {
      "feature": "relative_drift",
      "pooled_auc": 0.5767441860465116,
      "min_dimension_auc": 0.5394736842105263,
      "max_dimension_auc": 0.9166666666666666,
      "dimension96_orientation": "higher-is-unsafe",
      "dimension256_orientation": "higher-is-unsafe",
      "dimension_orientation_agrees": true,
      "min_leave_one_family_out_auc": 0.5333333333333333,
      "median_leave_one_family_out_auc": 0.5690548780487805,
      "pooled_average_precision": 0.273632538569425,
      "passes_predeclared_gate": false
    }
  ]
}

ROBUSTNESS
                     feature  pooled_auc  min_dimension_auc  max_dimension_auc dimension96_orientation dimension256_orientation  dimension_orientation_agrees  min_leave_one_family_out_auc  median_leave_one_family_out_auc  pooled_average_precision  passes_predeclared_gate
                      zeta34    0.767442           0.710526           1.000000        higher-is-unsafe         higher-is-unsafe                          True                      0.687500                         0.759806                  0.243857                     True
                      zeta23    0.762791           0.710526           1.000000        higher-is-unsafe         higher-is-unsafe                          True                      0.687500                         0.750610                  0.241342                    False
             remainder_chi34    0.609302           0.750000           0.916667         lower-is-unsafe         higher-is-unsafe                         False                      0.540541                         0.611128                  0.389435                    False
stage_log_curvature_kappa234    0.665116           0.684211           0.791667        higher-is-unsafe         higher-is-unsafe                          True                      0.533333                         0.664146                  0.363030                    False
              relative_drift    0.576744           0.539474           0.916667        higher-is-unsafe         higher-is-unsafe                          True                      0.533333                         0.569055                  0.273633                    False
=== frozen hashes ===
68c681b58686e706ab6890d3be68bb1ca4a9398517e0e755a5c64b2cef746a04  crates/rodas5p-integrators/src/bdf.rs
edec0453a5338fc8357a7c026aff894869641b486a3aa3df858353a315bb441b  crates/rodas5p-integrators/src/radau.rs
b6ed82be4e09045fbda4ba8b1a8782daef8840220baf88935d36a7046433afb4  Cargo.lock
feeaa6efee462ecc27c567f80e2bda338c4fddbd55bc705986dec7ae40606d4e  .cargo/config.toml
f53198ae4fdecfd87da36fe431c771b54c51e975d01c0e99f653bc14d5d48211  rust-toolchain.toml
