=== clippy integrators ===
    Checking num-traits v0.2.19
    Checking serde_core v1.0.229
    Checking thiserror v2.0.19
    Checking num-complex v0.4.6
    Checking pulp v0.22.3
    Checking nano-gemm-c64 v0.2.1
    Checking nano-gemm-c32 v0.2.1
    Checking serde v1.0.229
    Checking serde_json v1.0.151
    Checking gemm-common v0.19.0
    Checking qd v0.8.0
    Checking faer-traits v0.24.0
    Checking gemm-c32 v0.19.0
    Checking gemm-f64 v0.19.0
    Checking gemm-f32 v0.19.0
    Checking gemm-c64 v0.19.0
    Checking gemm v0.19.0
    Checking nano-gemm v0.2.2
    Checking faer v0.24.4
    Checking rodas5p-core v0.1.0 (/mnt/data/GVJF_V32_WORK_20260818/repo/crates/rodas5p-core)
    Checking rodas5p-krylov v0.1.0 (/mnt/data/GVJF_V32_WORK_20260818/repo/crates/rodas5p-krylov)
    Checking rodas5p-integrators v0.1.0 (/mnt/data/GVJF_V32_WORK_20260818/repo/crates/rodas5p-integrators)
=== clippy integrators resume ===
    Checking rodas5p-integrators v0.1.0 (/mnt/data/GVJF_V32_WORK_20260818/repo/crates/rodas5p-integrators)
    Finished `dev` profile [unoptimized + debuginfo] target(s) in 8.37s
=== clippy cli ===
    Finished `dev` profile [unoptimized + debuginfo] target(s) in 0.10s
