{
  "reviewer_independent_design": true,
  "scope": "Independent exact empirical endpoints and finite-binomial theorem-direction sanity check. Does not validate population-bootstrap coverage, PRNG randomness or production integration.",
  "six_session_exact_endpoints": [
    {
      "probability": "1/40",
      "rank_lo": 1166,
      "rank_hi": 1167,
      "square_of_endpoint": "18/25",
      "endpoint": 0.848528137423857
    },
    {
      "probability": "39/40",
      "rank_lo": 45488,
      "rank_hi": 45489,
      "square_of_endpoint": "21/10",
      "endpoint": 1.449137674618944
    }
  ],
  "six_session_outcomes": 46656,
  "binomial_check": {
    "B": 64,
    "delta": 0.01,
    "epsilon": 0.20345295383984116,
    "p_grid_results": [
      {
        "p": "1/20",
        "two_sided_failure": 1.0929840868807813e-08
      },
      {
        "p": "1/10",
        "two_sided_failure": 2.4658264314215133e-06
      },
      {
        "p": "3/20",
        "two_sided_failure": 2.9781689927822994e-05
      },
      {
        "p": "1/5",
        "two_sided_failure": 0.0001273222623942598
      },
      {
        "p": "1/4",
        "two_sided_failure": 0.00012549311749351306
      },
      {
        "p": "3/10",
        "two_sided_failure": 0.0003236079587529261
      },
      {
        "p": "7/20",
        "two_sided_failure": 0.000566182154543884
      },
      {
        "p": "2/5",
        "two_sided_failure": 0.000812089158447885
      },
      {
        "p": "9/20",
        "two_sided_failure": 0.0010018634113601837
      },
      {
        "p": "1/2",
        "two_sided_failure": 0.0006173782640671298
      },
      {
        "p": "11/20",
        "two_sided_failure": 0.0010018634113601837
      },
      {
        "p": "3/5",
        "two_sided_failure": 0.000812089158447885
      },
      {
        "p": "13/20",
        "two_sided_failure": 0.000566182154543884
      },
      {
        "p": "7/10",
        "two_sided_failure": 0.0003236079587529261
      },
      {
        "p": "3/4",
        "two_sided_failure": 0.00012549311749351306
      },
      {
        "p": "4/5",
        "two_sided_failure": 0.0001273222623942598
      },
      {
        "p": "17/20",
        "two_sided_failure": 2.9781689927822994e-05
      },
      {
        "p": "9/10",
        "two_sided_failure": 2.4658264314215133e-06
      },
      {
        "p": "19/20",
        "two_sided_failure": 1.0929840868807813e-08
      }
    ],
    "maximum_failure": 0.0010018634113601837
  },
  "status": "PASS_WITHIN_STATED_SCOPE"
}
