{
 "mode": "f64",
 "struct": {
  "cond_Ginv_1norm": 40740.20127035131,
  "alpha_strictly_lower_max_upper_abs": 0.0,
  "Gamma_lower_max_upper_abs": 0.0,
  "beta_diag_minus_gamma_max": 0.0,
  "Gamma_diag_minus_gamma_max": 5.024484440358864e-53,
  "c_minus_alpha_rowsum_max": 1.9262901918132342e-15,
  "stiffly_accurate_b_minus_beta_lastrow_max": 5.345529420184391e-51,
  "embedded_bhat_minus_alpha_lastrow_max": 5.345529420184391e-51,
  "embedded_bhat_minus_beta_row_s2_max": 5.345529420184391e-51,
  "b_code_minus_(A_last+e_s)_max": 0.0,
  "sum_b_minus_1": 6.0099968981402675e-15,
  "sum_bhat_minus_1": 1.9262901918132342e-15,
  "gamma_rows": [
   "0.211938",
   "-0.423875",
   "-0.338463",
   "1.80465",
   "2.32583",
   "1.05863e-15",
   "1.0128e-15",
   "4.08371e-15"
  ]
 },
 "max_resid_main_by_order": {
  "1": 6.0099968981402675e-15,
  "2": 2.7068162838555336e-15,
  "3": 4.974036958559193e-16,
  "4": 1.1043968860749604e-15,
  "5": 9.7516607332378e-16
 },
 "max_resid_embedded_by_order": {
  "1": 1.9262901918132342e-15,
  "2": 2.1474500962186802e-15,
  "3": 8.394301724605435e-16,
  "4": 6.60665650544657e-16,
  "5": 0.014601073700828018
 },
 "hw_closed_form_max_abs": 6.0099968981402675e-15
}
p=1 t                      main=+6.01e-15 emb=+1.93e-15
p=2 [t]                    main=+2.71e-15 emb=+2.15e-15
p=3 [t,t]                  main=-3.41e-16 emb=+3.34e-16
p=3 [[t]]                  main=+4.97e-16 emb=+8.39e-16
p=4 [t,t,t]                main=-6.84e-16 emb=-1.23e-16
p=4 [t,[t]]                main=-8.91e-17 emb=+6.81e-17
p=4 [[t,t]]                main=-1.10e-15 emb=-6.61e-16
p=4 [[[t]]]                main=-2.33e-17 emb=+2.06e-16
p=5 [t,t,t,t]              main=+4.91e-16 emb=+7.26e-03
p=5 [t,t,[t]]              main=-3.98e-17 emb=+6.39e-04
p=5 [t,[t,t]]              main=+1.57e-16 emb=-7.51e-04
p=5 [t,[[t]]]              main=+6.85e-17 emb=-3.76e-04
p=5 [[t],[t]]              main=-2.30e-16 emb=-2.34e-03
p=5 [[t,t,t]]              main=-9.75e-16 emb=-7.43e-04
p=5 [[t,[t]]]              main=+3.10e-16 emb=-1.46e-02
p=5 [[[t,t]]]              main=-4.80e-16 emb=-2.48e-04
p=5 [[[[t]]]]              main=-6.09e-17 emb=-1.24e-04
gamma_matrix max_abs_ulp_significant=96.48417498187534 (n=36) small_entries n=28 max_abs_diff=4.99e-16
alpha max_abs_ulp_significant=22214.120636791657 (n=28) small_entries n=36 max_abs_diff=5.58e-16
beta max_abs_ulp_significant=22214.120636791657 (n=35) small_entries n=29 max_abs_diff=3.77e-16
l max_abs_ulp_significant=22214.120636791657 (n=27) small_entries n=37 max_abs_diff=3.77e-16
b max_abs_ulp_significant=1376.2991424094184 (n=8) small_entries n=0 max_abs_diff=0.00e+00
btilde max_abs_ulp_significant=82.36284029354063 (n=8) small_entries n=0 max_abs_diff=0.00e+00
gamma_rows max_abs_ulp_significant=3.556690220789036 (n=5) small_entries n=3 max_abs_diff=2.22e-15
c max_abs_ulp_significant=0.0 (n=7) small_entries n=1 max_abs_diff=0.00e+00
b_code max_abs_ulp_significant=0.0 (n=8) small_entries n=0 max_abs_diff=0.00e+00
gamma {'ulp': 0.0}
f64_coefficients_max_resid_main_by_order {1: 2.858824288409778e-15, 2: 6.827791981622067e-16, 3: 1.7087916038964564e-15, 4: 1.9213452528120316e-15, 5: 1.9725774635187337e-15}
f64_coefficients_max_resid_embedded_by_order {1: 1.0130785099704553e-15, 2: 1.2818968091065473e-15, 3: 1.1837386970241877e-15, 4: 1.850783024730316e-15, 5: 0.014601073700828388}
