{
 "mode": "exact",
 "struct": {
  "cond_Ginv_1norm": 40740.201270351296,
  "alpha_strictly_lower_max_upper_abs": 0.0,
  "Gamma_lower_max_upper_abs": 0.0,
  "beta_diag_minus_gamma_max": 3.3409558876152446e-52,
  "Gamma_diag_minus_gamma_max": 2.3817361308194615e-52,
  "c_minus_alpha_rowsum_max": 4.0362012020375064e-15,
  "stiffly_accurate_b_minus_beta_lastrow_max": 1.0691058840368783e-50,
  "embedded_bhat_minus_alpha_lastrow_max": 1.0691058840368783e-50,
  "embedded_bhat_minus_beta_row_s2_max": 1.0691058840368783e-50,
  "b_code_minus_(A_last+e_s)_max": 0.0,
  "sum_b_minus_1": 5.524277592527456e-15,
  "sum_bhat_minus_1": 4.0362012020375064e-15,
  "gamma_rows": [
   "0.211938",
   "-0.423875",
   "-0.338463",
   "1.80465",
   "2.32583",
   "1.69148e-15",
   "2.37063e-15",
   "1.48808e-15"
  ]
 },
 "max_resid_main_by_order": {
  "1": 5.524277592527456e-15,
  "2": 1.5934909937998546e-15,
  "3": 6.682289794308926e-16,
  "4": 1.2777213958046112e-15,
  "5": 1.2336424237816965e-15
 },
 "max_resid_embedded_by_order": {
  "1": 4.0362012020375064e-15,
  "2": 2.673935901196704e-15,
  "3": 8.239663569201216e-16,
  "4": 9.360840869440466e-16,
  "5": 0.014601073700828108
 },
 "hw_closed_form_max_abs": 5.524277592527456e-15
}
p=1 t                      main=+5.52e-15 emb=+4.04e-15
p=2 [t]                    main=+1.59e-15 emb=+2.67e-15
p=3 [t,t]                  main=-6.68e-16 emb=-1.90e-16
p=3 [[t]]                  main=-9.43e-17 emb=+8.24e-16
p=4 [t,t,t]                main=-1.14e-15 emb=-8.73e-16
p=4 [t,[t]]                main=-9.55e-17 emb=-8.17e-17
p=4 [[t,t]]                main=-1.28e-15 emb=-9.36e-16
p=4 [[[t]]]                main=-2.41e-16 emb=+1.32e-16
p=5 [t,t,t,t]              main=+6.17e-17 emb=+7.26e-03
p=5 [t,t,[t]]              main=-1.21e-16 emb=+6.39e-04
p=5 [t,[t,t]]              main=+2.63e-16 emb=-7.51e-04
p=5 [t,[[t]]]              main=+4.79e-17 emb=-3.76e-04
p=5 [[t],[t]]              main=-1.96e-16 emb=-2.34e-03
p=5 [[t,t,t]]              main=-1.23e-15 emb=-7.43e-04
p=5 [[t,[t]]]              main=+3.16e-16 emb=-1.46e-02
p=5 [[[t,t]]]              main=-5.15e-16 emb=-2.48e-04
p=5 [[[[t]]]]              main=-1.27e-16 emb=-1.24e-04
gamma_matrix max_abs_ulp_significant=164.5936994010641 (n=36) small_entries n=28 max_abs_diff=4.99e-16
alpha max_abs_ulp_significant=25358.05869448308 (n=28) small_entries n=36 max_abs_diff=5.58e-16
beta max_abs_ulp_significant=25358.05869448308 (n=35) small_entries n=29 max_abs_diff=3.77e-16
l max_abs_ulp_significant=25358.05869448308 (n=27) small_entries n=37 max_abs_diff=3.77e-16
b max_abs_ulp_significant=807.1712042136483 (n=8) small_entries n=0 max_abs_diff=0.00e+00
btilde max_abs_ulp_significant=164.5936994010641 (n=8) small_entries n=0 max_abs_diff=0.00e+00
gamma_rows max_abs_ulp_significant=3.261949383649426 (n=5) small_entries n=3 max_abs_diff=1.84e-15
c max_abs_ulp_significant=0.3165018500890624 (n=7) small_entries n=1 max_abs_diff=0.00e+00
b_code max_abs_ulp_significant=0.456506453098496 (n=8) small_entries n=0 max_abs_diff=0.00e+00
gamma {'ulp': 0.17957607599767553}
f64_coefficients_max_resid_main_by_order {1: 2.858824288409778e-15, 2: 6.827791981622067e-16, 3: 1.7087916038964564e-15, 4: 1.9213452528120316e-15, 5: 1.9725774635187337e-15}
f64_coefficients_max_resid_embedded_by_order {1: 1.0130785099704553e-15, 2: 1.2818968091065473e-15, 3: 1.1837386970241877e-15, 4: 1.850783024730316e-15, 5: 0.014601073700828388}
