   Compiling vigilode-output-cert-reaudit v0.1.0 (/workspace/scratch/0dc1e721cf82/reaudit/output_cert/probe)
    Finished `test` profile [unoptimized + debuginfo] target(s) in 3.18s
     Running unittests src/bin/safe_budget.rs (runtime_r2/target-output/debug/deps/safe_budget-5871053d19fec521)

running 0 tests

test result: ok. 0 passed; 0 failed; 0 ignored; 0 measured; 0 filtered out; finished in 0.00s

     Running unittests src/main.rs (runtime_r2/target-output/debug/deps/vigilode_output_cert_reaudit-d93c4d932e0d85cd)

running 0 tests

test result: ok. 0 passed; 0 failed; 0 ignored; 0 measured; 0 filtered out; finished in 0.00s

     Running tests/audit0930_accounting_contracts.rs (runtime_r2/target-output/debug/deps/audit0930_accounting_contracts-803ee8f31a81fbd2)

running 1 test
test dense_enforcement_rejections_are_counted_as_rejections ... ok

test result: ok. 1 passed; 0 failed; 0 ignored; 0 measured; 0 filtered out; finished in 0.01s

     Running tests/audit0930_reuse_certificate_contracts.rs (runtime_r2/target-output/debug/deps/audit0930_reuse_certificate_contracts-c220aa04b2f5f0cc)

running 1 test
test reuse_certificate_rejects_nonfinite_intermediates ... ok

test result: ok. 1 passed; 0 failed; 0 ignored; 0 measured; 0 filtered out; finished in 0.00s

     Running tests/audit0930_validation_contracts.rs (runtime_r2/target-output/debug/deps/audit0930_validation_contracts-816bfa115638c57d)

running 2 tests
test error_scale_checks_each_input ... ok
test malformed_budget_policies_are_rejected_at_evaluation ... ok

test result: ok. 2 passed; 0 failed; 0 ignored; 0 measured; 0 filtered out; finished in 0.00s

     Running tests/output_time_covariance_contracts.rs (runtime_r2/target-output/debug/deps/output_time_covariance_contracts-ff15ad6814c9fb62)

running 3 tests
test a_span_shorter_than_one_time_unit_is_integrated ... ok
test dense_outputs_do_not_depend_on_the_time_origin_or_unit ... ok
test clipped_outputs_do_not_depend_on_the_time_origin_or_unit ... ok

test result: ok. 3 passed; 0 failed; 0 ignored; 0 measured; 0 filtered out; finished in 0.05s

