     Locking 93 packages to latest Rust 1.94.1 compatible versions
   Compiling version_check v0.9.5
   Compiling proc-macro2 v1.0.107
   Compiling unicode-ident v1.0.24
   Compiling autocfg v1.5.1
   Compiling quote v1.0.47
   Compiling num-traits v0.2.19
   Compiling bytemuck v1.25.2
   Compiling nano-gemm-codegen v0.2.1
   Compiling num-complex v0.4.6
   Compiling libm v0.2.16
   Compiling paste v1.0.15
   Compiling bitflags v2.13.1
   Compiling raw-cpuid v11.6.0
   Compiling pulp v0.22.3
   Compiling cfg-if v1.0.4
   Compiling pulp-wasm-simd-flag v0.1.1
   Compiling reborrow v0.5.5
   Compiling dyn-stack-macros v0.1.3
   Compiling dyn-stack v0.13.2
   Compiling seq-macro v0.3.6
   Compiling syn v1.0.109
   Compiling once_cell v1.21.4
   Compiling gemm-common v0.19.0
   Compiling generic-array v0.14.7
   Compiling nano-gemm-core v0.2.1
   Compiling typenum v1.20.1
   Compiling libc v0.2.189
   Compiling interpol v0.2.1
   Compiling nano-gemm-c64 v0.2.1
   Compiling nano-gemm-c32 v0.2.1
   Compiling nano-gemm-f64 v0.2.1
   Compiling nano-gemm-f32 v0.2.1
   Compiling syn v3.0.3
   Compiling syn v2.0.119
   Compiling crossbeam-utils v0.8.22
   Compiling serde_core v1.0.229
   Compiling defer v0.2.1
   Compiling private-gemm-x86 v0.1.20
   Compiling equator-macro v0.2.1
   Compiling crossbeam-epoch v0.9.20
   Compiling zmij v1.0.23
   Compiling num_cpus v1.17.0
   Compiling equator v0.2.2
   Compiling crypto-common v0.1.7
   Compiling block-buffer v0.10.4
   Compiling gemm-c32 v0.19.0
   Compiling gemm-f32 v0.19.0
   Compiling gemm-c64 v0.19.0
   Compiling gemm-f64 v0.19.0
   Compiling qd v0.8.0
   Compiling crossbeam-deque v0.8.7
   Compiling thiserror v2.0.19
   Compiling generativity v1.2.1
   Compiling serde v1.0.229
   Compiling equator-macro v0.6.0
   Compiling serde_json v1.0.151
   Compiling equator v0.6.0
   Compiling faer-traits v0.24.0
   Compiling gemm v0.19.0
   Compiling digest v0.10.7
   Compiling nano-gemm v0.2.2
   Compiling serde_derive v1.0.229
   Compiling thiserror-impl v2.0.19
   Compiling memchr v2.8.3
   Compiling itoa v1.0.18
   Compiling rayon-core v1.13.0
   Compiling cpufeatures v0.2.17
   Compiling sha2 v0.10.9
   Compiling faer v0.24.4
   Compiling hex v0.4.3
   Compiling rodas5p-core v0.1.0 (/workspace/scratch/0dc1e721cf82/vigilode/crates/rodas5p-core)
   Compiling rodas5p-integrators v0.1.0 (/workspace/scratch/0dc1e721cf82/vigilode/crates/rodas5p-integrators)
   Compiling either v1.17.0
   Compiling rayon v1.12.0
   Compiling rodas5p-krylov v0.1.0 (/workspace/scratch/0dc1e721cf82/vigilode/crates/rodas5p-krylov)
   Compiling vigilode-output-cert-reaudit v0.1.0 (/workspace/scratch/0dc1e721cf82/reaudit/output_cert/probe)
    Finished `dev` profile [unoptimized + debuginfo] target(s) in 2m 02s
     Running `runtime_r2/target-output/debug/vigilode-output-cert-reaudit`
