# Verbatim excerpt of the executed scoped run; dependency-build chatter omitted.
# Full captured log is retained in the downloadable handback as logs/readiness-full.log.
# Full captured log SHA-256: 3a0b74b0d4a7913ab7ec0a0ed42fd36e0a4b9001759e15bbe04f64b12b3f861d

Ran 12 tests in 3.274s
OK
Ran 8 tests in 0.013s
OK
    Finished `test` profile [unoptimized + debuginfo] target(s) in 1m 32s
     Running tests/global_error_contracts.rs (/mnt/data/audit2_readiness_work/target/debug/deps/global_error_contracts-c04ce9dc40982e89)
running 8 tests
test result: ok. 8 passed; 0 failed; 0 ignored; 0 measured; 0 filtered out; finished in 1.04s
     Running tests/output_accuracy_assessment_contracts.rs (/mnt/data/audit2_readiness_work/target/debug/deps/output_accuracy_assessment_contracts-d2a37433d5cc6954)
running 9 tests
test result: ok. 9 passed; 0 failed; 0 ignored; 0 measured; 0 filtered out; finished in 0.00s
    Finished `test` profile [unoptimized + debuginfo] target(s) in 3.22s
     Running tests/audit2_structured_correction_contracts.rs (/mnt/data/audit2_readiness_work/target/debug/deps/audit2_structured_correction_contracts-351199ed96f1925d)
running 11 tests
test result: ok. 11 passed; 0 failed; 0 ignored; 0 measured; 0 filtered out; finished in 0.64s
     Running tests/dense_output_v2_contracts.rs (/mnt/data/audit2_readiness_work/target/debug/deps/dense_output_v2_contracts-b455433685b4f97d)
running 15 tests
test result: ok. 15 passed; 0 failed; 0 ignored; 0 measured; 0 filtered out; finished in 0.44s
     Running tests/homotopy_numerical_contracts.rs (/mnt/data/audit2_readiness_work/target/debug/deps/homotopy_numerical_contracts-8f9333c55851b13a)
running 6 tests
test result: ok. 6 passed; 0 failed; 0 ignored; 0 measured; 0 filtered out; finished in 0.02s
    Finished `test` profile [unoptimized + debuginfo] target(s) in 28.42s
     Running unittests examples/solve_stiff.rs (/mnt/data/audit2_readiness_work/target/debug/examples/solve_stiff-57133494fdc41213)
running 5 tests
test result: ok. 5 passed; 0 failed; 0 ignored; 0 measured; 0 filtered out; finished in 0.59s
    Finished `dev` profile [unoptimized + debuginfo] target(s) in 1m 08s
    Finished `dev` profile [unoptimized + debuginfo] target(s) in 1m 22s
Default solver example: complete solve and typed partial failure exercised.
This checks a documented narrow example, not production/general accuracy or speedup.
AUDIT2_USAGE_OUTPUT_DIR=/mnt/data/audit2_readiness_work/usage
