{"target": "paired_timing_contracts", "status": "PASS", "rust_summary": {"status": "ok", "passed": 13, "failed": 0, "ignored": 0, "measured": 0, "filtered_out": 0}}
{"target": "r2_output_budget_contracts", "status": "PASS", "rust_summary": {"status": "ok", "passed": 3, "failed": 0, "ignored": 0, "measured": 0, "filtered_out": 0}}
{"target": "r2_output_time_identity_contracts", "status": "PASS", "rust_summary": {"status": "ok", "passed": 9, "failed": 0, "ignored": 0, "measured": 0, "filtered_out": 0}}
{"target": "r2_phi_range_contracts", "status": "PASS", "rust_summary": {"status": "ok", "passed": 4, "failed": 0, "ignored": 0, "measured": 0, "filtered_out": 0}}
{"target": "r2_timing_authority_contracts", "status": "PASS", "rust_summary": {"status": "ok", "passed": 5, "failed": 0, "ignored": 0, "measured": 0, "filtered_out": 0}}
{"target": "r2_work_coverage_consumer_contracts", "status": "PASS", "rust_summary": {"status": "ok", "passed": 1, "failed": 0, "ignored": 0, "measured": 0, "filtered_out": 0}}
{"target": "work_unit_contracts", "status": "PASS", "rust_summary": {"status": "ok", "passed": 2, "failed": 0, "ignored": 0, "measured": 0, "filtered_out": 0}}
{"target": "adaptive_bdf_contracts", "status": "PASS", "rust_summary": {"status": "ok", "passed": 12, "failed": 0, "ignored": 0, "measured": 0, "filtered_out": 0}}
{"target": "adaptive_controller_contracts", "status": "PASS", "rust_summary": {"status": "ok", "passed": 9, "failed": 0, "ignored": 0, "measured": 0, "filtered_out": 0}}
{"target": "adaptive_fused_exponential_contracts", "status": "PASS", "rust_summary": {"status": "ok", "passed": 3, "failed": 0, "ignored": 0, "measured": 0, "filtered_out": 0}}
{"target": "adaptive_global_error_contracts", "status": "PASS", "rust_summary": {"status": "ok", "passed": 4, "failed": 0, "ignored": 0, "measured": 0, "filtered_out": 0}}
{"target": "adaptive_homotopy_contracts", "status": "PASS", "rust_summary": {"status": "ok", "passed": 2, "failed": 0, "ignored": 0, "measured": 0, "filtered_out": 0}}
{"target": "adaptive_radau_contracts", "status": "PASS", "rust_summary": {"status": "ok", "passed": 6, "failed": 0, "ignored": 0, "measured": 0, "filtered_out": 0}}
{"target": "adaptive_rodas_contracts", "status": "PASS", "rust_summary": {"status": "ok", "passed": 2, "failed": 0, "ignored": 0, "measured": 0, "filtered_out": 0}}
{"target": "allocation_cli_contracts", "status": "PASS", "rust_summary": {"status": "ok", "passed": 1, "failed": 0, "ignored": 0, "measured": 0, "filtered_out": 0}}
{"target": "allocation_contracts", "status": "PASS", "rust_summary": {"status": "ok", "passed": 1, "failed": 0, "ignored": 0, "measured": 0, "filtered_out": 0}}
{"target": "audit0930_accounting_contracts", "status": "PASS", "rust_summary": {"status": "ok", "passed": 1, "failed": 0, "ignored": 0, "measured": 0, "filtered_out": 0}}
{"target": "audit0930_reuse_certificate_contracts", "status": "PASS", "rust_summary": {"status": "ok", "passed": 1, "failed": 0, "ignored": 0, "measured": 0, "filtered_out": 0}}
{"target": "audit0930_validation_contracts", "status": "PASS", "rust_summary": {"status": "ok", "passed": 2, "failed": 0, "ignored": 0, "measured": 0, "filtered_out": 0}}
{"target": "audit2_bateman_local_six_case", "status": "PASS", "rust_summary": {"status": "ok", "passed": 0, "failed": 0, "ignored": 0, "measured": 0, "filtered_out": 0}}
{"target": "audit2_matrix_free_common_w_contracts", "status": "PASS", "rust_summary": {"status": "ok", "passed": 6, "failed": 0, "ignored": 0, "measured": 0, "filtered_out": 0}}
{"target": "audit2_real_client_authority_contracts", "status": "PASS", "rust_summary": {"status": "ok", "passed": 6, "failed": 0, "ignored": 0, "measured": 0, "filtered_out": 0}}
{"target": "audit2_reusable_preconditioner_transaction_contracts", "status": "PASS", "rust_summary": {"status": "ok", "passed": 21, "failed": 0, "ignored": 0, "measured": 0, "filtered_out": 0}}
{"target": "audit2_stage_certificate_contracts", "status": "PASS", "rust_summary": {"status": "ok", "passed": 24, "failed": 0, "ignored": 0, "measured": 0, "filtered_out": 0}}
{"target": "audit2_structured_correction_contracts", "status": "PASS", "rust_summary": {"status": "ok", "passed": 15, "failed": 0, "ignored": 0, "measured": 0, "filtered_out": 0}}
{"target": "block_gmres_contracts", "status": "PASS", "rust_summary": {"status": "ok", "passed": 8, "failed": 0, "ignored": 0, "measured": 0, "filtered_out": 0}}
{"target": "block_vector_unit_contracts", "status": "PASS", "rust_summary": {"status": "ok", "passed": 2, "failed": 0, "ignored": 0, "measured": 0, "filtered_out": 0}}
{"target": "cli_contracts", "status": "BOUNDED_TIMEOUT", "rust_summary": null}
{"target": "clipped_controller_contracts", "status": "PASS", "rust_summary": {"status": "ok", "passed": 5, "failed": 0, "ignored": 0, "measured": 0, "filtered_out": 0}}
{"target": "common_w_gate_contracts", "status": "BOUNDED_TIMEOUT", "rust_summary": null}
{"target": "comparator_tier_a_contracts", "status": "PASS", "rust_summary": {"status": "ok", "passed": 3, "failed": 0, "ignored": 0, "measured": 0, "filtered_out": 0}}
{"target": "constants_provenance_contracts", "status": "PASS", "rust_summary": {"status": "ok", "passed": 2, "failed": 0, "ignored": 0, "measured": 0, "filtered_out": 0}}
{"target": "core_contracts", "status": "PASS", "rust_summary": {"status": "ok", "passed": 12, "failed": 0, "ignored": 0, "measured": 0, "filtered_out": 0}}
{"target": "dense_error_control_contracts", "status": "PASS", "rust_summary": {"status": "ok", "passed": 4, "failed": 0, "ignored": 0, "measured": 0, "filtered_out": 0}}
{"target": "dense_output_v2_contracts", "status": "PASS", "rust_summary": {"status": "ok", "passed": 15, "failed": 0, "ignored": 0, "measured": 0, "filtered_out": 0}}
{"target": "early_flow_defect_contracts", "status": "PASS", "rust_summary": {"status": "ok", "passed": 4, "failed": 0, "ignored": 0, "measured": 0, "filtered_out": 0}}
{"target": "enforced_prefix_budget_contracts", "status": "PASS", "rust_summary": {"status": "ok", "passed": 3, "failed": 0, "ignored": 0, "measured": 0, "filtered_out": 0}}
{"target": "enforced_prefix_budget_runner_contracts", "status": "PASS", "rust_summary": {"status": "ok", "passed": 3, "failed": 0, "ignored": 0, "measured": 0, "filtered_out": 0}}
{"target": "exponential_contracts", "status": "PASS", "rust_summary": {"status": "ok", "passed": 6, "failed": 0, "ignored": 0, "measured": 0, "filtered_out": 0}}
{"target": "exponential_order_contracts", "status": "PASS", "rust_summary": {"status": "ok", "passed": 3, "failed": 0, "ignored": 0, "measured": 0, "filtered_out": 0}}
{"target": "external_comparator_contracts", "status": "PASS", "rust_summary": {"status": "ok", "passed": 10, "failed": 0, "ignored": 0, "measured": 0, "filtered_out": 0}}
{"target": "fair_ab_contracts", "status": "PASS", "rust_summary": {"status": "ok", "passed": 6, "failed": 0, "ignored": 0, "measured": 0, "filtered_out": 0}}
{"target": "fixed_step_order_contracts", "status": "BOUNDED_TIMEOUT", "rust_summary": null}
{"target": "frozen_full_e_shadow_cli_contracts", "status": "PASS", "rust_summary": {"status": "ok", "passed": 2, "failed": 0, "ignored": 0, "measured": 0, "filtered_out": 0}}
{"target": "frozen_full_e_shadow_contracts", "status": "PASS", "rust_summary": {"status": "ok", "passed": 3, "failed": 0, "ignored": 0, "measured": 0, "filtered_out": 0}}
{"target": "fused_exponential_contracts", "status": "PASS", "rust_summary": {"status": "ok", "passed": 2, "failed": 0, "ignored": 0, "measured": 0, "filtered_out": 0}}
{"target": "fused_phi_contracts", "status": "PASS", "rust_summary": {"status": "ok", "passed": 2, "failed": 0, "ignored": 0, "measured": 0, "filtered_out": 0}}
{"target": "fused_phi_krylov_contracts", "status": "PASS", "rust_summary": {"status": "ok", "passed": 4, "failed": 0, "ignored": 0, "measured": 0, "filtered_out": 0}}
{"target": "fused_phi_scaling_contracts", "status": "PASS", "rust_summary": {"status": "ok", "passed": 4, "failed": 0, "ignored": 0, "measured": 0, "filtered_out": 0}}
{"target": "g1_transactional_gate", "status": "PASS", "rust_summary": {"status": "ok", "passed": 1, "failed": 0, "ignored": 0, "measured": 0, "filtered_out": 0}}
{"target": "g2_exponential_gate_contracts", "status": "PASS", "rust_summary": {"status": "ok", "passed": 2, "failed": 0, "ignored": 0, "measured": 0, "filtered_out": 0}}
{"target": "g3_fused_adaptive_gate_contracts", "status": "PASS", "rust_summary": {"status": "ok", "passed": 1, "failed": 0, "ignored": 0, "measured": 0, "filtered_out": 0}}
{"target": "g4_prefix_kernel_gate_contracts", "status": "PASS", "rust_summary": {"status": "ok", "passed": 1, "failed": 0, "ignored": 0, "measured": 0, "filtered_out": 0}}
{"target": "g4_s5b3_attempt_geometry_contracts", "status": "PASS", "rust_summary": {"status": "ok", "passed": 1, "failed": 0, "ignored": 0, "measured": 0, "filtered_out": 0}}
{"target": "gcrodr_state_validity_contracts", "status": "PASS", "rust_summary": {"status": "ok", "passed": 6, "failed": 0, "ignored": 0, "measured": 0, "filtered_out": 0}}
{"target": "generic_problem_contracts", "status": "PASS", "rust_summary": {"status": "ok", "passed": 2, "failed": 0, "ignored": 0, "measured": 0, "filtered_out": 0}}
{"target": "generic_scope_contracts", "status": "PASS", "rust_summary": {"status": "ok", "passed": 4, "failed": 0, "ignored": 0, "measured": 0, "filtered_out": 0}}
{"target": "givens_gmres_contracts", "status": "PASS", "rust_summary": {"status": "ok", "passed": 8, "failed": 0, "ignored": 0, "measured": 0, "filtered_out": 0}}
{"target": "global_error_contracts", "status": "PASS", "rust_summary": {"status": "ok", "passed": 9, "failed": 0, "ignored": 0, "measured": 0, "filtered_out": 0}}
{"target": "holdout_hygiene_cli_contracts", "status": "PASS", "rust_summary": {"status": "ok", "passed": 1, "failed": 0, "ignored": 0, "measured": 0, "filtered_out": 0}}
{"target": "homotopy_numerical_contracts", "status": "PASS", "rust_summary": {"status": "ok", "passed": 6, "failed": 0, "ignored": 0, "measured": 0, "filtered_out": 0}}
{"target": "homotopy_path_controller_contracts", "status": "PASS", "rust_summary": {"status": "ok", "passed": 7, "failed": 0, "ignored": 0, "measured": 0, "filtered_out": 0}}
{"target": "homotopy_research_contracts", "status": "PASS", "rust_summary": {"status": "ok", "passed": 6, "failed": 0, "ignored": 0, "measured": 0, "filtered_out": 0}}
{"target": "inner_forcing_resolution_contracts", "status": "PASS", "rust_summary": {"status": "ok", "passed": 1, "failed": 0, "ignored": 0, "measured": 0, "filtered_out": 0}}
{"target": "inner_forcing_v2_contracts", "status": "PASS", "rust_summary": {"status": "ok", "passed": 7, "failed": 0, "ignored": 0, "measured": 0, "filtered_out": 0}}
{"target": "integrator_contracts", "status": "PASS", "rust_summary": {"status": "ok", "passed": 5, "failed": 0, "ignored": 0, "measured": 0, "filtered_out": 0}}
{"target": "interpolant_audit_contracts", "status": "PASS", "rust_summary": {"status": "ok", "passed": 4, "failed": 0, "ignored": 0, "measured": 0, "filtered_out": 0}}
{"target": "krylov_contracts", "status": "PASS", "rust_summary": {"status": "ok", "passed": 9, "failed": 0, "ignored": 0, "measured": 0, "filtered_out": 0}}
{"target": "linearized_certificate_contracts", "status": "PASS", "rust_summary": {"status": "ok", "passed": 2, "failed": 0, "ignored": 0, "measured": 0, "filtered_out": 0}}
{"target": "matrix_free_problem_contracts", "status": "PASS", "rust_summary": {"status": "ok", "passed": 2, "failed": 0, "ignored": 0, "measured": 0, "filtered_out": 0}}
{"target": "matrix_function_contracts", "status": "PASS", "rust_summary": {"status": "ok", "passed": 9, "failed": 0, "ignored": 0, "measured": 0, "filtered_out": 0}}
{"target": "native_candidate_contracts", "status": "PASS", "rust_summary": {"status": "ok", "passed": 2, "failed": 0, "ignored": 0, "measured": 0, "filtered_out": 0}}
{"target": "native_implicit_contracts", "status": "PASS", "rust_summary": {"status": "ok", "passed": 11, "failed": 0, "ignored": 0, "measured": 0, "filtered_out": 0}}
{"target": "nonfinite_operator_contracts", "status": "PASS", "rust_summary": {"status": "ok", "passed": 1, "failed": 0, "ignored": 0, "measured": 0, "filtered_out": 0}}
{"target": "numerical_reference_contracts", "status": "PASS", "rust_summary": {"status": "ok", "passed": 6, "failed": 0, "ignored": 0, "measured": 0, "filtered_out": 0}}
{"target": "numerical_reference_v2_contracts", "status": "PASS", "rust_summary": {"status": "ok", "passed": 7, "failed": 0, "ignored": 0, "measured": 0, "filtered_out": 0}}
{"target": "operator_accounting_contracts", "status": "PASS", "rust_summary": {"status": "ok", "passed": 1, "failed": 0, "ignored": 0, "measured": 0, "filtered_out": 0}}
{"target": "output_accuracy_assessment_contracts", "status": "PASS", "rust_summary": {"status": "ok", "passed": 9, "failed": 0, "ignored": 0, "measured": 0, "filtered_out": 0}}
{"target": "output_observer_contracts", "status": "PASS", "rust_summary": {"status": "ok", "passed": 3, "failed": 0, "ignored": 0, "measured": 0, "filtered_out": 0}}
{"target": "output_time_covariance_contracts", "status": "PASS", "rust_summary": {"status": "ok", "passed": 3, "failed": 0, "ignored": 0, "measured": 0, "filtered_out": 0}}
{"target": "p1_00_tolerance_scaled_attempt_geometry_contracts", "status": "PASS", "rust_summary": {"status": "ok", "passed": 1, "failed": 0, "ignored": 0, "measured": 0, "filtered_out": 0}}
{"target": "pexprb_continuation_budget_contracts", "status": "PASS", "rust_summary": {"status": "ok", "passed": 5, "failed": 0, "ignored": 0, "measured": 0, "filtered_out": 0}}
{"target": "pexprb_level1_prefix_contracts", "status": "PASS", "rust_summary": {"status": "ok", "passed": 1, "failed": 0, "ignored": 0, "measured": 0, "filtered_out": 0}}
{"target": "pexprb_level2_continuation_accounting", "status": "PASS", "rust_summary": {"status": "ok", "passed": 5, "failed": 0, "ignored": 0, "measured": 0, "filtered_out": 0}}
{"target": "pexprb_level2_prefix_contracts", "status": "PASS", "rust_summary": {"status": "ok", "passed": 1, "failed": 0, "ignored": 0, "measured": 0, "filtered_out": 0}}
{"target": "phi_action_certificate_contracts", "status": "PASS", "rust_summary": {"status": "ok", "passed": 3, "failed": 0, "ignored": 0, "measured": 0, "filtered_out": 0}}
{"target": "phi_nonnormal_breakdown_contracts", "status": "PASS", "rust_summary": {"status": "ok", "passed": 6, "failed": 0, "ignored": 0, "measured": 0, "filtered_out": 0}}
{"target": "phi_normalized_augmentation_contracts", "status": "PASS", "rust_summary": {"status": "ok", "passed": 5, "failed": 0, "ignored": 0, "measured": 0, "filtered_out": 0}}
{"target": "policy_redesign_v25_contracts", "status": "PASS", "rust_summary": {"status": "ok", "passed": 4, "failed": 0, "ignored": 0, "measured": 0, "filtered_out": 0}}
{"target": "prefix_contracts", "status": "PASS", "rust_summary": {"status": "ok", "passed": 1, "failed": 0, "ignored": 0, "measured": 0, "filtered_out": 0}}
{"target": "prefix_phi_contracts", "status": "PASS", "rust_summary": {"status": "ok", "passed": 1, "failed": 0, "ignored": 0, "measured": 0, "filtered_out": 0}}
{"target": "quadratic_remainder_drift_contracts", "status": "PASS", "rust_summary": {"status": "ok", "passed": 4, "failed": 0, "ignored": 0, "measured": 0, "filtered_out": 0}}
{"target": "rhs_telemetry_contracts", "status": "PASS", "rust_summary": {"status": "ok", "passed": 5, "failed": 0, "ignored": 0, "measured": 0, "filtered_out": 0}}
{"target": "rodas5p", "status": "PASS", "rust_summary": {"status": "ok", "passed": 8, "failed": 0, "ignored": 0, "measured": 0, "filtered_out": 0}}
{"target": "rodas5p-allocation-audit", "status": "PASS", "rust_summary": {"status": "ok", "passed": 0, "failed": 0, "ignored": 0, "measured": 0, "filtered_out": 0}}
{"target": "rodas5p_core", "status": "PASS", "rust_summary": {"status": "ok", "passed": 2, "failed": 0, "ignored": 0, "measured": 0, "filtered_out": 0}}
{"target": "rodas5p_fair_ab", "status": "PASS", "rust_summary": {"status": "ok", "passed": 6, "failed": 0, "ignored": 0, "measured": 0, "filtered_out": 0}}
{"target": "rodas5p_integrators", "status": "PASS", "rust_summary": {"status": "ok", "passed": 30, "failed": 0, "ignored": 1, "measured": 0, "filtered_out": 0}}
{"target": "rodas5p_krylov", "status": "PASS", "rust_summary": {"status": "ok", "passed": 5, "failed": 0, "ignored": 0, "measured": 0, "filtered_out": 0}}
{"target": "scientific_corpus_v2_1_calibration_oracle", "status": "PASS", "rust_summary": {"status": "ok", "passed": 1, "failed": 0, "ignored": 0, "measured": 0, "filtered_out": 0}}
{"target": "scientific_corpus_v2_1_pde_contracts", "status": "PASS", "rust_summary": {"status": "ok", "passed": 3, "failed": 0, "ignored": 0, "measured": 0, "filtered_out": 0}}
{"target": "scientific_corpus_v2_contracts", "status": "PASS", "rust_summary": {"status": "ok", "passed": 6, "failed": 0, "ignored": 0, "measured": 0, "filtered_out": 0}}
{"target": "scientific_corpus_v2_spectral_contracts", "status": "PASS", "rust_summary": {"status": "ok", "passed": 5, "failed": 0, "ignored": 0, "measured": 0, "filtered_out": 0}}
{"target": "scientific_validity_v2_campaign_contracts", "status": "PASS", "rust_summary": {"status": "ok", "passed": 2, "failed": 0, "ignored": 0, "measured": 0, "filtered_out": 0}}
{"target": "scientific_validity_v2_cli_contracts", "status": "PASS", "rust_summary": {"status": "ok", "passed": 11, "failed": 0, "ignored": 0, "measured": 0, "filtered_out": 0}}
{"target": "scientific_validity_v2_gates", "status": "PASS", "rust_summary": {"status": "ok", "passed": 8, "failed": 0, "ignored": 0, "measured": 0, "filtered_out": 0}}
{"target": "semilinear_f033_ablation", "status": "PASS", "rust_summary": {"status": "ok", "passed": 0, "failed": 0, "ignored": 0, "measured": 0, "filtered_out": 0}}
{"target": "semilinear_fixed_h_order", "status": "PASS", "rust_summary": {"status": "ok", "passed": 0, "failed": 0, "ignored": 0, "measured": 0, "filtered_out": 0}}
{"target": "solve_stiff", "status": "PASS", "rust_summary": {"status": "ok", "passed": 5, "failed": 0, "ignored": 0, "measured": 0, "filtered_out": 0}}
{"target": "stage_batch_contracts", "status": "PASS", "rust_summary": {"status": "ok", "passed": 4, "failed": 0, "ignored": 0, "measured": 0, "filtered_out": 0}}
{"target": "tolerance_scaled_early_defect_contracts", "status": "PASS", "rust_summary": {"status": "ok", "passed": 3, "failed": 0, "ignored": 0, "measured": 0, "filtered_out": 0}}
{"target": "tolerance_validation_contracts", "status": "PASS", "rust_summary": {"status": "ok", "passed": 8, "failed": 0, "ignored": 0, "measured": 0, "filtered_out": 0}}
{"target": "transactional_q1_q2_adaptive", "status": "PASS", "rust_summary": {"status": "ok", "passed": 5, "failed": 0, "ignored": 0, "measured": 0, "filtered_out": 0}}
{"target": "transactional_q1_q2_contracts", "status": "PASS", "rust_summary": {"status": "ok", "passed": 5, "failed": 0, "ignored": 0, "measured": 0, "filtered_out": 0}}
{"target": "two_arm_admissibility_contracts", "status": "PASS", "rust_summary": {"status": "ok", "passed": 9, "failed": 0, "ignored": 0, "measured": 0, "filtered_out": 0}}
{"target": "two_arm_v3_calibration96", "status": "PASS", "rust_summary": {"status": "ok", "passed": 0, "failed": 0, "ignored": 0, "measured": 0, "filtered_out": 0}}
{"target": "two_arm_v3_campaign_contracts", "status": "BOUNDED_TIMEOUT", "rust_summary": null}
{"target": "v33_zeta34_calibration_contracts", "status": "PASS", "rust_summary": {"status": "ok", "passed": 1, "failed": 0, "ignored": 0, "measured": 0, "filtered_out": 0}}
{"target": "v37_continuation_transaction_cli_contracts", "status": "PASS", "rust_summary": {"status": "ok", "passed": 1, "failed": 0, "ignored": 0, "measured": 0, "filtered_out": 0}}
{"target": "v37_continuation_transaction_contracts", "status": "PASS", "rust_summary": {"status": "ok", "passed": 1, "failed": 0, "ignored": 2, "measured": 0, "filtered_out": 0}}
{"target": "v38d_performance_probe_contracts", "status": "PASS", "rust_summary": {"status": "ok", "passed": 5, "failed": 0, "ignored": 0, "measured": 0, "filtered_out": 0}}
{"target": "vector_remainder_geometry_contracts", "status": "PASS", "rust_summary": {"status": "ok", "passed": 4, "failed": 0, "ignored": 0, "measured": 0, "filtered_out": 0}}
{"target": "weighted_residual_contracts", "status": "PASS", "rust_summary": {"status": "ok", "passed": 4, "failed": 0, "ignored": 0, "measured": 0, "filtered_out": 0}}
{"target": "work_counter_contracts", "status": "PASS", "rust_summary": {"status": "ok", "passed": 5, "failed": 0, "ignored": 0, "measured": 0, "filtered_out": 0}}
{"target": "work_counter_lane_contracts", "status": "PASS", "rust_summary": {"status": "ok", "passed": 3, "failed": 0, "ignored": 0, "measured": 0, "filtered_out": 0}}
{"target": "workspace_allocation_contracts", "status": "PASS", "rust_summary": {"status": "ok", "passed": 1, "failed": 0, "ignored": 0, "measured": 0, "filtered_out": 0}}
{"target": "workspace_contracts", "status": "PASS", "rust_summary": {"status": "ok", "passed": 1, "failed": 0, "ignored": 0, "measured": 0, "filtered_out": 0}}
{"target": "a1_committed_trace_regression", "status": "PASS", "rust_summary": {"status": "ok", "passed": 1, "failed": 0, "ignored": 0, "measured": 0, "filtered_out": 0}}
{"target": "a1_inner_tolerance_parity_contracts", "status": "PASS", "rust_summary": {"status": "ok", "passed": 6, "failed": 0, "ignored": 0, "measured": 0, "filtered_out": 0}}
{"target": "a1_tolerance_receipt_cli_contracts", "status": "PASS", "rust_summary": {"status": "ok", "passed": 2, "failed": 0, "ignored": 0, "measured": 0, "filtered_out": 0}}
{"target": "a1_two_arm_receipt_contracts", "status": "BOUNDED_TIMEOUT", "rust_summary": null}
{"target": "g4_s5b0_regime_atlas_contracts", "status": "BOUNDED_TIMEOUT", "rust_summary": null}
{"native_campaign_status": "PARTIAL_BOUNDED_NATIVE_CAMPAIGN", "discovered_binary_count": 136, "discovered_named_test_count": 682, "test_counts": {"IGNORED_NOT_RUN": 3, "NOT_RUN_TOTAL_BUDGET": 28, "PASS": 625, "UNRESOLVED_BOUNDED_TIMEOUT": 26}, "binary_counts": {"BOUNDED_TIMEOUT": 6, "NOT_RUN_TOTAL_BUDGET": 4, "PASS": 126}}
