   Compiling syn v3.0.3
   Compiling thiserror-impl v2.0.19
   Compiling serde_derive v1.0.229
   Compiling serde v1.0.229
   Compiling thiserror v2.0.19
   Compiling utf8parse v0.2.2
   Compiling anstyle-parse v1.0.0
   Compiling rodas5p-core v0.1.0 (/workspace/scratch/0dc1e721cf82/vigilode/crates/rodas5p-core)
   Compiling is_terminal_polyfill v1.70.2
   Compiling anstyle-query v1.1.5
   Compiling anstyle v1.0.14
   Compiling rodas5p-integrators v0.1.0 (/workspace/scratch/0dc1e721cf82/vigilode/crates/rodas5p-integrators)
   Compiling colorchoice v1.0.5
   Compiling anstream v1.0.0
   Compiling rodas5p-krylov v0.1.0 (/workspace/scratch/0dc1e721cf82/vigilode/crates/rodas5p-krylov)
   Compiling clap_lex v1.1.0
   Compiling strsim v0.11.1
   Compiling anyhow v1.0.104
   Compiling rodas5p-fair-ab v0.1.0 (/workspace/scratch/0dc1e721cf82/vigilode/crates/rodas5p-fair-ab)
   Compiling heck v0.5.0
   Compiling clap_derive v4.6.4
   Compiling clap_builder v4.6.6
   Compiling clap v4.6.6
   Compiling rodas5p-cli v0.1.0 (/workspace/scratch/0dc1e721cf82/vigilode/crates/rodas5p-cli)
    Finished `test` profile [unoptimized + debuginfo] target(s) in 51.90s
     Running unittests src/main.rs (target-stat/debug/deps/rodas5p-b22fbc60a78ca978)

running 1 test
test unified_assessment_tests::tier_l_wall_decisions_come_only_from_a_paired_assessment ... ok

test result: ok. 1 passed; 0 failed; 0 ignored; 0 measured; 7 filtered out; finished in 1.02s

