    Blocking waiting for file lock on artifact directory
   Compiling rodas5p-core v0.1.0 (/workspace/scratch/0dc1e721cf82/vigilode/crates/rodas5p-core)
   Compiling rodas5p-krylov v0.1.0 (/workspace/scratch/0dc1e721cf82/vigilode/crates/rodas5p-krylov)
   Compiling rodas5p-fair-ab v0.1.0 (/workspace/scratch/0dc1e721cf82/vigilode/crates/rodas5p-fair-ab)
   Compiling rodas5p-integrators v0.1.0 (/workspace/scratch/0dc1e721cf82/vigilode/crates/rodas5p-integrators)
    Finished `test` profile [unoptimized + debuginfo] target(s) in 1m 02s
     Running tests/paired_timing_contracts.rs (target-stat/debug/deps/paired_timing_contracts-6bf4760cb382f348)

running 13 tests
test batch_size_is_calibrated_from_the_minimum_warmup ... ok
test abba_order_is_seeded_mirrored_and_balanced ... ok
test measured_case_uses_warmups_minimum_calibration_and_abba_pairs ... ok
test host_metadata_records_every_field_or_unknown ... ok
test protocol_and_cases_below_the_minimum_are_rejected ... ok
test pairs_of_one_process_are_not_resampled_as_independent ... ok
test true_speedup_of_0_90_blocks ... ok
test identical_arms_give_an_aa_interval_containing_one ... ok
test threshold_speedup_with_the_v36_recorded_spread_is_inconclusive ... ok
test true_speedup_of_1_30_with_five_percent_noise_promotes ... ok
test same_seed_reproduces_identical_interval_bits ... ok
test replicating_cases_does_not_narrow_a_session_level_interval ... ok
test one_shared_process_is_one_session_however_many_cases ... ok

test result: ok. 13 passed; 0 failed; 0 ignored; 0 measured; 0 filtered out; finished in 9.18s

