     Locking 107 packages to latest Rust 1.94.1 compatible versions
   Compiling version_check v0.9.5
   Compiling autocfg v1.5.1
   Compiling proc-macro2 v1.0.107
   Compiling libm v0.2.16
   Compiling num-traits v0.2.19
   Compiling cfg-if v1.0.4
   Compiling quote v1.0.47
   Compiling unicode-ident v1.0.24
   Compiling bytemuck v1.25.2
   Compiling nano-gemm-codegen v0.2.1
   Compiling num-complex v0.4.6
   Compiling paste v1.0.15
   Compiling bitflags v2.13.1
   Compiling raw-cpuid v11.6.0
   Compiling pulp v0.22.3
   Compiling libc v0.2.189
   Compiling reborrow v0.5.5
   Compiling pulp-wasm-simd-flag v0.1.1
   Compiling dyn-stack-macros v0.1.3
   Compiling dyn-stack v0.13.2
   Compiling seq-macro v0.3.6
   Compiling syn v1.0.109
   Compiling once_cell v1.21.4
   Compiling gemm-common v0.19.0
   Compiling generic-array v0.14.7
   Compiling nano-gemm-core v0.2.1
   Compiling typenum v1.20.1
   Compiling serde_core v1.0.229
   Compiling interpol v0.2.1
   Compiling nano-gemm-c32 v0.2.1
   Compiling nano-gemm-f64 v0.2.1
   Compiling nano-gemm-f32 v0.2.1
   Compiling nano-gemm-c64 v0.2.1
   Compiling syn v3.0.3
   Compiling syn v2.0.119
   Compiling defer v0.2.1
   Compiling crossbeam-utils v0.8.22
   Compiling getrandom v0.3.4
   Compiling private-gemm-x86 v0.1.20
   Compiling equator-macro v0.2.1
   Compiling crossbeam-epoch v0.9.20
   Compiling zmij v1.0.23
   Compiling zerocopy v0.8.56
   Compiling memchr v2.8.3
   Compiling equator v0.2.2
   Compiling crypto-common v0.1.7
   Compiling block-buffer v0.10.4
   Compiling gemm-f64 v0.19.0
   Compiling gemm-f32 v0.19.0
   Compiling gemm-c64 v0.19.0
   Compiling gemm-c32 v0.19.0
   Compiling num_cpus v1.17.0
   Compiling qd v0.8.0
   Compiling itoa v1.0.18
   Compiling crossbeam-deque v0.8.7
   Compiling serde_json v1.0.151
   Compiling equator-macro v0.6.0
   Compiling serde v1.0.229
   Compiling generativity v1.2.1
   Compiling thiserror v2.0.19
   Compiling faer-traits v0.24.0
   Compiling equator v0.6.0
   Compiling gemm v0.19.0
   Compiling digest v0.10.7
   Compiling rand_core v0.9.5
   Compiling nano-gemm v0.2.2
   Compiling serde_derive v1.0.229
   Compiling thiserror-impl v2.0.19
   Compiling rayon-core v1.13.0
   Compiling cpufeatures v0.2.17
   Compiling sha2 v0.10.9
   Compiling ppv-lite86 v0.2.21
   Compiling faer v0.24.4
   Compiling hex v0.4.3
   Compiling rodas5p-core v0.1.0 (/workspace/scratch/0dc1e721cf82/vigilode/crates/rodas5p-core)
   Compiling rand_chacha v0.9.0
   Compiling rodas5p-integrators v0.1.0 (/workspace/scratch/0dc1e721cf82/vigilode/crates/rodas5p-integrators)
   Compiling either v1.17.0
   Compiling rayon v1.12.0
   Compiling rand v0.9.5
   Compiling rodas5p-krylov v0.1.0 (/workspace/scratch/0dc1e721cf82/vigilode/crates/rodas5p-krylov)
   Compiling csv-core v0.1.13
   Compiling rodas5p-fair-ab v0.1.0 (/workspace/scratch/0dc1e721cf82/vigilode/crates/rodas5p-fair-ab)
   Compiling ryu v1.0.23
   Compiling csv v1.4.0
   Compiling rand_distr v0.5.1
   Compiling rand_pcg v0.9.0
   Compiling vigilode-statistics-reaudit v0.1.0 (/workspace/scratch/0dc1e721cf82/reaudit/statistics/probe)
    Finished `dev` profile [unoptimized + debuginfo] target(s) in 2m 10s
     Running `target-stat/debug/vigilode-statistics-reaudit`
{"actual_processes":1,"clock":"synthetic","explicit_session":{"aa_control":{"authoritative":false,"contains_unity":true,"half_width_log":0.0,"interval":{"confidence_level":0.95,"independent_blocks":1,"lower":1.0,"lower_log":0.0,"point":1.0,"point_log":0.0,"resamples":10000,"seed":7,"upper":1.0,"upper_log":0.0},"maximum_half_width_log":0.06988097118757931},"cases":[{"batch_iterations":2,"case_id":"measured-0","maximum_pair_speedup":1.3000000000000014,"median_log_speedup":0.26236426446748684,"median_speedup":1.2999999999999945,"minimum_pair_speedup":1.2999999999999945,"pairs":30},{"batch_iterations":2,"case_id":"measured-1","maximum_pair_speedup":1.3000000000000014,"median_log_speedup":0.26236426446748684,"median_speedup":1.2999999999999945,"minimum_pair_speedup":1.2999999999999945,"pairs":30},{"batch_iterations":2,"case_id":"measured-2","maximum_pair_speedup":1.3000000000000014,"median_log_speedup":0.26236426446748684,"median_speedup":1.2999999999999945,"minimum_pair_speedup":1.2999999999999945,"pairs":30},{"batch_iterations":2,"case_id":"measured-3","maximum_pair_speedup":1.3000000000000014,"median_log_speedup":0.26236426446748684,"median_speedup":1.2999999999999945,"minimum_pair_speedup":1.2999999999999945,"pairs":30},{"batch_iterations":2,"case_id":"measured-4","maximum_pair_speedup":1.3000000000000014,"median_log_speedup":0.26236426446748684,"median_speedup":1.2999999999999945,"minimum_pair_speedup":1.2999999999999945,"pairs":30},{"batch_iterations":2,"case_id":"measured-5","maximum_pair_speedup":1.3000000000000014,"median_log_speedup":0.26236426446748684,"median_speedup":1.2999999999999945,"minimum_pair_speedup":1.2999999999999945,"pairs":30}],"corpus":{"confidence_level":0.95,"independent_blocks":1,"lower":1.2999999999999945,"lower_log":0.26236426446748684,"point":1.2999999999999945,"point_log":0.26236426446748684,"resamples":10000,"seed":7,"upper":1.2999999999999945,"upper_log":0.26236426446748684},"decision":"inconclusive","gate_decision":"inconclusive","host":{"cpu_model":"AMD EPYC 9V74 80-Core Processor","cpus_allowed":"0-8","load_average":"3.12 1.50 0.65","pinning":"multi-cpu","scaling_governor":"unknown","thread_count":1},"protocol":{"bootstrap_resamples":10000,"confidence_level":0.95,"maximum_batch_iterations":10000,"minimum_sample_seconds":0.002,"pairs":30,"required_speedup":1.15,"seed":7,"warmups":2},"schema":"vigilode-paired-timing-v1","timing_authoritative":false},"pid":6,"test_id":"R2STAT_SESSION_DEFAULT","unlabeled":{"aa_control":{"authoritative":true,"contains_unity":true,"half_width_log":0.0,"interval":{"confidence_level":0.95,"independent_blocks":6,"lower":1.0,"lower_log":0.0,"point":1.0,"point_log":0.0,"resamples":10000,"seed":7,"upper":1.0,"upper_log":0.0},"maximum_half_width_log":0.06988097118757931},"cases":[{"batch_iterations":2,"case_id":"measured-0","maximum_pair_speedup":1.3000000000000014,"median_log_speedup":0.26236426446748684,"median_speedup":1.2999999999999945,"minimum_pair_speedup":1.2999999999999945,"pairs":30},{"batch_iterations":2,"case_id":"measured-1","maximum_pair_speedup":1.3000000000000014,"median_log_speedup":0.26236426446748684,"median_speedup":1.2999999999999945,"minimum_pair_speedup":1.2999999999999945,"pairs":30},{"batch_iterations":2,"case_id":"measured-2","maximum_pair_speedup":1.3000000000000014,"median_log_speedup":0.26236426446748684,"median_speedup":1.2999999999999945,"minimum_pair_speedup":1.2999999999999945,"pairs":30},{"batch_iterations":2,"case_id":"measured-3","maximum_pair_speedup":1.3000000000000014,"median_log_speedup":0.26236426446748684,"median_speedup":1.2999999999999945,"minimum_pair_speedup":1.2999999999999945,"pairs":30},{"batch_iterations":2,"case_id":"measured-4","maximum_pair_speedup":1.3000000000000014,"median_log_speedup":0.26236426446748684,"median_speedup":1.2999999999999945,"minimum_pair_speedup":1.2999999999999945,"pairs":30},{"batch_iterations":2,"case_id":"measured-5","maximum_pair_speedup":1.3000000000000014,"median_log_speedup":0.26236426446748684,"median_speedup":1.2999999999999945,"minimum_pair_speedup":1.2999999999999945,"pairs":30}],"corpus":{"confidence_level":0.95,"independent_blocks":6,"lower":1.2999999999999945,"lower_log":0.26236426446748684,"point":1.2999999999999945,"point_log":0.26236426446748684,"resamples":10000,"seed":7,"upper":1.2999999999999945,"upper_log":0.26236426446748684},"decision":"promote","gate_decision":"promote","host":{"cpu_model":"AMD EPYC 9V74 80-Core Processor","cpus_allowed":"0-8","load_average":"3.12 1.50 0.65","pinning":"multi-cpu","scaling_governor":"unknown","thread_count":1},"protocol":{"bootstrap_resamples":10000,"confidence_level":0.95,"maximum_batch_iterations":10000,"minimum_sample_seconds":0.002,"pairs":30,"required_speedup":1.15,"seed":7,"warmups":2},"schema":"vigilode-paired-timing-v1","timing_authoritative":true}}
{"aa_sessions":[100,101,102,103,104,105],"assessment":{"aa_control":{"authoritative":true,"contains_unity":true,"half_width_log":0.0,"interval":{"confidence_level":0.95,"independent_blocks":6,"lower":1.0,"lower_log":0.0,"point":1.0,"point_log":0.0,"resamples":10000,"seed":7,"upper":1.0,"upper_log":0.0},"maximum_half_width_log":0.06988097118757931},"cases":[{"batch_iterations":2,"case_id":"candidate","maximum_pair_speedup":1.3,"median_log_speedup":0.26236426446749106,"median_speedup":1.3,"minimum_pair_speedup":1.3,"pairs":30}],"corpus":{"confidence_level":0.95,"independent_blocks":6,"lower":1.3,"lower_log":0.26236426446749106,"point":1.3,"point_log":0.26236426446749106,"resamples":10000,"seed":7,"upper":1.3,"upper_log":0.26236426446749106},"decision":"promote","gate_decision":"promote","host":{"cpu_model":"AMD EPYC 9V74 80-Core Processor","cpus_allowed":"0-8","load_average":"3.12 1.50 0.65","pinning":"multi-cpu","scaling_governor":"unknown","thread_count":1},"protocol":{"bootstrap_resamples":10000,"confidence_level":0.95,"maximum_batch_iterations":10000,"minimum_sample_seconds":0.002,"pairs":30,"required_speedup":1.15,"seed":7,"warmups":2},"schema":"vigilode-paired-timing-v1","timing_authoritative":true},"candidate_sessions":[0,1,2,3,4,5],"test_id":"R2STAT_AA_UNMATCHED_SESSIONS"}
{"block_cost":24.0,"legacy_cost":null,"minimum_physical_vectors_if_legacy_single_vector":17,"mixed_cost":1.0,"mixed_counters":{"accepted_steps":0,"block_linear_iterations":0,"block_linear_solves":0,"block_matvecs":0,"block_preconditioner_apps":0,"diagnostic_matvecs":0,"direct_factorizations":0,"direct_solve_calls":0,"fallback_steps":0,"fast_accepts":0,"fast_attempts":0,"forced_stage_solves":0,"ft_calls":0,"harmonic_ritz_solves":0,"jacobian_builds":0,"jvp_calls":0,"jvp_vectors":0,"linear_iterations":0,"linear_matvec_vectors":1,"linear_matvecs":17,"linear_solve_failures":0,"linear_solves":0,"local_error_failures":0,"mass_matvecs":0,"nonfinite_step_failures":0,"nonlinear_failures":0,"nonlinear_iterations":0,"nonlinear_jacobian_evaluations":0,"nonlinear_residual_evaluations":0,"nonlinear_solve_failures":0,"nonlinear_solves":0,"orthogonalization_inner_products":0,"orthogonalization_vector_updates":0,"phi_actions":0,"phi_dense_oracle_calls":0,"phi_krylov_vectors":0,"phi_projected_exponentials":0,"phi_restarts":0,"preconditioner_apps":0,"recycle_cross_operator_refreshes":0,"recycle_dropped_vectors":0,"recycle_projection_calls":0,"recycle_refresh_matvecs":0,"recycle_same_operator_uses":0,"recycle_updates":0,"recycle_vectors_selected":0,"rejected_steps":0,"rhs_batch_calls":0,"rhs_calls":0,"rhs_evaluations":0},"sequential_cost":16.0,"test_id":"R2STAT_PARETO_AND_MIXED"}
{"assertions":6,"claim":"balanced-design admission and absorbing unknown only; no confidence coverage proof","status":"PASS","test_id":"R2STAT_CANDIDATE_ADMISSION_AND_LEDGER"}
{"assessment":{"aa_control":{"authoritative":true,"contains_unity":true,"half_width_log":0.0,"interval":{"confidence_level":0.95,"independent_blocks":6,"lower":1.0,"lower_log":0.0,"point":1.0,"point_log":0.0,"resamples":1,"seed":1,"upper":1.0,"upper_log":0.0},"maximum_half_width_log":0.06988097118757931},"cases":[{"batch_iterations":2,"case_id":"case","maximum_pair_speedup":1.5,"median_log_speedup":0.04765508990216247,"median_speedup":1.0488088481701516,"minimum_pair_speedup":0.8,"pairs":30}],"corpus":{"confidence_level":0.95,"independent_blocks":6,"lower":1.2409673645990857,"lower_log":0.21589120821276891,"point":1.0488088481701516,"point_log":0.04765508990216247,"resamples":1,"seed":1,"upper":1.2409673645990857,"upper_log":0.21589120821276891},"decision":"promote","gate_decision":"promote","host":{"cpu_model":"AMD EPYC 9V74 80-Core Processor","cpus_allowed":"0-8","load_average":"3.12 1.50 0.65","pinning":"multi-cpu","scaling_governor":"unknown","thread_count":1},"protocol":{"bootstrap_resamples":1,"confidence_level":0.95,"maximum_batch_iterations":10000,"minimum_sample_seconds":0.002,"pairs":30,"required_speedup":1.15,"seed":1,"warmups":2},"schema":"vigilode-paired-timing-v1","timing_authoritative":true},"normal_protocol":{"aa_control":{"authoritative":true,"contains_unity":true,"half_width_log":0.0,"interval":{"confidence_level":0.95,"independent_blocks":6,"lower":1.0,"lower_log":0.0,"point":1.0,"point_log":0.0,"resamples":10000,"seed":1,"upper":1.0,"upper_log":0.0},"maximum_half_width_log":0.06988097118757931},"cases":[{"batch_iterations":2,"case_id":"case","maximum_pair_speedup":1.5,"median_log_speedup":0.04765508990216247,"median_speedup":1.0488088481701516,"minimum_pair_speedup":0.8,"pairs":30}],"corpus":{"confidence_level":0.95,"independent_blocks":6,"lower":0.848528137423857,"lower_log":-0.164252033486018,"point":1.0488088481701516,"point_log":0.04765508990216247,"resamples":10000,"seed":1,"upper":1.449137674618944,"upper_log":0.37096867236468867},"decision":"inconclusive","gate_decision":"inconclusive","host":{"cpu_model":"AMD EPYC 9V74 80-Core Processor","cpus_allowed":"0-8","load_average":"3.12 1.50 0.65","pinning":"multi-cpu","scaling_governor":"unknown","thread_count":1},"protocol":{"bootstrap_resamples":10000,"confidence_level":0.95,"maximum_batch_iterations":10000,"minimum_sample_seconds":0.002,"pairs":30,"required_speedup":1.15,"seed":1,"warmups":2},"schema":"vigilode-paired-timing-v1","timing_authoritative":true},"test_id":"R2STAT_SINGLE_RESAMPLE"}
