    Checking bytemuck v1.25.2
    Checking bitflags v2.13.1
    Checking num-traits v0.2.19
    Checking cfg-if v1.0.4
    Checking libm v0.2.16
    Checking pulp-wasm-simd-flag v0.1.1
    Checking reborrow v0.5.5
    Checking once_cell v1.21.4
    Checking nano-gemm-core v0.2.1
    Checking typenum v1.20.1
    Checking libc v0.2.189
    Checking nano-gemm-f64 v0.2.1
    Checking raw-cpuid v11.6.0
    Checking nano-gemm-f32 v0.2.1
    Checking dyn-stack v0.13.2
    Checking equator v0.2.2
    Checking serde_core v1.0.229
    Checking num-complex v0.4.6
    Checking generic-array v0.14.7
    Checking generativity v1.2.1
    Checking equator v0.6.0
    Checking zmij v1.0.23
    Checking nano-gemm-c32 v0.2.1
    Checking num_cpus v1.17.0
    Checking nano-gemm-c64 v0.2.1
    Checking block-buffer v0.10.4
    Checking crypto-common v0.1.7
    Checking memchr v2.8.3
    Checking digest v0.10.7
    Checking itoa v1.0.18
    Checking cpufeatures v0.2.17
    Checking sha2 v0.10.9
    Checking thiserror v2.0.19
    Checking hex v0.4.3
    Checking pulp v0.22.3
    Checking private-gemm-x86 v0.1.20
    Checking serde_json v1.0.151
    Checking serde v1.0.229
    Checking gemm-common v0.19.0
    Checking qd v0.8.0
    Checking faer-traits v0.24.0
    Checking gemm-c64 v0.19.0
    Checking gemm-c32 v0.19.0
    Checking gemm-f32 v0.19.0
    Checking gemm-f64 v0.19.0
    Checking gemm v0.19.0
    Checking nano-gemm v0.2.2
    Checking faer v0.24.4
    Checking rodas5p-core v0.1.0 (/workspace/scratch/0dc1e721cf82/vigilode/crates/rodas5p-core)
    Finished `dev` profile [unoptimized + debuginfo] target(s) in 23.31s
