     Locking 93 packages to latest Rust 1.94.1 compatible versions
   Compiling num-traits v0.2.19
   Compiling num-complex v0.4.6
   Compiling pulp v0.22.3
   Compiling gemm-common v0.19.0
   Compiling syn v3.0.3
   Compiling serde_core v1.0.229
   Compiling nano-gemm-c32 v0.2.1
   Compiling nano-gemm-c64 v0.2.1
   Compiling gemm-c32 v0.19.0
   Compiling gemm-c64 v0.19.0
   Compiling gemm-f32 v0.19.0
   Compiling gemm-f64 v0.19.0
   Compiling qd v0.8.0
   Compiling faer-traits v0.24.0
   Compiling gemm v0.19.0
   Compiling nano-gemm v0.2.2
   Compiling thiserror-impl v2.0.19
   Compiling serde_derive v1.0.229
   Compiling serde_json v1.0.151
   Compiling serde v1.0.229
   Compiling thiserror v2.0.19
   Compiling faer v0.24.4
   Compiling rodas5p-core v0.1.0 (/workspace/scratch/0dc1e721cf82/vigilode/crates/rodas5p-core)
   Compiling rodas5p-integrators v0.1.0 (/workspace/scratch/0dc1e721cf82/vigilode/crates/rodas5p-integrators)
   Compiling rodas5p-krylov v0.1.0 (/workspace/scratch/0dc1e721cf82/vigilode/crates/rodas5p-krylov)
   Compiling vigilode-r4-time-probe v0.1.0 (/tmp/r4-time-i7xrok4x/probe)
    Finished `dev` profile [unoptimized + debuginfo] target(s) in 1m 14s
