a_kappa_that_does_not_bound_the_inverse_is_rejected: test
a_residual_bound_dominates_the_exact_residual: test
an_exact_upper_sum_is_not_bumped_by_one_ulp: test
canonical_plan_or_trace_hash_tampering_is_rejected: test
coefficient_bits_and_operator_preconditioner_bindings_are_verified: test
decision_driving_inputs_are_bound_by_the_provenance_digest: test
directed_add_and_multiply_are_correctly_rounded_upward: test
downward_rounded_product_and_sum_are_rejected: test
incomplete_or_final_only_residual_history_has_no_decision: test
isolated_feature_and_source_do_not_reference_prohibited_execution_surfaces: test
late_failure_retains_only_completed_stage_traces_and_work: test
max_arnoldi_equality_is_legal: test
max_arnoldi_exceeded_on_one_row_rejects_below_the_iteration_limit: test
missing_nonfinite_negative_and_inconsistent_fields_fail_closed: test
non_unit_norm_scale_is_rejected: test
norm_scale_cardinality_must_match_the_synthetic_dimension: test
overflowing_bounds_are_typed_rejections_without_a_decision: test
positive_underflowing_product_is_rounded_up_not_to_zero: test
receipt_readback_preserves_plan_trace_hashes_and_provenance: test
receipt_survives_a_serde_json_round_trip_structurally_and_canonically: test
restart_length_is_not_the_total_arnoldi_cap: test
safe_reject_is_recomputed_and_an_indeterminate_interval_is_not_admitted: test
stage_count_and_state_dimension_are_independent: test
strict_lower_fixture_recomputes_a_safe_accept: test

24 tests, 0 benchmarks
