
running 24 tests
test a_kappa_that_does_not_bound_the_inverse_is_rejected ... ok
test a_residual_bound_dominates_the_exact_residual ... ok
test an_exact_upper_sum_is_not_bumped_by_one_ulp ... ok
test canonical_plan_or_trace_hash_tampering_is_rejected ... ok
test coefficient_bits_and_operator_preconditioner_bindings_are_verified ... ok
test decision_driving_inputs_are_bound_by_the_provenance_digest ... ok
test directed_add_and_multiply_are_correctly_rounded_upward ... ok
test downward_rounded_product_and_sum_are_rejected ... ok
test incomplete_or_final_only_residual_history_has_no_decision ... ok
test isolated_feature_and_source_do_not_reference_prohibited_execution_surfaces ... ok
test late_failure_retains_only_completed_stage_traces_and_work ... ok
test max_arnoldi_equality_is_legal ... ok
test max_arnoldi_exceeded_on_one_row_rejects_below_the_iteration_limit ... ok
test missing_nonfinite_negative_and_inconsistent_fields_fail_closed ... ok
test non_unit_norm_scale_is_rejected ... ok
test norm_scale_cardinality_must_match_the_synthetic_dimension ... ok
test overflowing_bounds_are_typed_rejections_without_a_decision ... ok
test positive_underflowing_product_is_rounded_up_not_to_zero ... ok
test receipt_readback_preserves_plan_trace_hashes_and_provenance ... ok
test receipt_survives_a_serde_json_round_trip_structurally_and_canonically ... ok
test restart_length_is_not_the_total_arnoldi_cap ... ok
test safe_reject_is_recomputed_and_an_indeterminate_interval_is_not_admitted ... ok
test stage_count_and_state_dimension_are_independent ... ok
test strict_lower_fixture_recomputes_a_safe_accept ... ok

test result: ok. 24 passed; 0 failed; 0 ignored; 0 measured; 0 filtered out; finished in 0.01s

