adaptive_global_error_command_emits_current_family_report: test
early_defect_attempt_geometry_cli_is_threshold_free_and_machine_readable: test
early_flow_defect_fields_are_backward_compatible_and_legacy_rows_fail_closed: test
enforced_prefix_budget_cli_emits_transactional_fields: test
enforced_prefix_budget_cli_is_registered: test
generic_policy_redesign_actual_prefix_command_is_registered: test
generic_policy_redesign_atlas_command_is_registered: test
generic_policy_redesign_attempt_trace_command_is_registered: test
generic_policy_redesign_level2_prefix_command_is_registered: test
generic_q1_q2_adaptive_cli_emits_bounded_decision_report: test
generic_q1_q2_gate_is_deterministic_and_strictly_matrix_free: test
global_error_pareto_command_emits_deterministic_method_independent_report: test
homotopy_design_check_is_deterministic_and_exposes_required_screens: test
homotopy_experiment_screen_emits_deterministic_safety_and_control_rows: test
homotopy_order_policy_screen_is_deterministic_and_thread_count_independent: test
homotopy_path_controller_cli_is_deterministic_and_emits_schedule_telemetry: test
homotopy_rhs_telemetry_cli_is_deterministic_and_read_only: test
matrix_free_common_w_cli_emits_strict_jf_report: test
native_integrator_gates_command_emits_deterministic_bdf_and_radau_rows: test
stage_batch_feasibility_cli_emits_deterministic_within_step_report: test
stage_growth_safety_audit_cli_emits_explicit_budget_and_audit_fields: test
stage_growth_safety_cli_exposes_independent_calibration192_profile: test
tolerance_scaled_early_defect_cli_is_threshold_free_and_machine_readable: test
unified_candidate_screen_combines_linear_and_nonlinear_tiers: test
validate_trace_and_benchmark_commands_emit_machine_readable_artifacts: test

25 tests, 0 benchmarks
