adaptive::method_metadata_tests::rodas_controller_order_comes_from_method_estimator_metadata: test
audit2_stage_certificate_research::directed_rounding_tests::normal_quotients_are_rounded_upward_and_exact_ones_kept: test
audit2_stage_certificate_research::directed_rounding_tests::normal_square_roots_are_rounded_upward_and_exact_ones_kept: test
audit2_stage_certificate_research::directed_rounding_tests::subnormal_quotients_are_rounded_upward: test
audit2_stage_certificate_research::directed_rounding_tests::subnormal_square_roots_are_rounded_upward: test
common_w_gate::tests::smoke_matrix_free_solutions_match_offline_materialized_direct_oracle: test
comparator_fidelity::tests::only_production_arms_admit_a_relative_reading: test
dense_output_v2::failure_preservation_tests::post_work_dense_interpolation_error_preserves_work_diagnostics_and_prefix: test
exponential::continuation_budget_guard_tests::continuation_cap_admits_exactly_eighty_scalars_and_denies_jvp_81_before_call: test
exponential::continuation_budget_guard_tests::invalid_row_shape_is_rejected_before_budget_reservation: test
exponential::continuation_budget_guard_tests::over_cap_row_batch_is_denied_atomically_without_partial_execution: test
exponential::continuation_budget_guard_tests::zero_continuation_budget_invokes_no_underlying_jvp: test
g4_s5b0_regime_atlas::analytic_partial_t_tests::analytic_partial_t_matches_independent_centered_difference_without_rhs_calls: test
g4_s5b0_regime_atlas::causal_k1_policy_tests::causal_k1_comparator_fires_only_on_observed_feature: test
g4_s5b0_regime_atlas::live_rodas_step_tests::live_atlas_step_uses_wrms_inner_forcing: test
g4_s5b0_regime_atlas::reference_safety_label_tests::self_estimate_and_reference_label_are_independent_fields: test
g4_s5b0_regime_atlas::stage_trajectory_geometry_tests::one_pair_wall_protocol_is_self_describing_and_identity_checked: test
g4_s5b0_regime_atlas::stage_trajectory_geometry_tests::production_shadow_wall_protocol_is_frozen_and_alternating: test
g4_s5b0_regime_atlas::stage_trajectory_geometry_tests::stage_trajectory_shape_matches_power_law_and_rejects_nonpositive_inputs: test
g4_s5b0_regime_atlas::stage_trajectory_geometry_tests::v37_outcome_semantics_reject_crossed_labels_flags_and_endpoint_evidence: test
g4_s5b0_regime_atlas::stage_trajectory_geometry_tests::v37_zero_cap_runner_emits_charged_exhaustions_without_endpoint_labels: test
g4_s5b0_regime_atlas::trajectory_work_accounting_tests::trajectory_totals_charge_every_attempt: test
radau::tests::real_eigenvector_matches_the_scipy_transform_column: test
radau::tests::stage_lu_estimator_drops_exactly_one_factorization_per_trial: test
sequential::forcing_resolution_tests::the_last_pass_is_judged_against_the_limit_of_its_own_estimate: test
transactional_q1_q2::tests::multi_row_failure_retains_later_row_shifted_work: test
unified_gates::qualification_tests::every_above_roundoff_order_must_meet_the_floor: test
unified_gates::qualification_tests::gate_against_a_reference_only_comparator_is_not_evaluated: test
unified_gates::qualification_tests::iterative_sequential_order_rows_survive_roundoff_level_refinement: test
unified_gates::qualification_tests::qualification_order_ignores_a_roundoff_contaminated_finest_pair: test
unified_gates::qualification_tests::qualification_order_keeps_the_finest_pair_when_it_is_above_roundoff: test

31 tests, 0 benchmarks
