   Compiling rodas5p-fair-ab v0.1.0 (/mnt/data/GVJF_V35_WORK_20260819/repo/crates/rodas5p-fair-ab)
   Compiling rodas5p-cli v0.1.0 (/mnt/data/GVJF_V35_WORK_20260819/repo/crates/rodas5p-cli)
   Compiling rodas5p-integrators v0.1.0 (/mnt/data/GVJF_V35_WORK_20260819/repo/crates/rodas5p-integrators)
   Compiling rodas5p-krylov v0.1.0 (/mnt/data/GVJF_V35_WORK_20260819/repo/crates/rodas5p-krylov)
   Compiling rodas5p-core v0.1.0 (/mnt/data/GVJF_V35_WORK_20260819/repo/crates/rodas5p-core)
    Finished `test` profile [unoptimized + debuginfo] target(s) in 20.61s
     Running unittests src/main.rs (target/debug/deps/rodas5p-623c9cc285375a73)

running 4 tests
test unified_assessment_tests::linear_candidate_id_covers_every_strict_cell ... ok
test unified_assessment_tests::nonlinear_batch_depth_advantage_does_not_replace_wall_speedup ... ok
test unified_assessment_tests::tier_l_promotion_requires_the_locked_fifteen_percent_wall_speedup ... ok
test unified_assessment_tests::document_status_exposes_uncertified_reference_rows ... ok

test result: ok. 4 passed; 0 failed; 0 ignored; 0 measured; 0 filtered out; finished in 0.01s

     Running unittests src/bin/allocation_audit.rs (target/debug/deps/rodas5p_allocation_audit-776f0e7fb22a042f)

running 0 tests

test result: ok. 0 passed; 0 failed; 0 ignored; 0 measured; 0 filtered out; finished in 0.00s

     Running tests/allocation_cli_contracts.rs (target/debug/deps/allocation_cli_contracts-500cd50f791b0055)

running 1 test
test allocation_audit_reports_end_to_end_solver_allocations_and_work ... ok

test result: ok. 1 passed; 0 failed; 0 ignored; 0 measured; 0 filtered out; finished in 1.47s

     Running tests/cli_contracts.rs (target/debug/deps/cli_contracts-4023c0244c1fbfc9)

running 25 tests
test early_flow_defect_fields_are_backward_compatible_and_legacy_rows_fail_closed ... ok
test enforced_prefix_budget_cli_is_registered ... ok
test generic_policy_redesign_actual_prefix_command_is_registered ... ok
test generic_policy_redesign_atlas_command_is_registered ... ok
test generic_policy_redesign_attempt_trace_command_is_registered ... ok
test generic_policy_redesign_level2_prefix_command_is_registered ... ok
test adaptive_global_error_command_emits_current_family_report ... ok
test generic_q1_q2_adaptive_cli_emits_bounded_decision_report ... ok
test generic_q1_q2_gate_is_deterministic_and_strictly_matrix_free ... ok
test homotopy_design_check_is_deterministic_and_exposes_required_screens ... ok
test early_defect_attempt_geometry_cli_is_threshold_free_and_machine_readable ... ok
test global_error_pareto_command_emits_deterministic_method_independent_report ... ok
test enforced_prefix_budget_cli_emits_transactional_fields ... ok
test homotopy_path_controller_cli_is_deterministic_and_emits_schedule_telemetry ... ok
test homotopy_experiment_screen_emits_deterministic_safety_and_control_rows ... ok
test native_integrator_gates_command_emits_deterministic_bdf_and_radau_rows ... ok
test homotopy_rhs_telemetry_cli_is_deterministic_and_read_only ... ok
test stage_batch_feasibility_cli_emits_deterministic_within_step_report ... ok
test stage_growth_safety_cli_exposes_independent_calibration192_profile ... ok
test tolerance_scaled_early_defect_cli_is_threshold_free_and_machine_readable ... ok
test stage_growth_safety_audit_cli_emits_explicit_budget_and_audit_fields ... ok
test validate_trace_and_benchmark_commands_emit_machine_readable_artifacts ... ok
